Archive member included because of file (symbol)

.\CortexM0\ARM_GCC_493\Debug\capsenseled.a(cyfitter_cfg.o)
                              .\CortexM0\ARM_GCC_493\Debug\Cm0Start.o (cyfitter_cfg)
.\CortexM0\ARM_GCC_493\Debug\capsenseled.a(red.o)
                              .\CortexM0\ARM_GCC_493\Debug\main.o (red_Write)
.\CortexM0\ARM_GCC_493\Debug\capsenseled.a(capsense.o)
                              .\CortexM0\ARM_GCC_493\Debug\main.o (capsense_IsBusy)
.\CortexM0\ARM_GCC_493\Debug\capsenseled.a(capsense_CSHL.o)
                              .\CortexM0\ARM_GCC_493\Debug\main.o (capsense_InitializeEnabledBaselines)
.\CortexM0\ARM_GCC_493\Debug\capsenseled.a(capsense_INT.o)
                              .\CortexM0\ARM_GCC_493\Debug\capsenseled.a(capsense.o) (capsense_ISR)
.\CortexM0\ARM_GCC_493\Debug\capsenseled.a(capsense_SMS.o)
                              .\CortexM0\ARM_GCC_493\Debug\capsenseled.a(capsense_CSHL.o) (capsense_UpdateThresholds)
.\CortexM0\ARM_GCC_493\Debug\capsenseled.a(ble.o)
                              .\CortexM0\ARM_GCC_493\Debug\main.o (CyBle_Start)
.\CortexM0\ARM_GCC_493\Debug\capsenseled.a(ble_gatt.o)
                              .\CortexM0\ARM_GCC_493\Debug\main.o (cyBle_state)
.\CortexM0\ARM_GCC_493\Debug\capsenseled.a(ble_eventHandler.o)
                              .\CortexM0\ARM_GCC_493\Debug\main.o (cyBle_connHandle)
.\CortexM0\ARM_GCC_493\Debug\capsenseled.a(ble_custom.o)
                              .\CortexM0\ARM_GCC_493\Debug\capsenseled.a(ble.o) (CyBle_CustomInit)
.\CortexM0\ARM_GCC_493\Debug\capsenseled.a(pwm.o)
                              .\CortexM0\ARM_GCC_493\Debug\main.o (pwm_Stop)
.\CortexM0\ARM_GCC_493\Debug\capsenseled.a(capsense_SampleClk.o)
                              .\CortexM0\ARM_GCC_493\Debug\capsenseled.a(capsense.o) (capsense_SampleClk_StartEx)
.\CortexM0\ARM_GCC_493\Debug\capsenseled.a(capsense_SenseClk.o)
                              .\CortexM0\ARM_GCC_493\Debug\capsenseled.a(capsense.o) (capsense_SenseClk_StartEx)
.\CortexM0\ARM_GCC_493\Debug\capsenseled.a(CyLib.o)
                              .\CortexM0\ARM_GCC_493\Debug\capsenseled.a(cyfitter_cfg.o) (CySysClkWriteImoFreq)
.\CortexM0\ARM_GCC_493\Debug\capsenseled.a(CyLFClk.o)
                              .\CortexM0\ARM_GCC_493\Debug\capsenseled.a(cyfitter_cfg.o) (CySysClkWcoStart)
.\CortexM0\ARM_GCC_493\Debug\capsenseled.a(Pin_l293_IC1_EN_12.o)
                              .\CortexM0\ARM_GCC_493\Debug\main.o (Pin_l293_IC1_EN_12_Write)
.\CortexM0\ARM_GCC_493\Debug\capsenseled.a(Pin_l293_IC1_EN_34.o)
                              .\CortexM0\ARM_GCC_493\Debug\main.o (Pin_l293_IC1_EN_34_Write)
.\CortexM0\ARM_GCC_493\Debug\capsenseled.a(Pin_l293_IC2_EN_12.o)
                              .\CortexM0\ARM_GCC_493\Debug\main.o (Pin_l293_IC2_EN_12_Write)
.\CortexM0\ARM_GCC_493\Debug\capsenseled.a(Pin_l293_IC2_EN_34.o)
                              .\CortexM0\ARM_GCC_493\Debug\main.o (Pin_l293_IC2_EN_34_Write)
.\CortexM0\ARM_GCC_493\Debug\capsenseled.a(Pin_OE.o)
                              .\CortexM0\ARM_GCC_493\Debug\dc_motor_library.o (Pin_OE_Write)
.\CortexM0\ARM_GCC_493\Debug\capsenseled.a(Pin_RCLK.o)
                              .\CortexM0\ARM_GCC_493\Debug\dc_motor_library.o (Pin_RCLK_Write)
.\CortexM0\ARM_GCC_493\Debug\capsenseled.a(Pin_SRCLK.o)
                              .\CortexM0\ARM_GCC_493\Debug\dc_motor_library.o (Pin_SRCLK_Write)
.\CortexM0\ARM_GCC_493\Debug\capsenseled.a(Pin_SER.o)
                              .\CortexM0\ARM_GCC_493\Debug\dc_motor_library.o (Pin_SER_Write)
.\CortexM0\ARM_GCC_493\Debug\capsenseled.a(green.o)
                              .\CortexM0\ARM_GCC_493\Debug\main.o (green_Write)
.\CortexM0\ARM_GCC_493\Debug\capsenseled.a(CyBootAsmGnu.o)
                              .\CortexM0\ARM_GCC_493\Debug\capsenseled.a(cyfitter_cfg.o) (CyDelayCycles)
C:\Program Files (x86)\Cypress\PSoC Creator\4.0\PSoC Creator\psoc\content\cycomponentlibrary\CyComponentLibrary.cylib\BLE_v2_30\Library\gccCyBLEStack_BLE_SOC_PERIPHERAL.a(CyBle.o)
                              .\CortexM0\ARM_GCC_493\Debug\main.o (CyBle_EnterLPM)
C:\Program Files (x86)\Cypress\PSoC Creator\4.0\PSoC Creator\psoc\content\cycomponentlibrary\CyComponentLibrary.cylib\BLE_v2_30\Library\gccCyBLEStack_BLE_SOC_PERIPHERAL.a(CyBleStackMgrIP_Interface.o)
                              C:\Program Files (x86)\Cypress\PSoC Creator\4.0\PSoC Creator\psoc\content\cycomponentlibrary\CyComponentLibrary.cylib\BLE_v2_30\Library\gccCyBLEStack_BLE_SOC_PERIPHERAL.a(CyBle.o) (CyBleStackMgr_Init)
C:\Program Files (x86)\Cypress\PSoC Creator\4.0\PSoC Creator\psoc\content\cycomponentlibrary\CyComponentLibrary.cylib\BLE_v2_30\Library\gccCyBLEStack_BLE_SOC_PERIPHERAL.a(BT_os.o)
                              C:\Program Files (x86)\Cypress\PSoC Creator\4.0\PSoC Creator\psoc\content\cycomponentlibrary\CyComponentLibrary.cylib\BLE_v2_30\Library\gccCyBLEStack_BLE_SOC_PERIPHERAL.a(CyBleStackMgrIP_Interface.o) (cyBleStackMemoryConfig)
[...]
Memory Configuration

Name             Origin             Length             Attributes
rom              0x00000000         0x00020000         xr
ram              0x20000000         0x00004000         xrw
*default*        0x00000000         0xffffffff

Linker script and memory map

LOAD c:/program files (x86)/cypress/psoc creator/4.0/psoc creator/import/gnu/arm/4.9.3/bin/../lib/gcc/arm-none-eabi/4.9.3/armv6-m/crti.o
LOAD c:/program files (x86)/cypress/psoc creator/4.0/psoc creator/import/gnu/arm/4.9.3/bin/../lib/gcc/arm-none-eabi/4.9.3/armv6-m/crtbegin.o
LOAD c:/program files (x86)/cypress/psoc creator/4.0/psoc creator/import/gnu/arm/4.9.3/bin/../lib/gcc/arm-none-eabi/4.9.3/../../../../arm-none-eabi/lib/armv6-m/crt0.o
START GROUP
LOAD .\CortexM0\ARM_GCC_493\Debug\main.o
LOAD .\CortexM0\ARM_GCC_493\Debug\dc_motor_library.o
LOAD .\CortexM0\ARM_GCC_493\Debug\cymetadata.o
LOAD .\CortexM0\ARM_GCC_493\Debug\Cm0Start.o
LOAD .\CortexM0\ARM_GCC_493\Debug\capsenseled.a
LOAD C:\Program Files (x86)\Cypress\PSoC Creator\4.0\PSoC Creator\psoc\content\cycomponentlibrary\CyComponentLibrary.cylib\BLE_v2_30\Library\gccCyBLEStack_BLE_SOC_PERIPHERAL.a
LOAD C:\Program Files (x86)\Cypress\PSoC Creator\4.0\PSoC Creator\psoc\content\cycomponentlibrary\CyComponentLibrary.cylib\CapSense_CSD_P4_v2_30\PSoC4\Library\CapsenseP4Library_GCC.a
LOAD C:\Program Files (x86)\Cypress\PSoC Creator\4.0\PSoC Creator\psoc\content\cycomponentlibrary\CyComponentLibrary.cylib\CortexM0\ARM_GCC_493\Debug\CyComponentLibrary.a
END GROUP
START GROUP
LOAD c:/program files (x86)/cypress/psoc creator/4.0/psoc creator/import/gnu/arm/4.9.3/bin/../lib/gcc/arm-none-eabi/4.9.3/armv6-m\libgcc.a
LOAD c:/program files (x86)/cypress/psoc creator/4.0/psoc creator/import/gnu/arm/4.9.3/bin/../lib/gcc/arm-none-eabi/4.9.3/../../../../arm-none-eabi/lib/armv6-m\libg_nano.a
LOAD c:/program files (x86)/cypress/psoc creator/4.0/psoc creator/import/gnu/arm/4.9.3/bin/../lib/gcc/arm-none-eabi/4.9.3/../../../../arm-none-eabi/lib/armv6-m\libc_nano.a
END GROUP
START GROUP
LOAD c:/program files (x86)/cypress/psoc creator/4.0/psoc creator/import/gnu/arm/4.9.3/bin/../lib/gcc/arm-none-eabi/4.9.3/armv6-m\libgcc.a
LOAD c:/program files (x86)/cypress/psoc creator/4.0/psoc creator/import/gnu/arm/4.9.3/bin/../lib/gcc/arm-none-eabi/4.9.3/../../../../arm-none-eabi/lib/armv6-m\libc_nano.a
END GROUP
LOAD c:/program files (x86)/cypress/psoc creator/4.0/psoc creator/import/gnu/arm/4.9.3/bin/../lib/gcc/arm-none-eabi/4.9.3/armv6-m/crtend.o
LOAD c:/program files (x86)/cypress/psoc creator/4.0/psoc creator/import/gnu/arm/4.9.3/bin/../lib/gcc/arm-none-eabi/4.9.3/armv6-m/crtn.o
START GROUP
LOAD c:/program files (x86)/cypress/psoc creator/4.0/psoc creator/import/gnu/arm/4.9.3/bin/../lib/gcc/arm-none-eabi/4.9.3/armv6-m\libgcc.a
LOAD c:/program files (x86)/cypress/psoc creator/4.0/psoc creator/import/gnu/arm/4.9.3/bin/../lib/gcc/arm-none-eabi/4.9.3/../../../../arm-none-eabi/lib/armv6-m\libc.a
LOAD c:/program files (x86)/cypress/psoc creator/4.0/psoc creator/import/gnu/arm/4.9.3/bin/../lib/gcc/arm-none-eabi/4.9.3/../../../../arm-none-eabi/lib/armv6-m\libnosys.a
END GROUP
                0x00000000                CY_APPL_ORIGIN = 0x0
                0x00000080                CY_FLASH_ROW_SIZE = 0x80
                0x00000001                CY_APPL_NUM = 0x1
                0x00000001                CY_APPL_MAX = 0x1
                0x00000040                CY_METADATA_SIZE = 0x40
                0x00000000                CY_APPL_LOADABLE = 0x0
                0x00000000                CY_CHECKSUM_EXCLUDE_SIZE = ALIGN (0x0, CY_FLASH_ROW_SIZE)
                0x00000000                CY_APP_FOR_STACK_AND_COPIER = 0x0
                0x20001f70                PROVIDE (__cy_heap_start, _end)
                0x00000001                PROVIDE (__cy_region_num, ((__cy_regions_end - __cy_regions) / 0x10))
                0x20004000                PROVIDE (__cy_stack, (ORIGIN (ram) + 0x4000))
                0x20003800                PROVIDE (__cy_heap_end, (__cy_stack - 0x800))

.cybootloader   0x00000000        0x0
 *(.cybootloader)
                0x00000000                appl1_start = CY_APPL_ORIGIN?CY_APPL_ORIGIN:ALIGN (CY_FLASH_ROW_SIZE)
                0x0000ff80                appl2_start = (appl1_start + ALIGN ((((0x20000 - appl1_start) - (0x2 * CY_FLASH_ROW_SIZE)) / 0x2), CY_FLASH_ROW_SIZE))
                0x00000000                appl_start = (CY_APPL_NUM == 0x1)?appl1_start:appl2_start
                0x00000001                cy_project_type_bootloader = (appl_start == 0x0)?0x1:0x0
                0x00000000                cy_project_type_app_for_stack_and_copier = (CY_APP_FOR_STACK_AND_COPIER == 0x1)?0x1:0x0

.text           0x00000000     0x2544
 CREATE_OBJECT_SYMBOLS
                0x00000000                PROVIDE (__cy_interrupt_vector, RomVectors)
 *(.romvectors)
 .romvectors    0x00000000       0x10 .\CortexM0\ARM_GCC_493\Debug\Cm0Start.o
                0x00000000                RomVectors
                0x00000001                ASSERT ((. != __cy_interrupt_vector), No interrupt vector)
                0x00000001                ASSERT (CY_APPL_ORIGIN?(SIZEOF (.cybootloader) <= CY_APPL_ORIGIN):0x1, Wrong image location)
                0x00000010                PROVIDE (__cy_reset, Reset)
 *(.text.Reset)
 .text.Reset    0x00000010        0x8 .\CortexM0\ARM_GCC_493\Debug\Cm0Start.o
                0x00000010                Reset
                0x00000001                ASSERT ((. != __cy_reset), No reset code)
 *(.psocinit)
 .psocinit      0x00000018      0x258 .\CortexM0\ARM_GCC_493\Debug\capsenseled.a(cyfitter_cfg.o)
                0x0000012c                cyfitter_cfg
                0x00000270                . = MAX (., 0x100)
 *(.text .text.* .gnu.linkonce.t.*)
 .text          0x00000270       0x60 c:/program files (x86)/cypress/psoc creator/4.0/psoc creator/import/gnu/arm/4.9.3/bin/../lib/gcc/arm-none-eabi/4.9.3/armv6-m/crtbegin.o
 .text.updateLed
                0x000002d0       0x3c .\CortexM0\ARM_GCC_493\Debug\main.o
                0x000002d0                updateLed
 .text.updateGreenLed
                0x0000030c       0x3c .\CortexM0\ARM_GCC_493\Debug\main.o
                0x0000030c                updateGreenLed
 .text.updateDirection
                0x00000348       0x2c .\CortexM0\ARM_GCC_493\Debug\main.o
                0x00000348                updateDirection
 .text.updateBothMotors
                0x00000374       0x2c .\CortexM0\ARM_GCC_493\Debug\main.o
                0x00000374                updateBothMotors
 .text.updateCapsense
                0x000003a0       0x60 .\CortexM0\ARM_GCC_493\Debug\main.o
                0x000003a0                updateCapsense
 .text.BleCallBack
                0x00000400      0x234 .\CortexM0\ARM_GCC_493\Debug\main.o
                0x00000400                BleCallBack
 .text.main     0x00000634       0x60 .\CortexM0\ARM_GCC_493\Debug\main.o
                0x00000634                main
 .text.writeShiftRegisters
                0x00000694       0x54 .\CortexM0\ARM_GCC_493\Debug\dc_motor_library.o
                0x00000694                writeShiftRegisters
 .text.IntDefaultHandler
                0x000006e8        0x4 .\CortexM0\ARM_GCC_493\Debug\Cm0Start.o
                0x000006e8                IntDefaultHandler
 .text.Start_c  0x000006ec       0x48 .\CortexM0\ARM_GCC_493\Debug\Cm0Start.o
                0x000006ec                Start_c
 .text.initialize_psoc
                0x00000734       0x54 .\CortexM0\ARM_GCC_493\Debug\Cm0Start.o
                0x00000734                initialize_psoc
 .text.cfg_write_bytes32
                0x00000788       0x34 .\CortexM0\ARM_GCC_493\Debug\capsenseled.a(cyfitter_cfg.o)
 .text.CYMEMZERO
                0x000007bc        0xc .\CortexM0\ARM_GCC_493\Debug\capsenseled.a(cyfitter_cfg.o)
 .text.SetAnalogRoutingPumps
                0x000007c8       0x40 .\CortexM0\ARM_GCC_493\Debug\capsenseled.a(cyfitter_cfg.o)
                0x000007c8                SetAnalogRoutingPumps
 .text.AnalogSetDefault
                0x00000808       0x28 .\CortexM0\ARM_GCC_493\Debug\capsenseled.a(cyfitter_cfg.o)
 .text.red_Write
                0x00000830       0x18 .\CortexM0\ARM_GCC_493\Debug\capsenseled.a(red.o)
                0x00000830                red_Write
 .text.red_Read
                0x00000848       0x10 .\CortexM0\ARM_GCC_493\Debug\capsenseled.a(red.o)
                0x00000848                red_Read
 .text.capsense_CsdHwBlockInit
                0x00000858       0x80 .\CortexM0\ARM_GCC_493\Debug\capsenseled.a(capsense.o)
                0x00000858                capsense_CsdHwBlockInit
 .text.capsense_Enable
                0x000008d8       0x40 .\CortexM0\ARM_GCC_493\Debug\capsenseled.a(capsense.o)
                0x000008d8                capsense_Enable
 .text.capsense_IsBusy
                0x00000918       0x10 .\CortexM0\ARM_GCC_493\Debug\capsenseled.a(capsense.o)
                0x00000918                capsense_IsBusy
 .text.capsense_ReadSensorRaw
                0x00000928       0x10 .\CortexM0\ARM_GCC_493\Debug\capsenseled.a(capsense.o)
                0x00000928                capsense_ReadSensorRaw
 .text.capsense_EnableSensor
                0x00000938       0x48 .\CortexM0\ARM_GCC_493\Debug\capsenseled.a(capsense.o)
                0x00000938                capsense_EnableSensor
 .text.capsense_DisableSensor
                0x00000980       0x70 .\CortexM0\ARM_GCC_493\Debug\capsenseled.a(capsense.o)
                0x00000980                capsense_DisableSensor
 .text.capsense_ClearSensors
                0x000009f0       0x14 .\CortexM0\ARM_GCC_493\Debug\capsenseled.a(capsense.o)
                0x000009f0                capsense_ClearSensors
 .text.capsense_SetShieldDelay
                0x00000a04       0x14 .\CortexM0\ARM_GCC_493\Debug\capsenseled.a(capsense.o)
                0x00000a04                capsense_SetShieldDelay
 .text.capsense_Init
                0x00000a18       0x28 .\CortexM0\ARM_GCC_493\Debug\capsenseled.a(capsense.o)
                0x00000a18                capsense_Init
 .text.capsense_Start
                0x00000a40       0x38 .\CortexM0\ARM_GCC_493\Debug\capsenseled.a(capsense.o)
                0x00000a40                capsense_Start
 .text.capsense_GetBitValue
                0x00000a78       0x1c .\CortexM0\ARM_GCC_493\Debug\capsenseled.a(capsense.o)
                0x00000a78                capsense_GetBitValue
 .text.capsense_FindNextSensor
                0x00000a94       0x24 .\CortexM0\ARM_GCC_493\Debug\capsenseled.a(capsense.o)
                0x00000a94                capsense_FindNextSensor
 .text.capsense_PreScan
                0x00000ab8      0x10c .\CortexM0\ARM_GCC_493\Debug\capsenseled.a(capsense.o)
                0x00000ab8                capsense_PreScan
 .text.capsense_ScanSensor
                0x00000bc4       0x1c .\CortexM0\ARM_GCC_493\Debug\capsenseled.a(capsense.o)
                0x00000bc4                capsense_ScanSensor
 .text.capsense_ScanEnabledWidgets
                0x00000be0       0x34 .\CortexM0\ARM_GCC_493\Debug\capsenseled.a(capsense.o)
                0x00000be0                capsense_ScanEnabledWidgets
 .text.capsense_PostScan
                0x00000c14       0x8c .\CortexM0\ARM_GCC_493\Debug\capsenseled.a(capsense.o)
                0x00000c14                capsense_PostScan
 .text.capsense_SetBitValue
                0x00000ca0       0x28 .\CortexM0\ARM_GCC_493\Debug\capsenseled.a(capsense.o)
                0x00000ca0                capsense_SetBitValue
 .text.capsense_GetSensorRaw
                0x00000cc8       0x2c .\CortexM0\ARM_GCC_493\Debug\capsenseled.a(capsense.o)
                0x00000cc8                capsense_GetSensorRaw
 .text.capsense_NormalizeWidgets
                0x00000cf4       0x40 .\CortexM0\ARM_GCC_493\Debug\capsenseled.a(capsense.o)
                0x00000cf4                capsense_NormalizeWidgets
 .text.capsense_BaseInit
                0x00000d34       0x24 .\CortexM0\ARM_GCC_493\Debug\capsenseled.a(capsense_CSHL.o)
                0x00000d34                capsense_BaseInit
 .text.capsense_InitializeEnabledBaselines
                0x00000d58       0x30 .\CortexM0\ARM_GCC_493\Debug\capsenseled.a(capsense_CSHL.o)
                0x00000d58                capsense_InitializeEnabledBaselines
 .text.capsense_FindMaximum
                0x00000d88       0x2c .\CortexM0\ARM_GCC_493\Debug\capsenseled.a(capsense_CSHL.o)
                0x00000d88                capsense_FindMaximum
 .text.capsense_CalcCentroid
                0x00000db4       0xe4 .\CortexM0\ARM_GCC_493\Debug\capsenseled.a(capsense_CSHL.o)
                0x00000db4                capsense_CalcCentroid
 .text.capsense_IIR4Filter
                0x00000e98        0xc .\CortexM0\ARM_GCC_493\Debug\capsenseled.a(capsense_CSHL.o)
                0x00000e98                capsense_IIR4Filter
 .text.capsense_UpdateBaselineNoThreshold
                0x00000ea4      0x11c .\CortexM0\ARM_GCC_493\Debug\capsenseled.a(capsense_CSHL.o)
                0x00000ea4                capsense_UpdateBaselineNoThreshold
 .text.capsense_UpdateSensorBaseline
                0x00000fc0       0x10 .\CortexM0\ARM_GCC_493\Debug\capsenseled.a(capsense_CSHL.o)
                0x00000fc0                capsense_UpdateSensorBaseline
 .text.capsense_UpdateEnabledBaselines
                0x00000fd0       0x24 .\CortexM0\ARM_GCC_493\Debug\capsenseled.a(capsense_CSHL.o)
                0x00000fd0                capsense_UpdateEnabledBaselines
 .text.capsense_GetCentroidPos
                0x00000ff4       0x7c .\CortexM0\ARM_GCC_493\Debug\capsenseled.a(capsense_CSHL.o)
                0x00000ff4                capsense_GetCentroidPos
 .text.capsense_ISR
                0x00001070       0x9c .\CortexM0\ARM_GCC_493\Debug\capsenseled.a(capsense_INT.o)
                0x00001070                capsense_ISR
 .text.capsense_UpdateThresholds
                0x0000110c       0x74 .\CortexM0\ARM_GCC_493\Debug\capsenseled.a(capsense_SMS.o)
                0x0000110c                capsense_UpdateThresholds
 .text.capsense_SetAnalogSwitchesSrcDirect
                0x00001180       0x10 .\CortexM0\ARM_GCC_493\Debug\capsenseled.a(capsense_SMS.o)
                0x00001180                capsense_SetAnalogSwitchesSrcDirect
 .text.capsense_DisableBaselineIDAC
                0x00001190       0x1c .\CortexM0\ARM_GCC_493\Debug\capsenseled.a(capsense_SMS.o)
                0x00001190                capsense_DisableBaselineIDAC
 .text.capsense_EnableBaselineIDAC
                0x000011ac       0x50 .\CortexM0\ARM_GCC_493\Debug\capsenseled.a(capsense_SMS.o)
                0x000011ac                capsense_EnableBaselineIDAC
 .text.capsense_AutoTune
                0x000011fc       0xbc .\CortexM0\ARM_GCC_493\Debug\capsenseled.a(capsense_SMS.o)
                0x000011fc                capsense_AutoTune
 .text.CyBle_ServiceInit
                0x000012b8        0x8 .\CortexM0\ARM_GCC_493\Debug\capsenseled.a(ble.o)
                0x000012b8                CyBle_ServiceInit
 .text.CyBle_Init
                0x000012c0       0x34 .\CortexM0\ARM_GCC_493\Debug\capsenseled.a(ble.o)
                0x000012c0                CyBle_Init
 .text.CyBle_Start
                0x000012f4       0x88 .\CortexM0\ARM_GCC_493\Debug\capsenseled.a(ble.o)
                0x000012f4                CyBle_Start
 .text.CyBle_GappStartAdvertisement
                0x0000137c       0x84 .\CortexM0\ARM_GCC_493\Debug\capsenseled.a(ble.o)
                0x0000137c                CyBle_GappStartAdvertisement
 .text.CyBle_ChangeAdDeviceAddress
                0x00001400        0x4 .\CortexM0\ARM_GCC_493\Debug\capsenseled.a(ble.o)
                0x00001400                CyBle_ChangeAdDeviceAddress
 .text.CyBle_Get16ByPtr
                0x00001404        0xc .\CortexM0\ARM_GCC_493\Debug\capsenseled.a(ble.o)
                0x00001404                CyBle_Get16ByPtr
 .text.CyBle_GattsWriteEventHandler
                0x00001410       0x58 .\CortexM0\ARM_GCC_493\Debug\capsenseled.a(ble_gatt.o)
                0x00001410                CyBle_GattsWriteEventHandler
 .text.CyBle_GattDisconnectEventHandler
                0x00001468       0x10 .\CortexM0\ARM_GCC_493\Debug\capsenseled.a(ble_eventHandler.o)
 .text.CyBle_IsDeviceAddressValid
                0x00001478       0x24 .\CortexM0\ARM_GCC_493\Debug\capsenseled.a(ble_eventHandler.o)
 .text.CyBle_WriteReqHandler
                0x0000149c       0x38 .\CortexM0\ARM_GCC_493\Debug\capsenseled.a(ble_eventHandler.o)
 .text.CyBle_EventHandler
                0x000014d4      0x210 .\CortexM0\ARM_GCC_493\Debug\capsenseled.a(ble_eventHandler.o)
                0x000014d4                CyBle_EventHandler
 .text.CyBle_CustomInit
                0x000016e4        0x4 .\CortexM0\ARM_GCC_493\Debug\capsenseled.a(ble_custom.o)
                0x000016e4                CyBle_CustomInit
 .text.pwm_Enable
                0x000016e8       0x10 .\CortexM0\ARM_GCC_493\Debug\capsenseled.a(pwm.o)
                0x000016e8                pwm_Enable
 .text.pwm_Stop
                0x000016f8       0x10 .\CortexM0\ARM_GCC_493\Debug\capsenseled.a(pwm.o)
                0x000016f8                pwm_Stop
 .text.pwm_WriteCounter
                0x00001708        0xc .\CortexM0\ARM_GCC_493\Debug\capsenseled.a(pwm.o)
                0x00001708                pwm_WriteCounter
 .text.pwm_WritePeriod
                0x00001714        0xc .\CortexM0\ARM_GCC_493\Debug\capsenseled.a(pwm.o)
                0x00001714                pwm_WritePeriod
 .text.pwm_WriteCompare
                0x00001720        0xc .\CortexM0\ARM_GCC_493\Debug\capsenseled.a(pwm.o)
                0x00001720                pwm_WriteCompare
 .text.pwm_SetInterruptMode
                0x0000172c        0xc .\CortexM0\ARM_GCC_493\Debug\capsenseled.a(pwm.o)
                0x0000172c                pwm_SetInterruptMode
 .text.pwm_ReadStatusRegister
                0x00001738        0xc .\CortexM0\ARM_GCC_493\Debug\capsenseled.a(pwm.o)
                0x00001738                pwm_ReadStatusRegister
 .text.pwm_ReadCapture
                0x00001744        0xc .\CortexM0\ARM_GCC_493\Debug\capsenseled.a(pwm.o)
                0x00001744                pwm_ReadCapture
 .text.pwm_ClearFIFO
                0x00001750       0x14 .\CortexM0\ARM_GCC_493\Debug\capsenseled.a(pwm.o)
                0x00001750                pwm_ClearFIFO
 .text.pwm_Init
                0x00001764       0x50 .\CortexM0\ARM_GCC_493\Debug\capsenseled.a(pwm.o)
                0x00001764                pwm_Init
 .text.pwm_Start
                0x000017b4       0x20 .\CortexM0\ARM_GCC_493\Debug\capsenseled.a(pwm.o)
                0x000017b4                pwm_Start
 .text.capsense_SampleClk_StartEx
                0x000017d4       0x1c .\CortexM0\ARM_GCC_493\Debug\capsenseled.a(capsense_SampleClk.o)
                0x000017d4                capsense_SampleClk_StartEx
 .text.capsense_SampleClk_Stop
                0x000017f0       0x18 .\CortexM0\ARM_GCC_493\Debug\capsenseled.a(capsense_SampleClk.o)
                0x000017f0                capsense_SampleClk_Stop
 .text.capsense_SampleClk_SetFractionalDividerRegister
                0x00001808       0x20 .\CortexM0\ARM_GCC_493\Debug\capsenseled.a(capsense_SampleClk.o)
                0x00001808                capsense_SampleClk_SetFractionalDividerRegister
 .text.capsense_SenseClk_StartEx
                0x00001828       0x1c .\CortexM0\ARM_GCC_493\Debug\capsenseled.a(capsense_SenseClk.o)
                0x00001828                capsense_SenseClk_StartEx
 .text.capsense_SenseClk_Stop
                0x00001844       0x18 .\CortexM0\ARM_GCC_493\Debug\capsenseled.a(capsense_SenseClk.o)
                0x00001844                capsense_SenseClk_Stop
 .text.capsense_SenseClk_SetFractionalDividerRegister
                0x0000185c       0x20 .\CortexM0\ARM_GCC_493\Debug\capsenseled.a(capsense_SenseClk.o)
                0x0000185c                capsense_SenseClk_SetFractionalDividerRegister
 .text.CySysClkWriteImoFreq
                0x0000187c       0x64 .\CortexM0\ARM_GCC_493\Debug\capsenseled.a(CyLib.o)
                0x0000187c                CySysClkWriteImoFreq
 .text.CySysClkEcoReadStatus
                0x000018e0       0x10 .\CortexM0\ARM_GCC_493\Debug\capsenseled.a(CyLib.o)
                0x000018e0                CySysClkEcoReadStatus
 .text.CyIntEnable
                0x000018f0       0x14 .\CortexM0\ARM_GCC_493\Debug\capsenseled.a(CyLib.o)
                0x000018f0                CyIntEnable
 .text.CyIntDisable
                0x00001904       0x14 .\CortexM0\ARM_GCC_493\Debug\capsenseled.a(CyLib.o)
                0x00001904                CyIntDisable
 .text.CyIntClearPending
                0x00001918       0x14 .\CortexM0\ARM_GCC_493\Debug\capsenseled.a(CyLib.o)
                0x00001918                CyIntClearPending
 .text.CyHalt   0x0000192c        0x4 .\CortexM0\ARM_GCC_493\Debug\capsenseled.a(CyLib.o)
                0x0000192c                CyHalt
 .text.CyIntSetVector
                0x00001930       0x24 .\CortexM0\ARM_GCC_493\Debug\capsenseled.a(CyLib.o)
                0x00001930                CyIntSetVector
 .text.CyIntSetPriority
                0x00001954       0x4c .\CortexM0\ARM_GCC_493\Debug\capsenseled.a(CyLib.o)
                0x00001954                CyIntSetPriority
 .text.CyDelay  0x000019a0       0x30 .\CortexM0\ARM_GCC_493\Debug\capsenseled.a(CyLib.o)
                0x000019a0                CyDelay
 .text.CyDelayUs
                0x000019d0       0x14 .\CortexM0\ARM_GCC_493\Debug\capsenseled.a(CyLib.o)
                0x000019d0                CyDelayUs
 .text.CySysClkEcoStart
                0x000019e4       0x54 .\CortexM0\ARM_GCC_493\Debug\capsenseled.a(CyLib.o)
                0x000019e4                CySysClkEcoStart
 .text.CySysWdtLocked
                0x00001a38       0x14 .\CortexM0\ARM_GCC_493\Debug\capsenseled.a(CyLFClk.o)
 .text.CySysClkWcoStart
                0x00001a4c       0x40 .\CortexM0\ARM_GCC_493\Debug\capsenseled.a(CyLFClk.o)
                0x00001a4c                CySysClkWcoStart
 .text.CySysClkWcoSetPowerMode
                0x00001a8c       0x80 .\CortexM0\ARM_GCC_493\Debug\capsenseled.a(CyLFClk.o)
                0x00001a8c                CySysClkWcoSetPowerMode
 .text.CySysWdtLock
                0x00001b0c       0x1c .\CortexM0\ARM_GCC_493\Debug\capsenseled.a(CyLFClk.o)
                0x00001b0c                CySysWdtLock
 .text.CySysWdtUnlock
                0x00001b28       0x30 .\CortexM0\ARM_GCC_493\Debug\capsenseled.a(CyLFClk.o)
                0x00001b28                CySysWdtUnlock
 .text.CySysWdtClearInterrupt
                0x00001b58       0x4c .\CortexM0\ARM_GCC_493\Debug\capsenseled.a(CyLFClk.o)
                0x00001b58                CySysWdtClearInterrupt
 .text.CySysWdtIsr
                0x00001ba4       0xa4 .\CortexM0\ARM_GCC_493\Debug\capsenseled.a(CyLFClk.o)
                0x00001ba4                CySysWdtIsr
 .text.Pin_l293_IC1_EN_12_Write
                0x00001c48       0x18 .\CortexM0\ARM_GCC_493\Debug\capsenseled.a(Pin_l293_IC1_EN_12.o)
                0x00001c48                Pin_l293_IC1_EN_12_Write
 .text.Pin_l293_IC1_EN_34_Write
                0x00001c60       0x18 .\CortexM0\ARM_GCC_493\Debug\capsenseled.a(Pin_l293_IC1_EN_34.o)
                0x00001c60                Pin_l293_IC1_EN_34_Write
 .text.Pin_l293_IC2_EN_12_Write
                0x00001c78       0x18 .\CortexM0\ARM_GCC_493\Debug\capsenseled.a(Pin_l293_IC2_EN_12.o)
                0x00001c78                Pin_l293_IC2_EN_12_Write
 .text.Pin_l293_IC2_EN_34_Write
                0x00001c90       0x18 .\CortexM0\ARM_GCC_493\Debug\capsenseled.a(Pin_l293_IC2_EN_34.o)
                0x00001c90                Pin_l293_IC2_EN_34_Write
 .text.Pin_OE_Write
                0x00001ca8       0x18 .\CortexM0\ARM_GCC_493\Debug\capsenseled.a(Pin_OE.o)
                0x00001ca8                Pin_OE_Write
 .text.Pin_RCLK_Write
                0x00001cc0       0x18 .\CortexM0\ARM_GCC_493\Debug\capsenseled.a(Pin_RCLK.o)
                0x00001cc0                Pin_RCLK_Write
 .text.Pin_SRCLK_Write
                0x00001cd8       0x18 .\CortexM0\ARM_GCC_493\Debug\capsenseled.a(Pin_SRCLK.o)
                0x00001cd8                Pin_SRCLK_Write
 .text.Pin_SER_Write
                0x00001cf0       0x18 .\CortexM0\ARM_GCC_493\Debug\capsenseled.a(Pin_SER.o)
                0x00001cf0                Pin_SER_Write
 .text.green_Write
                0x00001d08       0x18 .\CortexM0\ARM_GCC_493\Debug\capsenseled.a(green.o)
                0x00001d08                green_Write
 .text.green_Read
                0x00001d20       0x10 .\CortexM0\ARM_GCC_493\Debug\capsenseled.a(green.o)
                0x00001d20                green_Read
 .text          0x00001d30       0x20 .\CortexM0\ARM_GCC_493\Debug\capsenseled.a(CyBootAsmGnu.o)
                0x00001d30                CyDelayCycles
                0x00001d42                CyEnterCriticalSection
                0x00001d4a                CyExitCriticalSection
 .text.CalibrateOneDAC_P4_v2_30
                0x00001d50       0x40 C:\Program Files (x86)\Cypress\PSoC Creator\4.0\PSoC Creator\psoc\content\cycomponentlibrary\CyComponentLibrary.cylib\CapSense_CSD_P4_v2_30\PSoC4\Library\CapsenseP4Library_GCC.a(CSD_P4_SmartSense_v2_30.o)
                0x00001d50                CalibrateOneDAC_P4_v2_30
 .text.CalibrateSensors_P4_v2_30
                0x00001d90       0x22 C:\Program Files (x86)\Cypress\PSoC Creator\4.0\PSoC Creator\psoc\content\cycomponentlibrary\CyComponentLibrary.cylib\CapSense_CSD_P4_v2_30\PSoC4\Library\CapsenseP4Library_GCC.a(CSD_P4_SmartSense_v2_30.o)
                0x00001d90                CalibrateSensors_P4_v2_30
 .text.TunePrescalers_P4_v2_30
                0x00001db2       0x42 C:\Program Files (x86)\Cypress\PSoC Creator\4.0\PSoC Creator\psoc\content\cycomponentlibrary\CyComponentLibrary.cylib\CapSense_CSD_P4_v2_30\PSoC4\Library\CapsenseP4Library_GCC.a(CSD_P4_SmartSense_v2_30.o)
                0x00001db2                TunePrescalers_P4_v2_30
 .text.TuneSensitivity_P4_v2_30
                0x00001df4       0xdc C:\Program Files (x86)\Cypress\PSoC Creator\4.0\PSoC Creator\psoc\content\cycomponentlibrary\CyComponentLibrary.cylib\CapSense_CSD_P4_v2_30\PSoC4\Library\CapsenseP4Library_GCC.a(CSD_P4_SmartSense_v2_30.o)
                0x00001df4                TuneSensitivity_P4_v2_30
 .text.MeasureNoiseEnvelope_P4_v2_30
                0x00001ed0       0xfc C:\Program Files (x86)\Cypress\PSoC Creator\4.0\PSoC Creator\psoc\content\cycomponentlibrary\CyComponentLibrary.cylib\CapSense_CSD_P4_v2_30\PSoC4\Library\CapsenseP4Library_GCC.a(CSD_P4_SmartSense_v2_30.o)
                0x00001ed0                MeasureNoiseEnvelope_P4_v2_30
 .text.CalculateThresholds_P4_v2_30
                0x00001fcc       0x36 C:\Program Files (x86)\Cypress\PSoC Creator\4.0\PSoC Creator\psoc\content\cycomponentlibrary\CyComponentLibrary.cylib\CapSense_CSD_P4_v2_30\PSoC4\Library\CapsenseP4Library_GCC.a(CSD_P4_SmartSense_v2_30.o)
                0x00001fcc                CalculateThresholds_P4_v2_30
 *fill*         0x00002002        0x2 
 .text.CyBLE_Bless_LlRegWrite
                0x00002004        0x4 .\CortexM0\ARM_GCC_493\Debug\capsenseled.a(ble_HAL_PVT.o)
                0x00002004                CyBLE_Bless_LlRegWrite
 .text.CyBLE_Bless_RfRegWrite
                0x00002008        0x4 .\CortexM0\ARM_GCC_493\Debug\capsenseled.a(ble_HAL_PVT.o)
                0x00002008                CyBLE_Bless_RfRegWrite
 .text.CyBLE_BlessDeviceConfig
                0x0000200c       0xdc .\CortexM0\ARM_GCC_493\Debug\capsenseled.a(ble_HAL_PVT.o)
                0x0000200c                CyBLE_BlessDeviceConfig
 .text.CyBleHal_DelayUs
                0x000020e8        0x8 .\CortexM0\ARM_GCC_493\Debug\capsenseled.a(ble_HAL_PVT.o)
                0x000020e8                CyBleHal_DelayUs
 .text.CyBleHal_EnableGlobalInterrupts
                0x000020f0        0x8 .\CortexM0\ARM_GCC_493\Debug\capsenseled.a(ble_HAL_PVT.o)
                0x000020f0                CyBleHal_EnableGlobalInterrupts
 .text.CyBleHal_DisableGlobalInterrupts
                0x000020f8        0x8 .\CortexM0\ARM_GCC_493\Debug\capsenseled.a(ble_HAL_PVT.o)
                0x000020f8                CyBleHal_DisableGlobalInterrupts
 .text.CyBle_HalInit
                0x00002100       0x18 .\CortexM0\ARM_GCC_493\Debug\capsenseled.a(ble_HAL_PVT.o)
                0x00002100                CyBle_HalInit
 .text.CYBLE_BlessStart
                0x00002118       0x10 .\CortexM0\ARM_GCC_493\Debug\capsenseled.a(ble_HAL_PVT.o)
                0x00002118                CYBLE_BlessStart
 .text.ble_bless_isr_SetVector
                0x00002128        0xc .\CortexM0\ARM_GCC_493\Debug\capsenseled.a(ble_bless_isr.o)
                0x00002128                ble_bless_isr_SetVector
 .text.ble_bless_isr_SetPriority
                0x00002134       0x20 .\CortexM0\ARM_GCC_493\Debug\capsenseled.a(ble_bless_isr.o)
                0x00002134                ble_bless_isr_SetPriority
 .text.ble_bless_isr_Enable
                0x00002154       0x10 .\CortexM0\ARM_GCC_493\Debug\capsenseled.a(ble_bless_isr.o)
                0x00002154                ble_bless_isr_Enable
 .text.ble_bless_isr_Disable
                0x00002164       0x10 .\CortexM0\ARM_GCC_493\Debug\capsenseled.a(ble_bless_isr.o)
                0x00002164                ble_bless_isr_Disable
 .text.ble_bless_isr_StartEx
                0x00002174       0x1c .\CortexM0\ARM_GCC_493\Debug\capsenseled.a(ble_bless_isr.o)
                0x00002174                ble_bless_isr_StartEx
 .text.CySysPmSleep
                0x00002190       0x1c .\CortexM0\ARM_GCC_493\Debug\capsenseled.a(cyPm.o)
                0x00002190                CySysPmSleep
 .text.CyBLE_Bless_Interrupt
                0x000021ac        0x8 .\CortexM0\ARM_GCC_493\Debug\capsenseled.a(ble_HAL_INT.o)
                0x000021ac                CyBLE_Bless_Interrupt
 .text          0x000021b4      0x120 c:/program files (x86)/cypress/psoc creator/4.0/psoc creator/import/gnu/arm/4.9.3/bin/../lib/gcc/arm-none-eabi/4.9.3/armv6-m\libgcc.a(_udivsi3.o)
                0x000021b4                __aeabi_uidiv
                0x000021b4                __udivsi3
                0x000022c0                __aeabi_uidivmod
 .text          0x000022d4      0x1e0 c:/program files (x86)/cypress/psoc creator/4.0/psoc creator/import/gnu/arm/4.9.3/bin/../lib/gcc/arm-none-eabi/4.9.3/armv6-m\libgcc.a(_divsi3.o)
                0x000022d4                __divsi3
                0x000022d4                __aeabi_idiv
                0x000024a0                __aeabi_idivmod
 .text          0x000024b4        0x4 c:/program files (x86)/cypress/psoc creator/4.0/psoc creator/import/gnu/arm/4.9.3/bin/../lib/gcc/arm-none-eabi/4.9.3/armv6-m\libgcc.a(_dvmd_tls.o)
                0x000024b4                __aeabi_idiv0
                0x000024b4                __aeabi_ldiv0
 .text.__libc_init_array
                0x000024b8       0x4c c:/program files (x86)/cypress/psoc creator/4.0/psoc creator/import/gnu/arm/4.9.3/bin/../lib/gcc/arm-none-eabi/4.9.3/../../../../arm-none-eabi/lib/armv6-m\libg_nano.a(lib_a-init.o)
                0x000024b8                __libc_init_array
 .text.memcmp   0x00002504       0x1e c:/program files (x86)/cypress/psoc creator/4.0/psoc creator/import/gnu/arm/4.9.3/bin/../lib/gcc/arm-none-eabi/4.9.3/../../../../arm-none-eabi/lib/armv6-m\libg_nano.a(lib_a-memcmp.o)
                0x00002504                memcmp
 .text.memcpy   0x00002522       0x12 c:/program files (x86)/cypress/psoc creator/4.0/psoc creator/import/gnu/arm/4.9.3/bin/../lib/gcc/arm-none-eabi/4.9.3/../../../../arm-none-eabi/lib/armv6-m\libg_nano.a(lib_a-memcpy.o)
                0x00002522                memcpy
 .text.memset   0x00002534       0x10 c:/program files (x86)/cypress/psoc creator/4.0/psoc creator/import/gnu/arm/4.9.3/bin/../lib/gcc/arm-none-eabi/4.9.3/../../../../arm-none-eabi/lib/armv6-m\libg_nano.a(lib_a-memset.o)
                0x00002534                memset
 *(.plt)
 *(.gnu.warning)
 *(.glue_7t)
 .glue_7t       0x00000000        0x0 linker stubs
 *(.glue_7)
 .glue_7        0x00000000        0x0 linker stubs
 *(.vfp11_veneer)
 .vfp11_veneer  0x00000000        0x0 linker stubs
 *(.bootloader)
 *(.ARM.extab* .gnu.linkonce.armextab.*)
 *(.gcc_except_table)

.v4_bx          0x00002544        0x0
 .v4_bx         0x00000000        0x0 linker stubs

.iplt           0x00002544        0x0
 .iplt          0x00000000        0x0 c:/program files (x86)/cypress/psoc creator/4.0/psoc creator/import/gnu/arm/4.9.3/bin/../lib/gcc/arm-none-eabi/4.9.3/armv6-m/crtbegin.o

i.CyBle_EnterLPM
                0x00002544        0x8
 i.CyBle_EnterLPM
                0x00002544        0x8 C:\Program Files (x86)\Cypress\PSoC Creator\4.0\PSoC Creator\psoc\content\cycomponentlibrary\CyComponentLibrary.cylib\BLE_v2_30\Library\gccCyBLEStack_BLE_SOC_PERIPHERAL.a(CyBle.o)
                0x00002544                CyBle_EnterLPM

i.CyBle_ExitLPM
                0x0000254c        0x8
 i.CyBle_ExitLPM
                0x0000254c        0x8 C:\Program Files (x86)\Cypress\PSoC Creator\4.0\PSoC Creator\psoc\content\cycomponentlibrary\CyComponentLibrary.cylib\BLE_v2_30\Library\gccCyBLEStack_BLE_SOC_PERIPHERAL.a(CyBle.o)
                0x0000254c                CyBle_ExitLPM

i.CyBle_ProcessEvents
                0x00002554        0x8
 i.CyBle_ProcessEvents
                0x00002554        0x8 C:\Program Files (x86)\Cypress\PSoC Creator\4.0\PSoC Creator\psoc\content\cycomponentlibrary\CyComponentLibrary.cylib\BLE_v2_30\Library\gccCyBLEStack_BLE_SOC_PERIPHERAL.a(CyBle.o)
                0x00002554                CyBle_ProcessEvents

i.CyBle_SetDeviceAddress
                0x0000255c       0x24
 i.CyBle_SetDeviceAddress
                0x0000255c       0x24 C:\Program Files (x86)\Cypress\PSoC Creator\4.0\PSoC Creator\psoc\content\cycomponentlibrary\CyComponentLibrary.cylib\BLE_v2_30\Library\gccCyBLEStack_BLE_SOC_PERIPHERAL.a(CyBle.o)
                0x0000255c                CyBle_SetDeviceAddress

i.CyBle_StackInit
                0x00002580       0xfc
 i.CyBle_StackInit
                0x00002580       0xfc C:\Program Files (x86)\Cypress\PSoC Creator\4.0\PSoC Creator\psoc\content\cycomponentlibrary\CyComponentLibrary.cylib\BLE_v2_30\Library\gccCyBLEStack_BLE_SOC_PERIPHERAL.a(CyBle.o)
                0x00002580                CyBle_StackInit

i.CyBle_StackValidateInputParams
                0x0000267c       0xf4
 i.CyBle_StackValidateInputParams
                0x0000267c       0xf4 C:\Program Files (x86)\Cypress\PSoC Creator\4.0\PSoC Creator\psoc\content\cycomponentlibrary\CyComponentLibrary.cylib\BLE_v2_30\Library\gccCyBLEStack_BLE_SOC_PERIPHERAL.a(CyBle.o)

i.__ARM_common_switch8
                0x00002770       0x1a
 i.__ARM_common_switch8
                0x00002770       0x1a C:\Program Files (x86)\Cypress\PSoC Creator\4.0\PSoC Creator\psoc\content\cycomponentlibrary\CyComponentLibrary.cylib\BLE_v2_30\Library\gccCyBLEStack_BLE_SOC_PERIPHERAL.a(CyBle.o)
                0x00002770                __ARM_common_switch8

i.CyBleStackMgr_Init
                0x0000278c       0x9c
 i.CyBleStackMgr_Init
                0x0000278c       0x9c C:\Program Files (x86)\Cypress\PSoC Creator\4.0\PSoC Creator\psoc\content\cycomponentlibrary\CyComponentLibrary.cylib\BLE_v2_30\Library\gccCyBLEStack_BLE_SOC_PERIPHERAL.a(CyBleStackMgrIP_Interface.o)
                0x0000278c                CyBleStackMgr_Init

i.CyBleStackMgr_ProcessBleEvents
                0x00002828       0x14
 i.CyBleStackMgr_ProcessBleEvents
                0x00002828       0x14 C:\Program Files (x86)\Cypress\PSoC Creator\4.0\PSoC Creator\psoc\content\cycomponentlibrary\CyComponentLibrary.cylib\BLE_v2_30\Library\gccCyBLEStack_BLE_SOC_PERIPHERAL.a(CyBleStackMgrIP_Interface.o)
                0x00002828                CyBleStackMgr_ProcessBleEvents

i.CyBle_GetHeapMemory
                0x0000283c       0x28
 i.CyBle_GetHeapMemory
                0x0000283c       0x28 C:\Program Files (x86)\Cypress\PSoC Creator\4.0\PSoC Creator\psoc\content\cycomponentlibrary\CyComponentLibrary.cylib\BLE_v2_30\Library\gccCyBLEStack_BLE_SOC_PERIPHERAL.a(CyBleStackMgrIP_Interface.o)
                0x0000283c                CyBle_GetHeapMemory

i.CyBle_GetNumAppBufferPools
                0x00002864        0xc
 i.CyBle_GetNumAppBufferPools
                0x00002864        0xc C:\Program Files (x86)\Cypress\PSoC Creator\4.0\PSoC Creator\psoc\content\cycomponentlibrary\CyComponentLibrary.cylib\BLE_v2_30\Library\gccCyBLEStack_BLE_SOC_PERIPHERAL.a(CyBleStackMgrIP_Interface.o)
                0x00002864                CyBle_GetNumAppBufferPools

i.CyBle_HostStackBufferPoolInit
                0x00002870       0xec
 i.CyBle_HostStackBufferPoolInit
                0x00002870       0xec C:\Program Files (x86)\Cypress\PSoC Creator\4.0\PSoC Creator\psoc\content\cycomponentlibrary\CyComponentLibrary.cylib\BLE_v2_30\Library\gccCyBLEStack_BLE_SOC_PERIPHERAL.a(CyBleStackMgrIP_Interface.o)

i.ble_stack_idle_task_callback
                0x0000295c        0x2
 i.ble_stack_idle_task_callback
                0x0000295c        0x2 C:\Program Files (x86)\Cypress\PSoC Creator\4.0\PSoC Creator\psoc\content\cycomponentlibrary\CyComponentLibrary.cylib\BLE_v2_30\Library\gccCyBLEStack_BLE_SOC_PERIPHERAL.a(CyBleStackMgrIP_Interface.o)
                0x0000295c                ble_stack_idle_task_callback

i.BT_OSFreeBuf  0x00002960       0x20
 i.BT_OSFreeBuf
                0x00002960       0x20 C:\Program Files (x86)\Cypress\PSoC Creator\4.0\PSoC Creator\psoc\content\cycomponentlibrary\CyComponentLibrary.cylib\BLE_v2_30\Library\gccCyBLEStack_BLE_SOC_PERIPHERAL.a(BT_os.o)
                0x00002960                BT_OSFreeBuf

i.BT_OSGetBuF   0x00002980       0x34
 i.BT_OSGetBuF  0x00002980       0x34 C:\Program Files (x86)\Cypress\PSoC Creator\4.0\PSoC Creator\psoc\content\cycomponentlibrary\CyComponentLibrary.cylib\BLE_v2_30\Library\gccCyBLEStack_BLE_SOC_PERIPHERAL.a(BT_os.o)
                0x00002980                BT_OSGetBuF

i.BT_OSMemCreate
                0x000029b4       0x3c
 i.BT_OSMemCreate
                0x000029b4       0x3c C:\Program Files (x86)\Cypress\PSoC Creator\4.0\PSoC Creator\psoc\content\cycomponentlibrary\CyComponentLibrary.cylib\BLE_v2_30\Library\gccCyBLEStack_BLE_SOC_PERIPHERAL.a(BT_os.o)
                0x000029b4                BT_OSMemCreate

i.BT_alloc_mem_ext
                0x000029f0       0x3c
 i.BT_alloc_mem_ext
                0x000029f0       0x3c C:\Program Files (x86)\Cypress\PSoC Creator\4.0\PSoC Creator\psoc\content\cycomponentlibrary\CyComponentLibrary.cylib\BLE_v2_30\Library\gccCyBLEStack_BLE_SOC_PERIPHERAL.a(BT_os.o)
                0x000029f0                BT_alloc_mem_ext

i.BT_free_mem   0x00002a2c        0xc
 i.BT_free_mem  0x00002a2c        0xc C:\Program Files (x86)\Cypress\PSoC Creator\4.0\PSoC Creator\psoc\content\cycomponentlibrary\CyComponentLibrary.cylib\BLE_v2_30\Library\gccCyBLEStack_BLE_SOC_PERIPHERAL.a(BT_os.o)
                0x00002a2c                BT_free_mem

i.bt_stack_create_buffer_pool
                0x00002a38       0x30
 i.bt_stack_create_buffer_pool
                0x00002a38       0x30 C:\Program Files (x86)\Cypress\PSoC Creator\4.0\PSoC Creator\psoc\content\cycomponentlibrary\CyComponentLibrary.cylib\BLE_v2_30\Library\gccCyBLEStack_BLE_SOC_PERIPHERAL.a(BT_os.o)
                0x00002a38                bt_stack_create_buffer_pool

i.CyBle_CheckBleStackTaskStatus
                0x00002a68        0x4
 i.CyBle_CheckBleStackTaskStatus
                0x00002a68        0x4 C:\Program Files (x86)\Cypress\PSoC Creator\4.0\PSoC Creator\psoc\content\cycomponentlibrary\CyComponentLibrary.cylib\BLE_v2_30\Library\gccCyBLEStack_BLE_SOC_PERIPHERAL.a(CyBleStackMgr_StackTaskHandler.o)
                0x00002a68                CyBle_CheckBleStackTaskStatus

i.CyBle_CreateBleStackTask
                0x00002a6c       0x2c
 i.CyBle_CreateBleStackTask
                0x00002a6c       0x2c C:\Program Files (x86)\Cypress\PSoC Creator\4.0\PSoC Creator\psoc\content\cycomponentlibrary\CyComponentLibrary.cylib\BLE_v2_30\Library\gccCyBLEStack_BLE_SOC_PERIPHERAL.a(CyBleStackMgr_StackTaskHandler.o)
                0x00002a6c                CyBle_CreateBleStackTask

i.CyBle_SignalBleStackTask
                0x00002a98       0x50
 i.CyBle_SignalBleStackTask
                0x00002a98       0x50 C:\Program Files (x86)\Cypress\PSoC Creator\4.0\PSoC Creator\psoc\content\cycomponentlibrary\CyComponentLibrary.cylib\BLE_v2_30\Library\gccCyBLEStack_BLE_SOC_PERIPHERAL.a(CyBleStackMgr_StackTaskHandler.o)
                0x00002a98                CyBle_SignalBleStackTask

i.CyBle_StackTaskHandler
                0x00002ae8       0x5c
 i.CyBle_StackTaskHandler
                0x00002ae8       0x5c C:\Program Files (x86)\Cypress\PSoC Creator\4.0\PSoC Creator\psoc\content\cycomponentlibrary\CyComponentLibrary.cylib\BLE_v2_30\Library\gccCyBLEStack_BLE_SOC_PERIPHERAL.a(CyBleStackMgr_StackTaskHandler.o)
                0x00002ae8                CyBle_StackTaskHandler

i.hci_soft_transport_notify_data_received
                0x00002b44        0xc
 i.hci_soft_transport_notify_data_received
                0x00002b44        0xc C:\Program Files (x86)\Cypress\PSoC Creator\4.0\PSoC Creator\psoc\content\cycomponentlibrary\CyComponentLibrary.cylib\BLE_v2_30\Library\gccCyBLEStack_BLE_SOC_PERIPHERAL.a(transport_sf.o)
                0x00002b44                hci_soft_transport_notify_data_received

i.hci_soft_transport_rx_data
                0x00002b50       0x40
 i.hci_soft_transport_rx_data
                0x00002b50       0x40 C:\Program Files (x86)\Cypress\PSoC Creator\4.0\PSoC Creator\psoc\content\cycomponentlibrary\CyComponentLibrary.cylib\BLE_v2_30\Library\gccCyBLEStack_BLE_SOC_PERIPHERAL.a(transport_sf.o)
                0x00002b50                hci_soft_transport_rx_data

i.hci_transport_bt_init
                0x00002b90        0x2
 i.hci_transport_bt_init
                0x00002b90        0x2 C:\Program Files (x86)\Cypress\PSoC Creator\4.0\PSoC Creator\psoc\content\cycomponentlibrary\CyComponentLibrary.cylib\BLE_v2_30\Library\gccCyBLEStack_BLE_SOC_PERIPHERAL.a(transport_sf.o)
                0x00002b90                hci_transport_bt_init

i.hci_transport_init
                0x00002b94       0x10
 i.hci_transport_init
                0x00002b94       0x10 C:\Program Files (x86)\Cypress\PSoC Creator\4.0\PSoC Creator\psoc\content\cycomponentlibrary\CyComponentLibrary.cylib\BLE_v2_30\Library\gccCyBLEStack_BLE_SOC_PERIPHERAL.a(transport_sf.o)
                0x00002b94                hci_transport_init

i.hci_transport_write_data
                0x00002ba4       0xd4
 i.hci_transport_write_data
                0x00002ba4       0xd4 C:\Program Files (x86)\Cypress\PSoC Creator\4.0\PSoC Creator\psoc\content\cycomponentlibrary\CyComponentLibrary.cylib\BLE_v2_30\Library\gccCyBLEStack_BLE_SOC_PERIPHERAL.a(transport_sf.o)
                0x00002ba4                hci_transport_write_data

i.pf_hci_soft_transport_write
                0x00002c78       0x44
 i.pf_hci_soft_transport_write
                0x00002c78       0x44 C:\Program Files (x86)\Cypress\PSoC Creator\4.0\PSoC Creator\psoc\content\cycomponentlibrary\CyComponentLibrary.cylib\BLE_v2_30\Library\gccCyBLEStack_BLE_SOC_PERIPHERAL.a(transport_sf.o)
                0x00002c78                pf_hci_soft_transport_write

i.pf_soft_hci_transport_init
                0x00002cbc        0xc
 i.pf_soft_hci_transport_init
                0x00002cbc        0xc C:\Program Files (x86)\Cypress\PSoC Creator\4.0\PSoC Creator\psoc\content\cycomponentlibrary\CyComponentLibrary.cylib\BLE_v2_30\Library\gccCyBLEStack_BLE_SOC_PERIPHERAL.a(transport_sf.o)
                0x00002cbc                pf_soft_hci_transport_init

i.CyBleStackMgr_GetTime
                0x00002cc8       0x14
 i.CyBleStackMgr_GetTime
                0x00002cc8       0x14 C:\Program Files (x86)\Cypress\PSoC Creator\4.0\PSoC Creator\psoc\content\cycomponentlibrary\CyComponentLibrary.cylib\BLE_v2_30\Library\gccCyBLEStack_BLE_SOC_PERIPHERAL.a(CyBleStackMgr_PSoCHal.o)
                0x00002cc8                CyBleStackMgr_GetTime

i.CyBleStackMgr_HalInit
                0x00002cdc       0x24
 i.CyBleStackMgr_HalInit
                0x00002cdc       0x24 C:\Program Files (x86)\Cypress\PSoC Creator\4.0\PSoC Creator\psoc\content\cycomponentlibrary\CyComponentLibrary.cylib\BLE_v2_30\Library\gccCyBLEStack_BLE_SOC_PERIPHERAL.a(CyBleStackMgr_PSoCHal.o)
                0x00002cdc                CyBleStackMgr_HalInit

i.CyBleStackMgr_HalIntrEnable
                0x00002d00        0x8
 i.CyBleStackMgr_HalIntrEnable
                0x00002d00        0x8 C:\Program Files (x86)\Cypress\PSoC Creator\4.0\PSoC Creator\psoc\content\cycomponentlibrary\CyComponentLibrary.cylib\BLE_v2_30\Library\gccCyBLEStack_BLE_SOC_PERIPHERAL.a(CyBleStackMgr_PSoCHal.o)
                0x00002d00                CyBleStackMgr_HalIntrEnable

i.CyBleStackMgr_HandleLinkLayerTick
                0x00002d08       0x5c
 i.CyBleStackMgr_HandleLinkLayerTick
                0x00002d08       0x5c C:\Program Files (x86)\Cypress\PSoC Creator\4.0\PSoC Creator\psoc\content\cycomponentlibrary\CyComponentLibrary.cylib\BLE_v2_30\Library\gccCyBLEStack_BLE_SOC_PERIPHERAL.a(CyBleStackMgr_PSoCHal.o)
                0x00002d08                CyBleStackMgr_HandleLinkLayerTick

i.CyBleStackMgr_HciPortInit
                0x00002d64        0xc
 i.CyBleStackMgr_HciPortInit
                0x00002d64        0xc C:\Program Files (x86)\Cypress\PSoC Creator\4.0\PSoC Creator\psoc\content\cycomponentlibrary\CyComponentLibrary.cylib\BLE_v2_30\Library\gccCyBLEStack_BLE_SOC_PERIPHERAL.a(CyBleStackMgr_PSoCHal.o)
                0x00002d64                CyBleStackMgr_HciPortInit

i.CyBleStackMgr_HciPortReset
                0x00002d70        0x2
 i.CyBleStackMgr_HciPortReset
                0x00002d70        0x2 C:\Program Files (x86)\Cypress\PSoC Creator\4.0\PSoC Creator\psoc\content\cycomponentlibrary\CyComponentLibrary.cylib\BLE_v2_30\Library\gccCyBLEStack_BLE_SOC_PERIPHERAL.a(CyBleStackMgr_PSoCHal.o)
                0x00002d70                CyBleStackMgr_HciPortReset

i.CyBleStackMgr_HciPortWrite
                0x00002d72        0x8
 i.CyBleStackMgr_HciPortWrite
                0x00002d72        0x8 C:\Program Files (x86)\Cypress\PSoC Creator\4.0\PSoC Creator\psoc\content\cycomponentlibrary\CyComponentLibrary.cylib\BLE_v2_30\Library\gccCyBLEStack_BLE_SOC_PERIPHERAL.a(CyBleStackMgr_PSoCHal.o)
                0x00002d72                CyBleStackMgr_HciPortWrite

i.CyBleStackMgr_ResetLinkLayerTimerEntity
                0x00002d7c       0x14
 i.CyBleStackMgr_ResetLinkLayerTimerEntity
                0x00002d7c       0x14 C:\Program Files (x86)\Cypress\PSoC Creator\4.0\PSoC Creator\psoc\content\cycomponentlibrary\CyComponentLibrary.cylib\BLE_v2_30\Library\gccCyBLEStack_BLE_SOC_PERIPHERAL.a(CyBleStackMgr_PSoCHal.o)
                0x00002d7c                CyBleStackMgr_ResetLinkLayerTimerEntity

i.CyBleStackMgr_TimerStart
                0x00002d90       0x2c
 i.CyBleStackMgr_TimerStart
                0x00002d90       0x2c C:\Program Files (x86)\Cypress\PSoC Creator\4.0\PSoC Creator\psoc\content\cycomponentlibrary\CyComponentLibrary.cylib\BLE_v2_30\Library\gccCyBLEStack_BLE_SOC_PERIPHERAL.a(CyBleStackMgr_PSoCHal.o)
                0x00002d90                CyBleStackMgr_TimerStart

i.CyBleStackMgr_TimerStop
                0x00002dbc       0x18
 i.CyBleStackMgr_TimerStop
                0x00002dbc       0x18 C:\Program Files (x86)\Cypress\PSoC Creator\4.0\PSoC Creator\psoc\content\cycomponentlibrary\CyComponentLibrary.cylib\BLE_v2_30\Library\gccCyBLEStack_BLE_SOC_PERIPHERAL.a(CyBleStackMgr_PSoCHal.o)
                0x00002dbc                CyBleStackMgr_TimerStop

i.CyBleStackMgr_isTimerRunning
                0x00002dd4       0x10
 i.CyBleStackMgr_isTimerRunning
                0x00002dd4       0x10 C:\Program Files (x86)\Cypress\PSoC Creator\4.0\PSoC Creator\psoc\content\cycomponentlibrary\CyComponentLibrary.cylib\BLE_v2_30\Library\gccCyBLEStack_BLE_SOC_PERIPHERAL.a(CyBleStackMgr_PSoCHal.o)
                0x00002dd4                CyBleStackMgr_isTimerRunning

i.CyBleAtlantisRadioInit
                0x00002de4      0x110
 i.CyBleAtlantisRadioInit
                0x00002de4      0x110 C:\Program Files (x86)\Cypress\PSoC Creator\4.0\PSoC Creator\psoc\content\cycomponentlibrary\CyComponentLibrary.cylib\BLE_v2_30\Library\gccCyBLEStack_BLE_SOC_PERIPHERAL.a(CyBleStackMgr_BleSSDriver.o)

i.CyBleStackMgr_BleSSFifoRead
                0x00002ef4       0x38
 i.CyBleStackMgr_BleSSFifoRead
                0x00002ef4       0x38 C:\Program Files (x86)\Cypress\PSoC Creator\4.0\PSoC Creator\psoc\content\cycomponentlibrary\CyComponentLibrary.cylib\BLE_v2_30\Library\gccCyBLEStack_BLE_SOC_PERIPHERAL.a(CyBleStackMgr_BleSSDriver.o)
                0x00002ef4                CyBleStackMgr_BleSSFifoRead

i.CyBleStackMgr_BleSSFifoWrite
                0x00002f2c       0x30
 i.CyBleStackMgr_BleSSFifoWrite
                0x00002f2c       0x30 C:\Program Files (x86)\Cypress\PSoC Creator\4.0\PSoC Creator\psoc\content\cycomponentlibrary\CyComponentLibrary.cylib\BLE_v2_30\Library\gccCyBLEStack_BLE_SOC_PERIPHERAL.a(CyBleStackMgr_BleSSDriver.o)
                0x00002f2c                CyBleStackMgr_BleSSFifoWrite

i.CyBleStackMgr_BleSSInit
                0x00002f5c       0x50
 i.CyBleStackMgr_BleSSInit
                0x00002f5c       0x50 C:\Program Files (x86)\Cypress\PSoC Creator\4.0\PSoC Creator\psoc\content\cycomponentlibrary\CyComponentLibrary.cylib\BLE_v2_30\Library\gccCyBLEStack_BLE_SOC_PERIPHERAL.a(CyBleStackMgr_BleSSDriver.o)
                0x00002f5c                CyBleStackMgr_BleSSInit

i.CyBleStackMgr_BleSSMemRead
                0x00002fac       0x26
 i.CyBleStackMgr_BleSSMemRead
                0x00002fac       0x26 C:\Program Files (x86)\Cypress\PSoC Creator\4.0\PSoC Creator\psoc\content\cycomponentlibrary\CyComponentLibrary.cylib\BLE_v2_30\Library\gccCyBLEStack_BLE_SOC_PERIPHERAL.a(CyBleStackMgr_BleSSDriver.o)
                0x00002fac                CyBleStackMgr_BleSSMemRead

i.CyBleStackMgr_BleSSMemWrite
                0x00002fd4       0x34
 i.CyBleStackMgr_BleSSMemWrite
                0x00002fd4       0x34 C:\Program Files (x86)\Cypress\PSoC Creator\4.0\PSoC Creator\psoc\content\cycomponentlibrary\CyComponentLibrary.cylib\BLE_v2_30\Library\gccCyBLEStack_BLE_SOC_PERIPHERAL.a(CyBleStackMgr_BleSSDriver.o)
                0x00002fd4                CyBleStackMgr_BleSSMemWrite

i.CyBleStackMgr_BleSSRegRead
                0x00003008        0xc
 i.CyBleStackMgr_BleSSRegRead
                0x00003008        0xc C:\Program Files (x86)\Cypress\PSoC Creator\4.0\PSoC Creator\psoc\content\cycomponentlibrary\CyComponentLibrary.cylib\BLE_v2_30\Library\gccCyBLEStack_BLE_SOC_PERIPHERAL.a(CyBleStackMgr_BleSSDriver.o)
                0x00003008                CyBleStackMgr_BleSSRegRead

i.CyBleStackMgr_BleSSRegWrite
                0x00003014        0xc
 i.CyBleStackMgr_BleSSRegWrite
                0x00003014        0xc C:\Program Files (x86)\Cypress\PSoC Creator\4.0\PSoC Creator\psoc\content\cycomponentlibrary\CyComponentLibrary.cylib\BLE_v2_30\Library\gccCyBLEStack_BLE_SOC_PERIPHERAL.a(CyBleStackMgr_BleSSDriver.o)
                0x00003014                CyBleStackMgr_BleSSRegWrite

i.CyBleStackMgr_BleSSReset
                0x00003020       0x38
 i.CyBleStackMgr_BleSSReset
                0x00003020       0x38 C:\Program Files (x86)\Cypress\PSoC Creator\4.0\PSoC Creator\psoc\content\cycomponentlibrary\CyComponentLibrary.cylib\BLE_v2_30\Library\gccCyBLEStack_BLE_SOC_PERIPHERAL.a(CyBleStackMgr_BleSSDriver.o)
                0x00003020                CyBleStackMgr_BleSSReset

i.CyBleStackMgr_BleSSShutdown
                0x00003058       0x24
 i.CyBleStackMgr_BleSSShutdown
                0x00003058       0x24 C:\Program Files (x86)\Cypress\PSoC Creator\4.0\PSoC Creator\psoc\content\cycomponentlibrary\CyComponentLibrary.cylib\BLE_v2_30\Library\gccCyBLEStack_BLE_SOC_PERIPHERAL.a(CyBleStackMgr_BleSSDriver.o)
                0x00003058                CyBleStackMgr_BleSSShutdown

i.CyBleStackMgr_GenericIface
                0x0000307c       0x3c
 i.CyBleStackMgr_GenericIface
                0x0000307c       0x3c C:\Program Files (x86)\Cypress\PSoC Creator\4.0\PSoC Creator\psoc\content\cycomponentlibrary\CyComponentLibrary.cylib\BLE_v2_30\Library\gccCyBLEStack_BLE_SOC_PERIPHERAL.a(CyBleStackMgr_BleSSDriver.o)
                0x0000307c                CyBleStackMgr_GenericIface

i.CyBleStackMgr_HandleBleSSIntr
                0x000030b8       0x90
 i.CyBleStackMgr_HandleBleSSIntr
                0x000030b8       0x90 C:\Program Files (x86)\Cypress\PSoC Creator\4.0\PSoC Creator\psoc\content\cycomponentlibrary\CyComponentLibrary.cylib\BLE_v2_30\Library\gccCyBLEStack_BLE_SOC_PERIPHERAL.a(CyBleStackMgr_BleSSDriver.o)
                0x000030b8                CyBleStackMgr_HandleBleSSIntr

i.CyBleStackMgr_SetClockParam
                0x00003148       0xb4
 i.CyBleStackMgr_SetClockParam
                0x00003148       0xb4 C:\Program Files (x86)\Cypress\PSoC Creator\4.0\PSoC Creator\psoc\content\cycomponentlibrary\CyComponentLibrary.cylib\BLE_v2_30\Library\gccCyBLEStack_BLE_SOC_PERIPHERAL.a(CyBleStackMgr_BleSSDriver.o)

i.CyBleStackMgr_isXtalCpuClkSource
                0x000031fc       0x18
 i.CyBleStackMgr_isXtalCpuClkSource
                0x000031fc       0x18 C:\Program Files (x86)\Cypress\PSoC Creator\4.0\PSoC Creator\psoc\content\cycomponentlibrary\CyComponentLibrary.cylib\BLE_v2_30\Library\gccCyBLEStack_BLE_SOC_PERIPHERAL.a(CyBleStackMgr_BleSSDriver.o)
                0x000031fc                CyBleStackMgr_isXtalCpuClkSource

i.CyBle_EnterDsmMode
                0x00003214       0x3c
 i.CyBle_EnterDsmMode
                0x00003214       0x3c C:\Program Files (x86)\Cypress\PSoC Creator\4.0\PSoC Creator\psoc\content\cycomponentlibrary\CyComponentLibrary.cylib\BLE_v2_30\Library\gccCyBLEStack_BLE_SOC_PERIPHERAL.a(CyBleStackMgr_BleSSDriver.o)
                0x00003214                CyBle_EnterDsmMode

i.CyBle_ExitDsmMode
                0x00003250       0x2c
 i.CyBle_ExitDsmMode
                0x00003250       0x2c C:\Program Files (x86)\Cypress\PSoC Creator\4.0\PSoC Creator\psoc\content\cycomponentlibrary\CyComponentLibrary.cylib\BLE_v2_30\Library\gccCyBLEStack_BLE_SOC_PERIPHERAL.a(CyBleStackMgr_BleSSDriver.o)
                0x00003250                CyBle_ExitDsmMode

i.CyBle_GetBleSsOperationalMode
                0x0000327c        0xc
 i.CyBle_GetBleSsOperationalMode
                0x0000327c        0xc C:\Program Files (x86)\Cypress\PSoC Creator\4.0\PSoC Creator\psoc\content\cycomponentlibrary\CyComponentLibrary.cylib\BLE_v2_30\Library\gccCyBLEStack_BLE_SOC_PERIPHERAL.a(CyBleStackMgr_BleSSDriver.o)
                0x0000327c                CyBle_GetBleSsOperationalMode

i.CyBle_GetLpMode
                0x00003288       0x26
 i.CyBle_GetLpMode
                0x00003288       0x26 C:\Program Files (x86)\Cypress\PSoC Creator\4.0\PSoC Creator\psoc\content\cycomponentlibrary\CyComponentLibrary.cylib\BLE_v2_30\Library\gccCyBLEStack_BLE_SOC_PERIPHERAL.a(CyBleStackMgr_BleSSDriver.o)
                0x00003288                CyBle_GetLpMode

i.CyBle_GetTxGainMode
                0x000032b0       0x2c
 i.CyBle_GetTxGainMode
                0x000032b0       0x2c C:\Program Files (x86)\Cypress\PSoC Creator\4.0\PSoC Creator\psoc\content\cycomponentlibrary\CyComponentLibrary.cylib\BLE_v2_30\Library\gccCyBLEStack_BLE_SOC_PERIPHERAL.a(CyBleStackMgr_BleSSDriver.o)
                0x000032b0                CyBle_GetTxGainMode

i.CyBle_SetAutoWakeUp
                0x000032dc        0xc
 i.CyBle_SetAutoWakeUp
                0x000032dc        0xc C:\Program Files (x86)\Cypress\PSoC Creator\4.0\PSoC Creator\psoc\content\cycomponentlibrary\CyComponentLibrary.cylib\BLE_v2_30\Library\gccCyBLEStack_BLE_SOC_PERIPHERAL.a(CyBleStackMgr_BleSSDriver.o)
                0x000032dc                CyBle_SetAutoWakeUp

i.CyBle_SetBleSsOperationalMode
                0x000032e8       0x20
 i.CyBle_SetBleSsOperationalMode
                0x000032e8       0x20 C:\Program Files (x86)\Cypress\PSoC Creator\4.0\PSoC Creator\psoc\content\cycomponentlibrary\CyComponentLibrary.cylib\BLE_v2_30\Library\gccCyBLEStack_BLE_SOC_PERIPHERAL.a(CyBleStackMgr_BleSSDriver.o)
                0x000032e8                CyBle_SetBleSsOperationalMode

i.CyBle_SetEventCloseState
                0x00003308        0xc
 i.CyBle_SetEventCloseState
                0x00003308        0xc C:\Program Files (x86)\Cypress\PSoC Creator\4.0\PSoC Creator\psoc\content\cycomponentlibrary\CyComponentLibrary.cylib\BLE_v2_30\Library\gccCyBLEStack_BLE_SOC_PERIPHERAL.a(CyBleStackMgr_BleSSDriver.o)
                0x00003308                CyBle_SetEventCloseState

i.CyBle_SetRxGainMode
                0x00003314       0x20
 i.CyBle_SetRxGainMode
                0x00003314       0x20 C:\Program Files (x86)\Cypress\PSoC Creator\4.0\PSoC Creator\psoc\content\cycomponentlibrary\CyComponentLibrary.cylib\BLE_v2_30\Library\gccCyBLEStack_BLE_SOC_PERIPHERAL.a(CyBleStackMgr_BleSSDriver.o)
                0x00003314                CyBle_SetRxGainMode

i.CyBle_SetTxGainMode
                0x00003334       0x38
 i.CyBle_SetTxGainMode
                0x00003334       0x38 C:\Program Files (x86)\Cypress\PSoC Creator\4.0\PSoC Creator\psoc\content\cycomponentlibrary\CyComponentLibrary.cylib\BLE_v2_30\Library\gccCyBLEStack_BLE_SOC_PERIPHERAL.a(CyBleStackMgr_BleSSDriver.o)
                0x00003334                CyBle_SetTxGainMode

i.pf_rf_get_abs_rssi
                0x0000336c       0x24
 i.pf_rf_get_abs_rssi
                0x0000336c       0x24 C:\Program Files (x86)\Cypress\PSoC Creator\4.0\PSoC Creator\psoc\content\cycomponentlibrary\CyComponentLibrary.cylib\BLE_v2_30\Library\gccCyBLEStack_BLE_SOC_PERIPHERAL.a(CyBleStackMgr_BleSSDriver.o)
                0x0000336c                pf_rf_get_abs_rssi

i.BleStackFlashStorageInit
                0x00003390       0x74
 i.BleStackFlashStorageInit
                0x00003390       0x74 C:\Program Files (x86)\Cypress\PSoC Creator\4.0\PSoC Creator\psoc\content\cycomponentlibrary\CyComponentLibrary.cylib\BLE_v2_30\Library\gccCyBLEStack_BLE_SOC_PERIPHERAL.a(storage_pl.o)
                0x00003390                BleStackFlashStorageInit

i.BleStackWriteToFlashPending
                0x00003404       0x24
 i.BleStackWriteToFlashPending
                0x00003404       0x24 C:\Program Files (x86)\Cypress\PSoC Creator\4.0\PSoC Creator\psoc\content\cycomponentlibrary\CyComponentLibrary.cylib\BLE_v2_30\Library\gccCyBLEStack_BLE_SOC_PERIPHERAL.a(storage_pl.o)
                0x00003404                BleStackWriteToFlashPending

i.BleStackWriteToFlashRam
                0x00003428       0x70
 i.BleStackWriteToFlashRam
                0x00003428       0x70 C:\Program Files (x86)\Cypress\PSoC Creator\4.0\PSoC Creator\psoc\content\cycomponentlibrary\CyComponentLibrary.cylib\BLE_v2_30\Library\gccCyBLEStack_BLE_SOC_PERIPHERAL.a(storage_pl.o)
                0x00003428                BleStackWriteToFlashRam

i.storage_bt_init_pl
                0x00003498       0x28
 i.storage_bt_init_pl
                0x00003498       0x28 C:\Program Files (x86)\Cypress\PSoC Creator\4.0\PSoC Creator\psoc\content\cycomponentlibrary\CyComponentLibrary.cylib\BLE_v2_30\Library\gccCyBLEStack_BLE_SOC_PERIPHERAL.a(storage_pl.o)
                0x00003498                storage_bt_init_pl

i.storage_close_pl
                0x000034c0        0x4
 i.storage_close_pl
                0x000034c0        0x4 C:\Program Files (x86)\Cypress\PSoC Creator\4.0\PSoC Creator\psoc\content\cycomponentlibrary\CyComponentLibrary.cylib\BLE_v2_30\Library\gccCyBLEStack_BLE_SOC_PERIPHERAL.a(storage_pl.o)
                0x000034c0                storage_close_pl

i.storage_open_pl
                0x000034c4       0x1c
 i.storage_open_pl
                0x000034c4       0x1c C:\Program Files (x86)\Cypress\PSoC Creator\4.0\PSoC Creator\psoc\content\cycomponentlibrary\CyComponentLibrary.cylib\BLE_v2_30\Library\gccCyBLEStack_BLE_SOC_PERIPHERAL.a(storage_pl.o)
                0x000034c4                storage_open_pl

i.storage_read_pl
                0x000034e0       0x28
 i.storage_read_pl
                0x000034e0       0x28 C:\Program Files (x86)\Cypress\PSoC Creator\4.0\PSoC Creator\psoc\content\cycomponentlibrary\CyComponentLibrary.cylib\BLE_v2_30\Library\gccCyBLEStack_BLE_SOC_PERIPHERAL.a(storage_pl.o)
                0x000034e0                storage_read_pl

i.storage_read_signature_pl
                0x00003508       0x2c
 i.storage_read_signature_pl
                0x00003508       0x2c C:\Program Files (x86)\Cypress\PSoC Creator\4.0\PSoC Creator\psoc\content\cycomponentlibrary\CyComponentLibrary.cylib\BLE_v2_30\Library\gccCyBLEStack_BLE_SOC_PERIPHERAL.a(storage_pl.o)
                0x00003508                storage_read_signature_pl

i.storage_register_flash_pointer
                0x00003534       0x20
 i.storage_register_flash_pointer
                0x00003534       0x20 C:\Program Files (x86)\Cypress\PSoC Creator\4.0\PSoC Creator\psoc\content\cycomponentlibrary\CyComponentLibrary.cylib\BLE_v2_30\Library\gccCyBLEStack_BLE_SOC_PERIPHERAL.a(storage_pl.o)
                0x00003534                storage_register_flash_pointer

i.storage_reset_storage_offset
                0x00003554       0x10
 i.storage_reset_storage_offset
                0x00003554       0x10 C:\Program Files (x86)\Cypress\PSoC Creator\4.0\PSoC Creator\psoc\content\cycomponentlibrary\CyComponentLibrary.cylib\BLE_v2_30\Library\gccCyBLEStack_BLE_SOC_PERIPHERAL.a(storage_pl.o)

i.storage_write_pl
                0x00003564       0x24
 i.storage_write_pl
                0x00003564       0x24 C:\Program Files (x86)\Cypress\PSoC Creator\4.0\PSoC Creator\psoc\content\cycomponentlibrary\CyComponentLibrary.cylib\BLE_v2_30\Library\gccCyBLEStack_BLE_SOC_PERIPHERAL.a(storage_pl.o)
                0x00003564                storage_write_pl

i.storage_write_signature_pl
                0x00003588       0x14
 i.storage_write_signature_pl
                0x00003588       0x14 C:\Program Files (x86)\Cypress\PSoC Creator\4.0\PSoC Creator\psoc\content\cycomponentlibrary\CyComponentLibrary.cylib\BLE_v2_30\Library\gccCyBLEStack_BLE_SOC_PERIPHERAL.a(storage_pl.o)
                0x00003588                storage_write_signature_pl

i.OS_init       0x0000359c       0x64
 i.OS_init      0x0000359c       0x64 C:\Program Files (x86)\Cypress\PSoC Creator\4.0\PSoC Creator\psoc\content\cycomponentlibrary\CyComponentLibrary.cylib\BLE_v2_30\Library\gccCyBLEStack_BLE_SOC_PERIPHERAL.a(mint_os.o)
                0x0000359c                OS_init

i.mintos_malloc
                0x00003600       0x34
 i.mintos_malloc
                0x00003600       0x34 C:\Program Files (x86)\Cypress\PSoC Creator\4.0\PSoC Creator\psoc\content\cycomponentlibrary\CyComponentLibrary.cylib\BLE_v2_30\Library\gccCyBLEStack_BLE_SOC_PERIPHERAL.a(mint_os.o)
                0x00003600                mintos_malloc

i.OS_create_queue
                0x00003634       0x64
 i.OS_create_queue
                0x00003634       0x64 C:\Program Files (x86)\Cypress\PSoC Creator\4.0\PSoC Creator\psoc\content\cycomponentlibrary\CyComponentLibrary.cylib\BLE_v2_30\Library\gccCyBLEStack_BLE_SOC_PERIPHERAL.a(mint_os_queue.o)
                0x00003634                OS_create_queue

i.OS_enqueue_item
                0x00003698       0x8c
 i.OS_enqueue_item
                0x00003698       0x8c C:\Program Files (x86)\Cypress\PSoC Creator\4.0\PSoC Creator\psoc\content\cycomponentlibrary\CyComponentLibrary.cylib\BLE_v2_30\Library\gccCyBLEStack_BLE_SOC_PERIPHERAL.a(mint_os_queue.o)
                0x00003698                OS_enqueue_item

i.OS_queue_get_num_of_items
                0x00003724       0x28
 i.OS_queue_get_num_of_items
                0x00003724       0x28 C:\Program Files (x86)\Cypress\PSoC Creator\4.0\PSoC Creator\psoc\content\cycomponentlibrary\CyComponentLibrary.cylib\BLE_v2_30\Library\gccCyBLEStack_BLE_SOC_PERIPHERAL.a(mint_os_queue.o)
                0x00003724                OS_queue_get_num_of_items

i.OS_queue_mgmt_init
                0x0000374c       0x40
 i.OS_queue_mgmt_init
                0x0000374c       0x40 C:\Program Files (x86)\Cypress\PSoC Creator\4.0\PSoC Creator\psoc\content\cycomponentlibrary\CyComponentLibrary.cylib\BLE_v2_30\Library\gccCyBLEStack_BLE_SOC_PERIPHERAL.a(mint_os_queue.o)
                0x0000374c                OS_queue_mgmt_init

i.OS_remove_item
                0x0000378c       0xa0
 i.OS_remove_item
                0x0000378c       0xa0 C:\Program Files (x86)\Cypress\PSoC Creator\4.0\PSoC Creator\psoc\content\cycomponentlibrary\CyComponentLibrary.cylib\BLE_v2_30\Library\gccCyBLEStack_BLE_SOC_PERIPHERAL.a(mint_os_queue.o)
                0x0000378c                OS_remove_item

i.OS_create_task
                0x0000382c       0x88
 i.OS_create_task
                0x0000382c       0x88 C:\Program Files (x86)\Cypress\PSoC Creator\4.0\PSoC Creator\psoc\content\cycomponentlibrary\CyComponentLibrary.cylib\BLE_v2_30\Library\gccCyBLEStack_BLE_SOC_PERIPHERAL.a(mint_os_task.o)
                0x0000382c                OS_create_task

i.OS_isr_send_signal_to_task
                0x000038b4        0xc
 i.OS_isr_send_signal_to_task
                0x000038b4        0xc C:\Program Files (x86)\Cypress\PSoC Creator\4.0\PSoC Creator\psoc\content\cycomponentlibrary\CyComponentLibrary.cylib\BLE_v2_30\Library\gccCyBLEStack_BLE_SOC_PERIPHERAL.a(mint_os_task.o)
                0x000038b4                OS_isr_send_signal_to_task

i.OS_scheduler  0x000038c0       0x64
 i.OS_scheduler
                0x000038c0       0x64 C:\Program Files (x86)\Cypress\PSoC Creator\4.0\PSoC Creator\psoc\content\cycomponentlibrary\CyComponentLibrary.cylib\BLE_v2_30\Library\gccCyBLEStack_BLE_SOC_PERIPHERAL.a(mint_os_task.o)
                0x000038c0                OS_scheduler

i.OS_send_signal_to_task
                0x00003924        0xc
 i.OS_send_signal_to_task
                0x00003924        0xc C:\Program Files (x86)\Cypress\PSoC Creator\4.0\PSoC Creator\psoc\content\cycomponentlibrary\CyComponentLibrary.cylib\BLE_v2_30\Library\gccCyBLEStack_BLE_SOC_PERIPHERAL.a(mint_os_task.o)
                0x00003924                OS_send_signal_to_task

i.OS_send_signal_to_task_context
                0x00003930       0x3c
 i.OS_send_signal_to_task_context
                0x00003930       0x3c C:\Program Files (x86)\Cypress\PSoC Creator\4.0\PSoC Creator\psoc\content\cycomponentlibrary\CyComponentLibrary.cylib\BLE_v2_30\Library\gccCyBLEStack_BLE_SOC_PERIPHERAL.a(mint_os_task.o)

i.OS_task_mgmt_init
                0x0000396c       0x50
 i.OS_task_mgmt_init
                0x0000396c       0x50 C:\Program Files (x86)\Cypress\PSoC Creator\4.0\PSoC Creator\psoc\content\cycomponentlibrary\CyComponentLibrary.cylib\BLE_v2_30\Library\gccCyBLEStack_BLE_SOC_PERIPHERAL.a(mint_os_task.o)
                0x0000396c                OS_task_mgmt_init

i.mint_buf_mgmt_allocate_buffer
                0x000039bc       0x4c
 i.mint_buf_mgmt_allocate_buffer
                0x000039bc       0x4c C:\Program Files (x86)\Cypress\PSoC Creator\4.0\PSoC Creator\psoc\content\cycomponentlibrary\CyComponentLibrary.cylib\BLE_v2_30\Library\gccCyBLEStack_BLE_SOC_PERIPHERAL.a(mint_buf_mgmt.o)
                0x000039bc                mint_buf_mgmt_allocate_buffer

i.mint_buf_mgmt_create_pool
                0x00003a08       0xd0
 i.mint_buf_mgmt_create_pool
                0x00003a08       0xd0 C:\Program Files (x86)\Cypress\PSoC Creator\4.0\PSoC Creator\psoc\content\cycomponentlibrary\CyComponentLibrary.cylib\BLE_v2_30\Library\gccCyBLEStack_BLE_SOC_PERIPHERAL.a(mint_buf_mgmt.o)
                0x00003a08                mint_buf_mgmt_create_pool

i.mint_buf_mgmt_free_buffer
                0x00003ad8       0xa4
 i.mint_buf_mgmt_free_buffer
                0x00003ad8       0xa4 C:\Program Files (x86)\Cypress\PSoC Creator\4.0\PSoC Creator\psoc\content\cycomponentlibrary\CyComponentLibrary.cylib\BLE_v2_30\Library\gccCyBLEStack_BLE_SOC_PERIPHERAL.a(mint_buf_mgmt.o)
                0x00003ad8                mint_buf_mgmt_free_buffer

i.mint_buf_mgmt_init
                0x00003b7c       0x44
 i.mint_buf_mgmt_init
                0x00003b7c       0x44 C:\Program Files (x86)\Cypress\PSoC Creator\4.0\PSoC Creator\psoc\content\cycomponentlibrary\CyComponentLibrary.cylib\BLE_v2_30\Library\gccCyBLEStack_BLE_SOC_PERIPHERAL.a(mint_buf_mgmt.o)
                0x00003b7c                mint_buf_mgmt_init

i.mint_buf_mgmt_malloc
                0x00003bc0       0x2c
 i.mint_buf_mgmt_malloc
                0x00003bc0       0x2c C:\Program Files (x86)\Cypress\PSoC Creator\4.0\PSoC Creator\psoc\content\cycomponentlibrary\CyComponentLibrary.cylib\BLE_v2_30\Library\gccCyBLEStack_BLE_SOC_PERIPHERAL.a(mint_buf_mgmt.o)
                0x00003bc0                mint_buf_mgmt_malloc

i.mint_buf_mgmt_pl_init
                0x00003bec       0x48
 i.mint_buf_mgmt_pl_init
                0x00003bec       0x48 C:\Program Files (x86)\Cypress\PSoC Creator\4.0\PSoC Creator\psoc\content\cycomponentlibrary\CyComponentLibrary.cylib\BLE_v2_30\Library\gccCyBLEStack_BLE_SOC_PERIPHERAL.a(mint_buf_mgmt.o)
                0x00003bec                mint_buf_mgmt_pl_init

i.mint_buf_mgmt_reset_pool
                0x00003c34       0x70
 i.mint_buf_mgmt_reset_pool
                0x00003c34       0x70 C:\Program Files (x86)\Cypress\PSoC Creator\4.0\PSoC Creator\psoc\content\cycomponentlibrary\CyComponentLibrary.cylib\BLE_v2_30\Library\gccCyBLEStack_BLE_SOC_PERIPHERAL.a(mint_buf_mgmt.o)
                0x00003c34                mint_buf_mgmt_reset_pool

i.mint_buf_mgmt_stack_init
                0x00003ca4       0x24
 i.mint_buf_mgmt_stack_init
                0x00003ca4       0x24 C:\Program Files (x86)\Cypress\PSoC Creator\4.0\PSoC Creator\psoc\content\cycomponentlibrary\CyComponentLibrary.cylib\BLE_v2_30\Library\gccCyBLEStack_BLE_SOC_PERIPHERAL.a(mint_buf_mgmt.o)
                0x00003ca4                mint_buf_mgmt_stack_init

i.mint_buf_mgmt_stack_pop
                0x00003cc8       0x36
 i.mint_buf_mgmt_stack_pop
                0x00003cc8       0x36 C:\Program Files (x86)\Cypress\PSoC Creator\4.0\PSoC Creator\psoc\content\cycomponentlibrary\CyComponentLibrary.cylib\BLE_v2_30\Library\gccCyBLEStack_BLE_SOC_PERIPHERAL.a(mint_buf_mgmt.o)
                0x00003cc8                mint_buf_mgmt_stack_pop

i.mint_buf_mgmt_stack_push
                0x00003cfe       0x36
 i.mint_buf_mgmt_stack_push
                0x00003cfe       0x36 C:\Program Files (x86)\Cypress\PSoC Creator\4.0\PSoC Creator\psoc\content\cycomponentlibrary\CyComponentLibrary.cylib\BLE_v2_30\Library\gccCyBLEStack_BLE_SOC_PERIPHERAL.a(mint_buf_mgmt.o)
                0x00003cfe                mint_buf_mgmt_stack_push

i.mint_buf_mgmt_stack_reset
                0x00003d34       0x1e
 i.mint_buf_mgmt_stack_reset
                0x00003d34       0x1e C:\Program Files (x86)\Cypress\PSoC Creator\4.0\PSoC Creator\psoc\content\cycomponentlibrary\CyComponentLibrary.cylib\BLE_v2_30\Library\gccCyBLEStack_BLE_SOC_PERIPHERAL.a(mint_buf_mgmt.o)
                0x00003d34                mint_buf_mgmt_stack_reset

i.mint_buf_mgmt_stack_search_item
                0x00003d52       0x30
 i.mint_buf_mgmt_stack_search_item
                0x00003d52       0x30 C:\Program Files (x86)\Cypress\PSoC Creator\4.0\PSoC Creator\psoc\content\cycomponentlibrary\CyComponentLibrary.cylib\BLE_v2_30\Library\gccCyBLEStack_BLE_SOC_PERIPHERAL.a(mint_buf_mgmt.o)
                0x00003d52                mint_buf_mgmt_stack_search_item

i.CyBleControllerIP_GetPingState
                0x00003d84        0xc
 i.CyBleControllerIP_GetPingState
                0x00003d84        0xc C:\Program Files (x86)\Cypress\PSoC Creator\4.0\PSoC Creator\psoc\content\cycomponentlibrary\CyComponentLibrary.cylib\BLE_v2_30\Library\gccCyBLEStack_BLE_SOC_PERIPHERAL.a(CyBleControllerIP_Interface.o)
                0x00003d84                CyBleControllerIP_GetPingState

i.CyBleController_AddDeviceToWhiteList
                0x00003d90       0x40
 i.CyBleController_AddDeviceToWhiteList
                0x00003d90       0x40 C:\Program Files (x86)\Cypress\PSoC Creator\4.0\PSoC Creator\psoc\content\cycomponentlibrary\CyComponentLibrary.cylib\BLE_v2_30\Library\gccCyBLEStack_BLE_SOC_PERIPHERAL.a(CyBleControllerIP_Interface.o)
                0x00003d90                CyBleController_AddDeviceToWhiteList

i.CyBleController_EnterLowPowerMode
                0x00003dd0       0x2c
 i.CyBleController_EnterLowPowerMode
                0x00003dd0       0x2c C:\Program Files (x86)\Cypress\PSoC Creator\4.0\PSoC Creator\psoc\content\cycomponentlibrary\CyComponentLibrary.cylib\BLE_v2_30\Library\gccCyBLEStack_BLE_SOC_PERIPHERAL.a(CyBleControllerIP_Interface.o)
                0x00003dd0                CyBleController_EnterLowPowerMode

i.CyBleController_ExitLowPowerMode
                0x00003dfc       0x10
 i.CyBleController_ExitLowPowerMode
                0x00003dfc       0x10 C:\Program Files (x86)\Cypress\PSoC Creator\4.0\PSoC Creator\psoc\content\cycomponentlibrary\CyComponentLibrary.cylib\BLE_v2_30\Library\gccCyBLEStack_BLE_SOC_PERIPHERAL.a(CyBleControllerIP_Interface.o)
                0x00003dfc                CyBleController_ExitLowPowerMode

i.CyBleController_Init
                0x00003e0c       0x32
 i.CyBleController_Init
                0x00003e0c       0x32 C:\Program Files (x86)\Cypress\PSoC Creator\4.0\PSoC Creator\psoc\content\cycomponentlibrary\CyComponentLibrary.cylib\BLE_v2_30\Library\gccCyBLEStack_BLE_SOC_PERIPHERAL.a(CyBleControllerIP_Interface.o)
                0x00003e0c                CyBleController_Init

i.CyBleController_SetDeviceAddress
                0x00003e3e       0x2e
 i.CyBleController_SetDeviceAddress
                0x00003e3e       0x2e C:\Program Files (x86)\Cypress\PSoC Creator\4.0\PSoC Creator\psoc\content\cycomponentlibrary\CyComponentLibrary.cylib\BLE_v2_30\Library\gccCyBLEStack_BLE_SOC_PERIPHERAL.a(CyBleControllerIP_Interface.o)
                0x00003e3e                CyBleController_SetDeviceAddress

i.CyBle_GetTxPowerLevel
                0x00003e6c       0x4e
 i.CyBle_GetTxPowerLevel
                0x00003e6c       0x4e C:\Program Files (x86)\Cypress\PSoC Creator\4.0\PSoC Creator\psoc\content\cycomponentlibrary\CyComponentLibrary.cylib\BLE_v2_30\Library\gccCyBLEStack_BLE_SOC_PERIPHERAL.a(CyBleControllerIP_Interface.o)
                0x00003e6c                CyBle_GetTxPowerLevel

i.CyBle_SetTxPowerLevel
                0x00003eba       0x56
 i.CyBle_SetTxPowerLevel
                0x00003eba       0x56 C:\Program Files (x86)\Cypress\PSoC Creator\4.0\PSoC Creator\psoc\content\cycomponentlibrary\CyComponentLibrary.cylib\BLE_v2_30\Library\gccCyBLEStack_BLE_SOC_PERIPHERAL.a(CyBleControllerIP_Interface.o)
                0x00003eba                CyBle_SetTxPowerLevel

i.ll_check_and_mark_packet_ready_for_transmission
                0x00003f10       0x28
 i.ll_check_and_mark_packet_ready_for_transmission
                0x00003f10       0x28 C:\Program Files (x86)\Cypress\PSoC Creator\4.0\PSoC Creator\psoc\content\cycomponentlibrary\CyComponentLibrary.cylib\BLE_v2_30\Library\gccCyBLEStack_BLE_SOC_PERIPHERAL.a(ll.o)
                0x00003f10                ll_check_and_mark_packet_ready_for_transmission

i.ll_cleanup_pending_data_pdu
                0x00003f38       0x38
 i.ll_cleanup_pending_data_pdu
                0x00003f38       0x38 C:\Program Files (x86)\Cypress\PSoC Creator\4.0\PSoC Creator\psoc\content\cycomponentlibrary\CyComponentLibrary.cylib\BLE_v2_30\Library\gccCyBLEStack_BLE_SOC_PERIPHERAL.a(ll.o)
                0x00003f38                ll_cleanup_pending_data_pdu

i.ll_enter_dsm_mode
                0x00003f70      0x1a4
 i.ll_enter_dsm_mode
                0x00003f70      0x1a4 C:\Program Files (x86)\Cypress\PSoC Creator\4.0\PSoC Creator\psoc\content\cycomponentlibrary\CyComponentLibrary.cylib\BLE_v2_30\Library\gccCyBLEStack_BLE_SOC_PERIPHERAL.a(ll.o)
                0x00003f70                ll_enter_dsm_mode

i.ll_enter_hibernate_mode
                0x00004114       0x28
 i.ll_enter_hibernate_mode
                0x00004114       0x28 C:\Program Files (x86)\Cypress\PSoC Creator\4.0\PSoC Creator\psoc\content\cycomponentlibrary\CyComponentLibrary.cylib\BLE_v2_30\Library\gccCyBLEStack_BLE_SOC_PERIPHERAL.a(ll.o)
                0x00004114                ll_enter_hibernate_mode

i.ll_enter_sm_mode
                0x0000413c       0x60
 i.ll_enter_sm_mode
                0x0000413c       0x60 C:\Program Files (x86)\Cypress\PSoC Creator\4.0\PSoC Creator\psoc\content\cycomponentlibrary\CyComponentLibrary.cylib\BLE_v2_30\Library\gccCyBLEStack_BLE_SOC_PERIPHERAL.a(ll.o)
                0x0000413c                ll_enter_sm_mode

i.ll_exit_low_power_mode
                0x0000419c       0xac
 i.ll_exit_low_power_mode
                0x0000419c       0xac C:\Program Files (x86)\Cypress\PSoC Creator\4.0\PSoC Creator\psoc\content\cycomponentlibrary\CyComponentLibrary.cylib\BLE_v2_30\Library\gccCyBLEStack_BLE_SOC_PERIPHERAL.a(ll.o)
                0x0000419c                ll_exit_low_power_mode

i.ll_get_ack_status
                0x00004248       0x3c
 i.ll_get_ack_status
                0x00004248       0x3c C:\Program Files (x86)\Cypress\PSoC Creator\4.0\PSoC Creator\psoc\content\cycomponentlibrary\CyComponentLibrary.cylib\BLE_v2_30\Library\gccCyBLEStack_BLE_SOC_PERIPHERAL.a(ll.o)
                0x00004248                ll_get_ack_status

i.ll_get_ack_status_for_all_connections
                0x00004284       0x34
 i.ll_get_ack_status_for_all_connections
                0x00004284       0x34 C:\Program Files (x86)\Cypress\PSoC Creator\4.0\PSoC Creator\psoc\content\cycomponentlibrary\CyComponentLibrary.cylib\BLE_v2_30\Library\gccCyBLEStack_BLE_SOC_PERIPHERAL.a(ll.o)
                0x00004284                ll_get_ack_status_for_all_connections

i.ll_get_adv_ch_tx_power
                0x000042b8       0x20
 i.ll_get_adv_ch_tx_power
                0x000042b8       0x20 C:\Program Files (x86)\Cypress\PSoC Creator\4.0\PSoC Creator\psoc\content\cycomponentlibrary\CyComponentLibrary.cylib\BLE_v2_30\Library\gccCyBLEStack_BLE_SOC_PERIPHERAL.a(ll.o)
                0x000042b8                ll_get_adv_ch_tx_power

i.ll_get_data_channel_map
                0x000042d8       0x24
 i.ll_get_data_channel_map
                0x000042d8       0x24 C:\Program Files (x86)\Cypress\PSoC Creator\4.0\PSoC Creator\psoc\content\cycomponentlibrary\CyComponentLibrary.cylib\BLE_v2_30\Library\gccCyBLEStack_BLE_SOC_PERIPHERAL.a(ll.o)
                0x000042d8                ll_get_data_channel_map

i.ll_get_max_white_list_size
                0x000042fc        0xc
 i.ll_get_max_white_list_size
                0x000042fc        0xc C:\Program Files (x86)\Cypress\PSoC Creator\4.0\PSoC Creator\psoc\content\cycomponentlibrary\CyComponentLibrary.cylib\BLE_v2_30\Library\gccCyBLEStack_BLE_SOC_PERIPHERAL.a(ll.o)
                0x000042fc                ll_get_max_white_list_size

i.ll_get_my_role
                0x00004308        0xc
 i.ll_get_my_role
                0x00004308        0xc C:\Program Files (x86)\Cypress\PSoC Creator\4.0\PSoC Creator\psoc\content\cycomponentlibrary\CyComponentLibrary.cylib\BLE_v2_30\Library\gccCyBLEStack_BLE_SOC_PERIPHERAL.a(ll.o)
                0x00004308                ll_get_my_role

i.ll_get_next_available_fifo_for_data_pdu
                0x00004314        0x8
 i.ll_get_next_available_fifo_for_data_pdu
                0x00004314        0x8 C:\Program Files (x86)\Cypress\PSoC Creator\4.0\PSoC Creator\psoc\content\cycomponentlibrary\CyComponentLibrary.cylib\BLE_v2_30\Library\gccCyBLEStack_BLE_SOC_PERIPHERAL.a(ll.o)
                0x00004314                ll_get_next_available_fifo_for_data_pdu

i.ll_get_next_available_fifo_for_ll_pdu
                0x0000431c       0x24
 i.ll_get_next_available_fifo_for_ll_pdu
                0x0000431c       0x24 C:\Program Files (x86)\Cypress\PSoC Creator\4.0\PSoC Creator\psoc\content\cycomponentlibrary\CyComponentLibrary.cylib\BLE_v2_30\Library\gccCyBLEStack_BLE_SOC_PERIPHERAL.a(ll.o)
                0x0000431c                ll_get_next_available_fifo_for_ll_pdu

i.ll_get_rssi_value
                0x00004340       0x26
 i.ll_get_rssi_value
                0x00004340       0x26 C:\Program Files (x86)\Cypress\PSoC Creator\4.0\PSoC Creator\psoc\content\cycomponentlibrary\CyComponentLibrary.cylib\BLE_v2_30\Library\gccCyBLEStack_BLE_SOC_PERIPHERAL.a(ll.o)
                0x00004340                ll_get_rssi_value

i.ll_get_transmit_power_level
                0x00004368       0x2c
 i.ll_get_transmit_power_level
                0x00004368       0x2c C:\Program Files (x86)\Cypress\PSoC Creator\4.0\PSoC Creator\psoc\content\cycomponentlibrary\CyComponentLibrary.cylib\BLE_v2_30\Library\gccCyBLEStack_BLE_SOC_PERIPHERAL.a(ll.o)
                0x00004368                ll_get_transmit_power_level

i.ll_handle_ack_received
                0x00004394       0x74
 i.ll_handle_ack_received
                0x00004394       0x74 C:\Program Files (x86)\Cypress\PSoC Creator\4.0\PSoC Creator\psoc\content\cycomponentlibrary\CyComponentLibrary.cylib\BLE_v2_30\Library\gccCyBLEStack_BLE_SOC_PERIPHERAL.a(ll.o)
                0x00004394                ll_handle_ack_received

i.ll_handle_add_device_in_whitelist
                0x00004408       0x3a
 i.ll_handle_add_device_in_whitelist
                0x00004408       0x3a C:\Program Files (x86)\Cypress\PSoC Creator\4.0\PSoC Creator\psoc\content\cycomponentlibrary\CyComponentLibrary.cylib\BLE_v2_30\Library\gccCyBLEStack_BLE_SOC_PERIPHERAL.a(ll.o)
                0x00004408                ll_handle_add_device_in_whitelist

i.ll_handle_clear_whitelist
                0x00004442       0x16
 i.ll_handle_clear_whitelist
                0x00004442       0x16 C:\Program Files (x86)\Cypress\PSoC Creator\4.0\PSoC Creator\psoc\content\cycomponentlibrary\CyComponentLibrary.cylib\BLE_v2_30\Library\gccCyBLEStack_BLE_SOC_PERIPHERAL.a(ll.o)
                0x00004442                ll_handle_clear_whitelist

i.ll_handle_encrypt_host_data
                0x00004458       0x36
 i.ll_handle_encrypt_host_data
                0x00004458       0x36 C:\Program Files (x86)\Cypress\PSoC Creator\4.0\PSoC Creator\psoc\content\cycomponentlibrary\CyComponentLibrary.cylib\BLE_v2_30\Library\gccCyBLEStack_BLE_SOC_PERIPHERAL.a(ll.o)
                0x00004458                ll_handle_encrypt_host_data

i.ll_handle_host_data_packet
                0x0000448e       0x54
 i.ll_handle_host_data_packet
                0x0000448e       0x54 C:\Program Files (x86)\Cypress\PSoC Creator\4.0\PSoC Creator\psoc\content\cycomponentlibrary\CyComponentLibrary.cylib\BLE_v2_30\Library\gccCyBLEStack_BLE_SOC_PERIPHERAL.a(ll.o)
                0x0000448e                ll_handle_host_data_packet

i.ll_handle_read_host_channel_map
                0x000044e2        0x4
 i.ll_handle_read_host_channel_map
                0x000044e2        0x4 C:\Program Files (x86)\Cypress\PSoC Creator\4.0\PSoC Creator\psoc\content\cycomponentlibrary\CyComponentLibrary.cylib\BLE_v2_30\Library\gccCyBLEStack_BLE_SOC_PERIPHERAL.a(ll.o)
                0x000044e2                ll_handle_read_host_channel_map

i.ll_handle_remove_device_in_whitelist
                0x000044e6       0x2a
 i.ll_handle_remove_device_in_whitelist
                0x000044e6       0x2a C:\Program Files (x86)\Cypress\PSoC Creator\4.0\PSoC Creator\psoc\content\cycomponentlibrary\CyComponentLibrary.cylib\BLE_v2_30\Library\gccCyBLEStack_BLE_SOC_PERIPHERAL.a(ll.o)
                0x000044e6                ll_handle_remove_device_in_whitelist

i.ll_handle_reset
                0x00004510        0xe
 i.ll_handle_reset
                0x00004510        0xe C:\Program Files (x86)\Cypress\PSoC Creator\4.0\PSoC Creator\psoc\content\cycomponentlibrary\CyComponentLibrary.cylib\BLE_v2_30\Library\gccCyBLEStack_BLE_SOC_PERIPHERAL.a(ll.o)
                0x00004510                ll_handle_reset

i.ll_handle_set_random_address
                0x0000451e       0x36
 i.ll_handle_set_random_address
                0x0000451e       0x36 C:\Program Files (x86)\Cypress\PSoC Creator\4.0\PSoC Creator\psoc\content\cycomponentlibrary\CyComponentLibrary.cylib\BLE_v2_30\Library\gccCyBLEStack_BLE_SOC_PERIPHERAL.a(ll.o)
                0x0000451e                ll_handle_set_random_address

i.ll_init       0x00004554       0x18
 i.ll_init      0x00004554       0x18 C:\Program Files (x86)\Cypress\PSoC Creator\4.0\PSoC Creator\psoc\content\cycomponentlibrary\CyComponentLibrary.cylib\BLE_v2_30\Library\gccCyBLEStack_BLE_SOC_PERIPHERAL.a(ll.o)
                0x00004554                ll_init

i.ll_initialize_device_attributes
                0x0000456c       0x4c
 i.ll_initialize_device_attributes
                0x0000456c       0x4c C:\Program Files (x86)\Cypress\PSoC Creator\4.0\PSoC Creator\psoc\content\cycomponentlibrary\CyComponentLibrary.cylib\BLE_v2_30\Library\gccCyBLEStack_BLE_SOC_PERIPHERAL.a(ll.o)
                0x0000456c                ll_initialize_device_attributes

i.ll_is_pkt_pending
                0x000045b8       0x2a
 i.ll_is_pkt_pending
                0x000045b8       0x2a C:\Program Files (x86)\Cypress\PSoC Creator\4.0\PSoC Creator\psoc\content\cycomponentlibrary\CyComponentLibrary.cylib\BLE_v2_30\Library\gccCyBLEStack_BLE_SOC_PERIPHERAL.a(ll.o)
                0x000045b8                ll_is_pkt_pending

i.ll_is_sent_pkt_pending
                0x000045e2       0x1a
 i.ll_is_sent_pkt_pending
                0x000045e2       0x1a C:\Program Files (x86)\Cypress\PSoC Creator\4.0\PSoC Creator\psoc\content\cycomponentlibrary\CyComponentLibrary.cylib\BLE_v2_30\Library\gccCyBLEStack_BLE_SOC_PERIPHERAL.a(ll.o)
                0x000045e2                ll_is_sent_pkt_pending

i.ll_isr_exit_low_power_mode
                0x000045fc       0x16
 i.ll_isr_exit_low_power_mode
                0x000045fc       0x16 C:\Program Files (x86)\Cypress\PSoC Creator\4.0\PSoC Creator\psoc\content\cycomponentlibrary\CyComponentLibrary.cylib\BLE_v2_30\Library\gccCyBLEStack_BLE_SOC_PERIPHERAL.a(ll.o)
                0x000045fc                ll_isr_exit_low_power_mode

i.ll_load_host_data_packet
                0x00004612       0x4a
 i.ll_load_host_data_packet
                0x00004612       0x4a C:\Program Files (x86)\Cypress\PSoC Creator\4.0\PSoC Creator\psoc\content\cycomponentlibrary\CyComponentLibrary.cylib\BLE_v2_30\Library\gccCyBLEStack_BLE_SOC_PERIPHERAL.a(ll.o)
                0x00004612                ll_load_host_data_packet

i.ll_load_packet_to_fifo
                0x0000465c       0x6e
 i.ll_load_packet_to_fifo
                0x0000465c       0x6e C:\Program Files (x86)\Cypress\PSoC Creator\4.0\PSoC Creator\psoc\content\cycomponentlibrary\CyComponentLibrary.cylib\BLE_v2_30\Library\gccCyBLEStack_BLE_SOC_PERIPHERAL.a(ll.o)
                0x0000465c                ll_load_packet_to_fifo

i.ll_process_acks
                0x000046ca       0x3c
 i.ll_process_acks
                0x000046ca       0x3c C:\Program Files (x86)\Cypress\PSoC Creator\4.0\PSoC Creator\psoc\content\cycomponentlibrary\CyComponentLibrary.cylib\BLE_v2_30\Library\gccCyBLEStack_BLE_SOC_PERIPHERAL.a(ll.o)
                0x000046ca                ll_process_acks

i.ll_reset      0x00004706       0x12
 i.ll_reset     0x00004706       0x12 C:\Program Files (x86)\Cypress\PSoC Creator\4.0\PSoC Creator\psoc\content\cycomponentlibrary\CyComponentLibrary.cylib\BLE_v2_30\Library\gccCyBLEStack_BLE_SOC_PERIPHERAL.a(ll.o)
                0x00004706                ll_reset

i.ll_update_active_features
                0x00004718       0x58
 i.ll_update_active_features
                0x00004718       0x58 C:\Program Files (x86)\Cypress\PSoC Creator\4.0\PSoC Creator\psoc\content\cycomponentlibrary\CyComponentLibrary.cylib\BLE_v2_30\Library\gccCyBLEStack_BLE_SOC_PERIPHERAL.a(ll.o)
                0x00004718                ll_update_active_features

i.ll_update_device_fsm
                0x00004770        0x8
 i.ll_update_device_fsm
                0x00004770        0x8 C:\Program Files (x86)\Cypress\PSoC Creator\4.0\PSoC Creator\psoc\content\cycomponentlibrary\CyComponentLibrary.cylib\BLE_v2_30\Library\gccCyBLEStack_BLE_SOC_PERIPHERAL.a(ll.o)
                0x00004770                ll_update_device_fsm

i.pf_le_start_timer
                0x00004778       0x16
 i.pf_le_start_timer
                0x00004778       0x16 C:\Program Files (x86)\Cypress\PSoC Creator\4.0\PSoC Creator\psoc\content\cycomponentlibrary\CyComponentLibrary.cylib\BLE_v2_30\Library\gccCyBLEStack_BLE_SOC_PERIPHERAL.a(ll.o)
                0x00004778                pf_le_start_timer

i.pf_le_stop_timer
                0x0000478e       0x12
 i.pf_le_stop_timer
                0x0000478e       0x12 C:\Program Files (x86)\Cypress\PSoC Creator\4.0\PSoC Creator\psoc\content\cycomponentlibrary\CyComponentLibrary.cylib\BLE_v2_30\Library\gccCyBLEStack_BLE_SOC_PERIPHERAL.a(ll.o)
                0x0000478e                pf_le_stop_timer

i.CyBleControllerIP_TuneAdvEventInterPktSlots
                0x000047a0       0x44
 i.CyBleControllerIP_TuneAdvEventInterPktSlots
                0x000047a0       0x44 C:\Program Files (x86)\Cypress\PSoC Creator\4.0\PSoC Creator\psoc\content\cycomponentlibrary\CyComponentLibrary.cylib\BLE_v2_30\Library\gccCyBLEStack_BLE_SOC_PERIPHERAL.a(ll_advertiser.o)
                0x000047a0                CyBleControllerIP_TuneAdvEventInterPktSlots

i.ll_adv_is_configured_connection_adv
                0x000047e4       0x1e
 i.ll_adv_is_configured_connection_adv
                0x000047e4       0x1e C:\Program Files (x86)\Cypress\PSoC Creator\4.0\PSoC Creator\psoc\content\cycomponentlibrary\CyComponentLibrary.cylib\BLE_v2_30\Library\gccCyBLEStack_BLE_SOC_PERIPHERAL.a(ll_advertiser.o)
                0x000047e4                ll_adv_is_configured_connection_adv

i.ll_check_random_address_in_use_by_advertiser
                0x00004802       0x10
 i.ll_check_random_address_in_use_by_advertiser
                0x00004802       0x10 C:\Program Files (x86)\Cypress\PSoC Creator\4.0\PSoC Creator\psoc\content\cycomponentlibrary\CyComponentLibrary.cylib\BLE_v2_30\Library\gccCyBLEStack_BLE_SOC_PERIPHERAL.a(ll_advertiser.o)
                0x00004802                ll_check_random_address_in_use_by_advertiser

i.ll_check_whitelist_in_use_by_advertiser
                0x00004812       0x10
 i.ll_check_whitelist_in_use_by_advertiser
                0x00004812       0x10 C:\Program Files (x86)\Cypress\PSoC Creator\4.0\PSoC Creator\psoc\content\cycomponentlibrary\CyComponentLibrary.cylib\BLE_v2_30\Library\gccCyBLEStack_BLE_SOC_PERIPHERAL.a(ll_advertiser.o)
                0x00004812                ll_check_whitelist_in_use_by_advertiser

i.ll_get_adv_status
                0x00004822        0xc
 i.ll_get_adv_status
                0x00004822        0xc C:\Program Files (x86)\Cypress\PSoC Creator\4.0\PSoC Creator\psoc\content\cycomponentlibrary\CyComponentLibrary.cylib\BLE_v2_30\Library\gccCyBLEStack_BLE_SOC_PERIPHERAL.a(ll_advertiser.o)
                0x00004822                ll_get_adv_status

i.ll_get_adv_type
                0x0000482e       0x16
 i.ll_get_adv_type
                0x0000482e       0x16 C:\Program Files (x86)\Cypress\PSoC Creator\4.0\PSoC Creator\psoc\content\cycomponentlibrary\CyComponentLibrary.cylib\BLE_v2_30\Library\gccCyBLEStack_BLE_SOC_PERIPHERAL.a(ll_advertiser.o)
                0x0000482e                ll_get_adv_type

i.ll_handle_adv_intr
                0x00004844       0x50
 i.ll_handle_adv_intr
                0x00004844       0x50 C:\Program Files (x86)\Cypress\PSoC Creator\4.0\PSoC Creator\psoc\content\cycomponentlibrary\CyComponentLibrary.cylib\BLE_v2_30\Library\gccCyBLEStack_BLE_SOC_PERIPHERAL.a(ll_advertiser.o)
                0x00004844                ll_handle_adv_intr

i.ll_handle_set_adv_data
                0x00004894       0x14
 i.ll_handle_set_adv_data
                0x00004894       0x14 C:\Program Files (x86)\Cypress\PSoC Creator\4.0\PSoC Creator\psoc\content\cycomponentlibrary\CyComponentLibrary.cylib\BLE_v2_30\Library\gccCyBLEStack_BLE_SOC_PERIPHERAL.a(ll_advertiser.o)
                0x00004894                ll_handle_set_adv_data

i.ll_handle_set_adv_parameters
                0x000048a8       0x84
 i.ll_handle_set_adv_parameters
                0x000048a8       0x84 C:\Program Files (x86)\Cypress\PSoC Creator\4.0\PSoC Creator\psoc\content\cycomponentlibrary\CyComponentLibrary.cylib\BLE_v2_30\Library\gccCyBLEStack_BLE_SOC_PERIPHERAL.a(ll_advertiser.o)
                0x000048a8                ll_handle_set_adv_parameters

i.ll_handle_set_advertise_enable
                0x0000492c       0x78
 i.ll_handle_set_advertise_enable
                0x0000492c       0x78 C:\Program Files (x86)\Cypress\PSoC Creator\4.0\PSoC Creator\psoc\content\cycomponentlibrary\CyComponentLibrary.cylib\BLE_v2_30\Library\gccCyBLEStack_BLE_SOC_PERIPHERAL.a(ll_advertiser.o)
                0x0000492c                ll_handle_set_advertise_enable

i.ll_handle_set_scan_resp_data
                0x000049a4       0x14
 i.ll_handle_set_scan_resp_data
                0x000049a4       0x14 C:\Program Files (x86)\Cypress\PSoC Creator\4.0\PSoC Creator\psoc\content\cycomponentlibrary\CyComponentLibrary.cylib\BLE_v2_30\Library\gccCyBLEStack_BLE_SOC_PERIPHERAL.a(ll_advertiser.o)
                0x000049a4                ll_handle_set_scan_resp_data

i.ll_init_advertiser
                0x000049b8       0x68
 i.ll_init_advertiser
                0x000049b8       0x68 C:\Program Files (x86)\Cypress\PSoC Creator\4.0\PSoC Creator\psoc\content\cycomponentlibrary\CyComponentLibrary.cylib\BLE_v2_30\Library\gccCyBLEStack_BLE_SOC_PERIPHERAL.a(ll_advertiser.o)
                0x000049b8                ll_init_advertiser

i.is_le_connection_handle
                0x00004a20       0x28
 i.is_le_connection_handle
                0x00004a20       0x28 C:\Program Files (x86)\Cypress\PSoC Creator\4.0\PSoC Creator\psoc\content\cycomponentlibrary\CyComponentLibrary.cylib\BLE_v2_30\Library\gccCyBLEStack_BLE_SOC_PERIPHERAL.a(ll_connection.o)
                0x00004a20                is_le_connection_handle

i.le_assign_connection_handle
                0x00004a48       0x28
 i.le_assign_connection_handle