Archive member included because of file (symbol)

.\CortexM0\ARM_GCC_493\Debug\capsenseled.a(cyfitter_cfg.o)
                              .\CortexM0\ARM_GCC_493\Debug\Cm0Start.o (cyfitter_cfg)
.\CortexM0\ARM_GCC_493\Debug\capsenseled.a(red.o)
                              .\CortexM0\ARM_GCC_493\Debug\main.o (red_Write)
.\CortexM0\ARM_GCC_493\Debug\capsenseled.a(ble.o)
                              .\CortexM0\ARM_GCC_493\Debug\main.o (CyBle_Start)
.\CortexM0\ARM_GCC_493\Debug\capsenseled.a(ble_gatt.o)
                              .\CortexM0\ARM_GCC_493\Debug\main.o (cyBle_state)
.\CortexM0\ARM_GCC_493\Debug\capsenseled.a(ble_eventHandler.o)
                              .\CortexM0\ARM_GCC_493\Debug\main.o (cyBle_connHandle)
.\CortexM0\ARM_GCC_493\Debug\capsenseled.a(ble_custom.o)
                              .\CortexM0\ARM_GCC_493\Debug\capsenseled.a(ble.o) (CyBle_CustomInit)
.\CortexM0\ARM_GCC_493\Debug\capsenseled.a(pwm.o)
                              .\CortexM0\ARM_GCC_493\Debug\main.o (pwm_Stop)
.\CortexM0\ARM_GCC_493\Debug\capsenseled.a(CyLib.o)
                              .\CortexM0\ARM_GCC_493\Debug\capsenseled.a(cyfitter_cfg.o) (CySysClkWriteImoFreq)
.\CortexM0\ARM_GCC_493\Debug\capsenseled.a(CyLFClk.o)
                              .\CortexM0\ARM_GCC_493\Debug\capsenseled.a(cyfitter_cfg.o) (CySysClkWcoStart)
.\CortexM0\ARM_GCC_493\Debug\capsenseled.a(Pin_l293_IC1_EN_12.o)
                              .\CortexM0\ARM_GCC_493\Debug\main.o (Pin_l293_IC1_EN_12_Write)
.\CortexM0\ARM_GCC_493\Debug\capsenseled.a(Pin_l293_IC1_EN_34.o)
                              .\CortexM0\ARM_GCC_493\Debug\main.o (Pin_l293_IC1_EN_34_Write)
.\CortexM0\ARM_GCC_493\Debug\capsenseled.a(Pin_l293_IC2_EN_12.o)
                              .\CortexM0\ARM_GCC_493\Debug\main.o (Pin_l293_IC2_EN_12_Write)
.\CortexM0\ARM_GCC_493\Debug\capsenseled.a(Pin_l293_IC2_EN_34.o)
                              .\CortexM0\ARM_GCC_493\Debug\main.o (Pin_l293_IC2_EN_34_Write)
.\CortexM0\ARM_GCC_493\Debug\capsenseled.a(Pin_OE.o)
                              .\CortexM0\ARM_GCC_493\Debug\dc_motor_library.o (Pin_OE_Write)
.\CortexM0\ARM_GCC_493\Debug\capsenseled.a(Pin_RCLK.o)
                              .\CortexM0\ARM_GCC_493\Debug\dc_motor_library.o (Pin_RCLK_Write)
.\CortexM0\ARM_GCC_493\Debug\capsenseled.a(Pin_SRCLK.o)
                              .\CortexM0\ARM_GCC_493\Debug\dc_motor_library.o (Pin_SRCLK_Write)
.\CortexM0\ARM_GCC_493\Debug\capsenseled.a(Pin_SER.o)
                              .\CortexM0\ARM_GCC_493\Debug\dc_motor_library.o (Pin_SER_Write)
.\CortexM0\ARM_GCC_493\Debug\capsenseled.a(green.o)
                              .\CortexM0\ARM_GCC_493\Debug\main.o (green_Write)
.\CortexM0\ARM_GCC_493\Debug\capsenseled.a(CyBootAsmGnu.o)
                              .\CortexM0\ARM_GCC_493\Debug\capsenseled.a(cyfitter_cfg.o) (CyDelayCycles)
C:\Program Files (x86)\Cypress\PSoC Creator\4.0\PSoC Creator\psoc\content\cycomponentlibrary\CyComponentLibrary.cylib\BLE_v2_30\Library\gccCyBLEStack_BLE_SOC_PERIPHERAL.a(CyBle.o)
                              .\CortexM0\ARM_GCC_493\Debug\main.o (CyBle_EnterLPM)
C:\Program Files (x86)\Cypress\PSoC Creator\4.0\PSoC Creator\psoc\content\cycomponentlibrary\CyComponentLibrary.cylib\BLE_v2_30\Library\gccCyBLEStack_BLE_SOC_PERIPHERAL.a(CyBleStackMgrIP_Interface.o)
                              C:\Program Files (x86)\Cypress\PSoC Creator\4.0\PSoC Creator\psoc\content\cycomponentlibrary\CyComponentLibrary.cylib\BLE_v2_30\Library\gccCyBLEStack_BLE_SOC_PERIPHERAL.a(CyBle.o) (CyBleStackMgr_Init)
C:\Program Files (x86)\Cypress\PSoC Creator\4.0\PSoC Creator\psoc\content\cycomponentlibrary\CyComponentLibrary.cylib\BLE_v2_30\Library\gccCyBLEStack_BLE_SOC_PERIPHERAL.a(BT_os.o)
                              C:\Program Files (x86)\Cypress\PSoC Creator\4.0\PSoC Creator\psoc\content\cycomponentlibrary\CyComponentLibrary.cylib\BLE_v2_30\Library\gccCyBLEStack_BLE_SOC_PERIPHERAL.a(CyBleStackMgrIP_Interface.o) (cyBleStackMemoryConfig)
C:\Program Files (x86)\Cypress\PSoC Creator\4.0\PSoC Creator\psoc\content\cycomponentlibrary\CyComponentLibrary.cylib\BLE_v2_30\Library\gccCyBLEStack_BLE_SOC_PERIPHERAL.a(CyBleStackMgr_StackTaskHandler.o)
                              C:\Program Files (x86)\Cypress\PSoC Creator\4.0\PSoC Creator\psoc\content\cycomponentlibrary\CyComponentLibrary.cylib\BLE_v2_30\Library\gccCyBLEStack_BLE_SOC_PERIPHERAL.a(CyBleStackMgrIP_Interface.o) (CyBle_CreateBleStackTask)
C:\Program Files (x86)\Cypress\PSoC Creator\4.0\PSoC Creator\psoc\content\cycomponentlibrary\CyComponentLibrary.cylib\BLE_v2_30\Library\gccCyBLEStack_BLE_SOC_PERIPHERAL.a(transport_sf.o)
                              C:\Program Files (x86)\Cypress\PSoC Creator\4.0\PSoC Creator\psoc\content\cycomponentlibrary\CyComponentLibrary.cylib\BLE_v2_30\Library\gccCyBLEStack_BLE_SOC_PERIPHERAL.a(CyBleStackMgr_StackTaskHandler.o) (hci_soft_transport_notify_data_received)
[...]
Memory Configuration

Name             Origin             Length             Attributes
rom              0x00000000         0x00020000         xr
ram              0x20000000         0x00004000         xrw
*default*        0x00000000         0xffffffff

Linker script and memory map

LOAD c:/program files (x86)/cypress/psoc creator/4.0/psoc creator/import/gnu/arm/4.9.3/bin/../lib/gcc/arm-none-eabi/4.9.3/armv6-m/crti.o
LOAD c:/program files (x86)/cypress/psoc creator/4.0/psoc creator/import/gnu/arm/4.9.3/bin/../lib/gcc/arm-none-eabi/4.9.3/armv6-m/crtbegin.o
LOAD c:/program files (x86)/cypress/psoc creator/4.0/psoc creator/import/gnu/arm/4.9.3/bin/../lib/gcc/arm-none-eabi/4.9.3/../../../../arm-none-eabi/lib/armv6-m/crt0.o
START GROUP
LOAD .\CortexM0\ARM_GCC_493\Debug\main.o
LOAD .\CortexM0\ARM_GCC_493\Debug\dc_motor_library.o
LOAD .\CortexM0\ARM_GCC_493\Debug\cymetadata.o
LOAD .\CortexM0\ARM_GCC_493\Debug\Cm0Start.o
LOAD .\CortexM0\ARM_GCC_493\Debug\capsenseled.a
LOAD C:\Program Files (x86)\Cypress\PSoC Creator\4.0\PSoC Creator\psoc\content\cycomponentlibrary\CyComponentLibrary.cylib\BLE_v2_30\Library\gccCyBLEStack_BLE_SOC_PERIPHERAL.a
LOAD C:\Program Files (x86)\Cypress\PSoC Creator\4.0\PSoC Creator\psoc\content\cycomponentlibrary\CyComponentLibrary.cylib\CortexM0\ARM_GCC_493\Debug\CyComponentLibrary.a
END GROUP
START GROUP
LOAD c:/program files (x86)/cypress/psoc creator/4.0/psoc creator/import/gnu/arm/4.9.3/bin/../lib/gcc/arm-none-eabi/4.9.3/armv6-m\libgcc.a
LOAD c:/program files (x86)/cypress/psoc creator/4.0/psoc creator/import/gnu/arm/4.9.3/bin/../lib/gcc/arm-none-eabi/4.9.3/../../../../arm-none-eabi/lib/armv6-m\libg_nano.a
LOAD c:/program files (x86)/cypress/psoc creator/4.0/psoc creator/import/gnu/arm/4.9.3/bin/../lib/gcc/arm-none-eabi/4.9.3/../../../../arm-none-eabi/lib/armv6-m\libc_nano.a
END GROUP
START GROUP
LOAD c:/program files (x86)/cypress/psoc creator/4.0/psoc creator/import/gnu/arm/4.9.3/bin/../lib/gcc/arm-none-eabi/4.9.3/armv6-m\libgcc.a
LOAD c:/program files (x86)/cypress/psoc creator/4.0/psoc creator/import/gnu/arm/4.9.3/bin/../lib/gcc/arm-none-eabi/4.9.3/../../../../arm-none-eabi/lib/armv6-m\libc_nano.a
END GROUP
LOAD c:/program files (x86)/cypress/psoc creator/4.0/psoc creator/import/gnu/arm/4.9.3/bin/../lib/gcc/arm-none-eabi/4.9.3/armv6-m/crtend.o
LOAD c:/program files (x86)/cypress/psoc creator/4.0/psoc creator/import/gnu/arm/4.9.3/bin/../lib/gcc/arm-none-eabi/4.9.3/armv6-m/crtn.o
START GROUP
LOAD c:/program files (x86)/cypress/psoc creator/4.0/psoc creator/import/gnu/arm/4.9.3/bin/../lib/gcc/arm-none-eabi/4.9.3/armv6-m\libgcc.a
LOAD c:/program files (x86)/cypress/psoc creator/4.0/psoc creator/import/gnu/arm/4.9.3/bin/../lib/gcc/arm-none-eabi/4.9.3/../../../../arm-none-eabi/lib/armv6-m\libc.a
LOAD c:/program files (x86)/cypress/psoc creator/4.0/psoc creator/import/gnu/arm/4.9.3/bin/../lib/gcc/arm-none-eabi/4.9.3/../../../../arm-none-eabi/lib/armv6-m\libnosys.a
END GROUP
                0x00000000                CY_APPL_ORIGIN = 0x0
                0x00000080                CY_FLASH_ROW_SIZE = 0x80
                0x00000001                CY_APPL_NUM = 0x1
                0x00000001                CY_APPL_MAX = 0x1
                0x00000040                CY_METADATA_SIZE = 0x40
                0x00000000                CY_APPL_LOADABLE = 0x0
                0x00000000                CY_CHECKSUM_EXCLUDE_SIZE = ALIGN (0x0, CY_FLASH_ROW_SIZE)
                0x00000000                CY_APP_FOR_STACK_AND_COPIER = 0x0
                0x20001e20                PROVIDE (__cy_heap_start, _end)
                0x00000001                PROVIDE (__cy_region_num, ((__cy_regions_end - __cy_regions) / 0x10))
                0x20004000                PROVIDE (__cy_stack, (ORIGIN (ram) + 0x4000))
                0x20003800                PROVIDE (__cy_heap_end, (__cy_stack - 0x800))

.cybootloader   0x00000000        0x0
 *(.cybootloader)
                0x00000000                appl1_start = CY_APPL_ORIGIN?CY_APPL_ORIGIN:ALIGN (CY_FLASH_ROW_SIZE)
                0x0000ff80                appl2_start = (appl1_start + ALIGN ((((0x20000 - appl1_start) - (0x2 * CY_FLASH_ROW_SIZE)) / 0x2), CY_FLASH_ROW_SIZE))
                0x00000000                appl_start = (CY_APPL_NUM == 0x1)?appl1_start:appl2_start
                0x00000001                cy_project_type_bootloader = (appl_start == 0x0)?0x1:0x0
                0x00000000                cy_project_type_app_for_stack_and_copier = (CY_APP_FOR_STACK_AND_COPIER == 0x1)?0x1:0x0

.text           0x00000000     0x15b0
 CREATE_OBJECT_SYMBOLS
                0x00000000                PROVIDE (__cy_interrupt_vector, RomVectors)
 *(.romvectors)
 .romvectors    0x00000000       0x10 .\CortexM0\ARM_GCC_493\Debug\Cm0Start.o
                0x00000000                RomVectors
                0x00000001                ASSERT ((. != __cy_interrupt_vector), No interrupt vector)
                0x00000001                ASSERT (CY_APPL_ORIGIN?(SIZEOF (.cybootloader) <= CY_APPL_ORIGIN):0x1, Wrong image location)
                0x00000010                PROVIDE (__cy_reset, Reset)
 *(.text.Reset)
 .text.Reset    0x00000010        0x8 .\CortexM0\ARM_GCC_493\Debug\Cm0Start.o
                0x00000010                Reset
                0x00000001                ASSERT ((. != __cy_reset), No reset code)
 *(.psocinit)
 .psocinit      0x00000018      0x1fc .\CortexM0\ARM_GCC_493\Debug\capsenseled.a(cyfitter_cfg.o)
                0x000000f4                cyfitter_cfg
                0x00000214                . = MAX (., 0x100)
 *(.text .text.* .gnu.linkonce.t.*)
 .text          0x00000214       0x60 c:/program files (x86)/cypress/psoc creator/4.0/psoc creator/import/gnu/arm/4.9.3/bin/../lib/gcc/arm-none-eabi/4.9.3/armv6-m/crtbegin.o
 .text.updateRight
                0x00000274       0x3c .\CortexM0\ARM_GCC_493\Debug\main.o
                0x00000274                updateRight
 .text.updateLeft
                0x000002b0       0x3c .\CortexM0\ARM_GCC_493\Debug\main.o
                0x000002b0                updateLeft
 .text.updateDirection
                0x000002ec       0x2c .\CortexM0\ARM_GCC_493\Debug\main.o
                0x000002ec                updateDirection
 .text.updateBothMotors
                0x00000318       0x2c .\CortexM0\ARM_GCC_493\Debug\main.o
                0x00000318                updateBothMotors
 .text.BleCallBack
                0x00000344      0x1fc .\CortexM0\ARM_GCC_493\Debug\main.o
                0x00000344                BleCallBack
 .text.main     0x00000540       0x38 .\CortexM0\ARM_GCC_493\Debug\main.o
                0x00000540                main
 .text.writeShiftRegisters
                0x00000578       0x54 .\CortexM0\ARM_GCC_493\Debug\dc_motor_library.o
                0x00000578                writeShiftRegisters
 .text.IntDefaultHandler
                0x000005cc        0x4 .\CortexM0\ARM_GCC_493\Debug\Cm0Start.o
                0x000005cc                IntDefaultHandler
 .text.Start_c  0x000005d0       0x48 .\CortexM0\ARM_GCC_493\Debug\Cm0Start.o
                0x000005d0                Start_c
 .text.initialize_psoc
                0x00000618       0x54 .\CortexM0\ARM_GCC_493\Debug\Cm0Start.o
                0x00000618                initialize_psoc
 .text.cfg_write_bytes32
                0x0000066c       0x34 .\CortexM0\ARM_GCC_493\Debug\capsenseled.a(cyfitter_cfg.o)
 .text.AnalogSetDefault
                0x000006a0       0x20 .\CortexM0\ARM_GCC_493\Debug\capsenseled.a(cyfitter_cfg.o)
 .text.CYMEMZERO
                0x000006c0        0xc .\CortexM0\ARM_GCC_493\Debug\capsenseled.a(cyfitter_cfg.o)
 .text.red_Write
                0x000006cc       0x18 .\CortexM0\ARM_GCC_493\Debug\capsenseled.a(red.o)
                0x000006cc                red_Write
 .text.red_Read
                0x000006e4       0x10 .\CortexM0\ARM_GCC_493\Debug\capsenseled.a(red.o)
                0x000006e4                red_Read
 .text.CyBle_ServiceInit
                0x000006f4        0x8 .\CortexM0\ARM_GCC_493\Debug\capsenseled.a(ble.o)
                0x000006f4                CyBle_ServiceInit
 .text.CyBle_Init
                0x000006fc       0x34 .\CortexM0\ARM_GCC_493\Debug\capsenseled.a(ble.o)
                0x000006fc                CyBle_Init
 .text.CyBle_Start
                0x00000730       0x88 .\CortexM0\ARM_GCC_493\Debug\capsenseled.a(ble.o)
                0x00000730                CyBle_Start
 .text.CyBle_GappStartAdvertisement
                0x000007b8       0x84 .\CortexM0\ARM_GCC_493\Debug\capsenseled.a(ble.o)
                0x000007b8                CyBle_GappStartAdvertisement
 .text.CyBle_ChangeAdDeviceAddress
                0x0000083c        0x4 .\CortexM0\ARM_GCC_493\Debug\capsenseled.a(ble.o)
                0x0000083c                CyBle_ChangeAdDeviceAddress
 .text.CyBle_Get16ByPtr
                0x00000840        0xc .\CortexM0\ARM_GCC_493\Debug\capsenseled.a(ble.o)
                0x00000840                CyBle_Get16ByPtr
 .text.CyBle_GattsWriteEventHandler
                0x0000084c       0x58 .\CortexM0\ARM_GCC_493\Debug\capsenseled.a(ble_gatt.o)
                0x0000084c                CyBle_GattsWriteEventHandler
 .text.CyBle_GattDisconnectEventHandler
                0x000008a4       0x10 .\CortexM0\ARM_GCC_493\Debug\capsenseled.a(ble_eventHandler.o)
 .text.CyBle_IsDeviceAddressValid
                0x000008b4       0x24 .\CortexM0\ARM_GCC_493\Debug\capsenseled.a(ble_eventHandler.o)
 .text.CyBle_WriteReqHandler
                0x000008d8       0x38 .\CortexM0\ARM_GCC_493\Debug\capsenseled.a(ble_eventHandler.o)
 .text.CyBle_EventHandler
                0x00000910      0x210 .\CortexM0\ARM_GCC_493\Debug\capsenseled.a(ble_eventHandler.o)
                0x00000910                CyBle_EventHandler
 .text.CyBle_CustomInit
                0x00000b20        0x4 .\CortexM0\ARM_GCC_493\Debug\capsenseled.a(ble_custom.o)
                0x00000b20                CyBle_CustomInit
 .text.pwm_Enable
                0x00000b24       0x10 .\CortexM0\ARM_GCC_493\Debug\capsenseled.a(pwm.o)
                0x00000b24                pwm_Enable
 .text.pwm_Stop
                0x00000b34       0x10 .\CortexM0\ARM_GCC_493\Debug\capsenseled.a(pwm.o)
                0x00000b34                pwm_Stop
 .text.pwm_WriteCounter
                0x00000b44        0xc .\CortexM0\ARM_GCC_493\Debug\capsenseled.a(pwm.o)
                0x00000b44                pwm_WriteCounter
 .text.pwm_WritePeriod
                0x00000b50        0xc .\CortexM0\ARM_GCC_493\Debug\capsenseled.a(pwm.o)
                0x00000b50                pwm_WritePeriod
 .text.pwm_WriteCompare
                0x00000b5c        0xc .\CortexM0\ARM_GCC_493\Debug\capsenseled.a(pwm.o)
                0x00000b5c                pwm_WriteCompare
 .text.pwm_SetInterruptMode
                0x00000b68        0xc .\CortexM0\ARM_GCC_493\Debug\capsenseled.a(pwm.o)
                0x00000b68                pwm_SetInterruptMode
 .text.pwm_ReadStatusRegister
                0x00000b74        0xc .\CortexM0\ARM_GCC_493\Debug\capsenseled.a(pwm.o)
                0x00000b74                pwm_ReadStatusRegister
 .text.pwm_ReadCapture
                0x00000b80        0xc .\CortexM0\ARM_GCC_493\Debug\capsenseled.a(pwm.o)
                0x00000b80                pwm_ReadCapture
 .text.pwm_ClearFIFO
                0x00000b8c       0x14 .\CortexM0\ARM_GCC_493\Debug\capsenseled.a(pwm.o)
                0x00000b8c                pwm_ClearFIFO
 .text.pwm_Init
                0x00000ba0       0x50 .\CortexM0\ARM_GCC_493\Debug\capsenseled.a(pwm.o)
                0x00000ba0                pwm_Init
 .text.pwm_Start
                0x00000bf0       0x20 .\CortexM0\ARM_GCC_493\Debug\capsenseled.a(pwm.o)
                0x00000bf0                pwm_Start
 .text.CySysClkWriteImoFreq
                0x00000c10       0x64 .\CortexM0\ARM_GCC_493\Debug\capsenseled.a(CyLib.o)
                0x00000c10                CySysClkWriteImoFreq
 .text.CySysClkEcoReadStatus
                0x00000c74       0x10 .\CortexM0\ARM_GCC_493\Debug\capsenseled.a(CyLib.o)
                0x00000c74                CySysClkEcoReadStatus
 .text.CyIntEnable
                0x00000c84       0x14 .\CortexM0\ARM_GCC_493\Debug\capsenseled.a(CyLib.o)
                0x00000c84                CyIntEnable
 .text.CyHalt   0x00000c98        0x4 .\CortexM0\ARM_GCC_493\Debug\capsenseled.a(CyLib.o)
                0x00000c98                CyHalt
 .text.CyIntSetVector
                0x00000c9c       0x24 .\CortexM0\ARM_GCC_493\Debug\capsenseled.a(CyLib.o)
                0x00000c9c                CyIntSetVector
 .text.CyDelay  0x00000cc0       0x30 .\CortexM0\ARM_GCC_493\Debug\capsenseled.a(CyLib.o)
                0x00000cc0                CyDelay
 .text.CyDelayUs
                0x00000cf0       0x14 .\CortexM0\ARM_GCC_493\Debug\capsenseled.a(CyLib.o)
                0x00000cf0                CyDelayUs
 .text.CySysClkEcoStart
                0x00000d04       0x54 .\CortexM0\ARM_GCC_493\Debug\capsenseled.a(CyLib.o)
                0x00000d04                CySysClkEcoStart
 .text.CySysWdtLocked
                0x00000d58       0x14 .\CortexM0\ARM_GCC_493\Debug\capsenseled.a(CyLFClk.o)
 .text.CySysClkWcoStart
                0x00000d6c       0x40 .\CortexM0\ARM_GCC_493\Debug\capsenseled.a(CyLFClk.o)
                0x00000d6c                CySysClkWcoStart
 .text.CySysClkWcoSetPowerMode
                0x00000dac       0x80 .\CortexM0\ARM_GCC_493\Debug\capsenseled.a(CyLFClk.o)
                0x00000dac                CySysClkWcoSetPowerMode
 .text.CySysWdtLock
                0x00000e2c       0x1c .\CortexM0\ARM_GCC_493\Debug\capsenseled.a(CyLFClk.o)
                0x00000e2c                CySysWdtLock
 .text.CySysWdtUnlock
                0x00000e48       0x30 .\CortexM0\ARM_GCC_493\Debug\capsenseled.a(CyLFClk.o)
                0x00000e48                CySysWdtUnlock
 .text.CySysWdtClearInterrupt
                0x00000e78       0x4c .\CortexM0\ARM_GCC_493\Debug\capsenseled.a(CyLFClk.o)
                0x00000e78                CySysWdtClearInterrupt
 .text.CySysWdtIsr
                0x00000ec4       0xa4 .\CortexM0\ARM_GCC_493\Debug\capsenseled.a(CyLFClk.o)
                0x00000ec4                CySysWdtIsr
 .text.Pin_l293_IC1_EN_12_Write
                0x00000f68       0x18 .\CortexM0\ARM_GCC_493\Debug\capsenseled.a(Pin_l293_IC1_EN_12.o)
                0x00000f68                Pin_l293_IC1_EN_12_Write
 .text.Pin_l293_IC1_EN_34_Write
                0x00000f80       0x18 .\CortexM0\ARM_GCC_493\Debug\capsenseled.a(Pin_l293_IC1_EN_34.o)
                0x00000f80                Pin_l293_IC1_EN_34_Write
 .text.Pin_l293_IC2_EN_12_Write
                0x00000f98       0x18 .\CortexM0\ARM_GCC_493\Debug\capsenseled.a(Pin_l293_IC2_EN_12.o)
                0x00000f98                Pin_l293_IC2_EN_12_Write
 .text.Pin_l293_IC2_EN_34_Write
                0x00000fb0       0x18 .\CortexM0\ARM_GCC_493\Debug\capsenseled.a(Pin_l293_IC2_EN_34.o)
                0x00000fb0                Pin_l293_IC2_EN_34_Write
 .text.Pin_OE_Write
                0x00000fc8       0x18 .\CortexM0\ARM_GCC_493\Debug\capsenseled.a(Pin_OE.o)
                0x00000fc8                Pin_OE_Write
 .text.Pin_RCLK_Write
                0x00000fe0       0x18 .\CortexM0\ARM_GCC_493\Debug\capsenseled.a(Pin_RCLK.o)
                0x00000fe0                Pin_RCLK_Write
 .text.Pin_SRCLK_Write
                0x00000ff8       0x18 .\CortexM0\ARM_GCC_493\Debug\capsenseled.a(Pin_SRCLK.o)
                0x00000ff8                Pin_SRCLK_Write
 .text.Pin_SER_Write
                0x00001010       0x18 .\CortexM0\ARM_GCC_493\Debug\capsenseled.a(Pin_SER.o)
                0x00001010                Pin_SER_Write
 .text.green_Write
                0x00001028       0x18 .\CortexM0\ARM_GCC_493\Debug\capsenseled.a(green.o)
                0x00001028                green_Write
 .text.green_Read
                0x00001040       0x10 .\CortexM0\ARM_GCC_493\Debug\capsenseled.a(green.o)
                0x00001040                green_Read
 .text          0x00001050       0x20 .\CortexM0\ARM_GCC_493\Debug\capsenseled.a(CyBootAsmGnu.o)
                0x00001050                CyDelayCycles
                0x00001062                CyEnterCriticalSection
                0x0000106a                CyExitCriticalSection
 .text.CyBLE_Bless_LlRegWrite
                0x00001070        0x4 .\CortexM0\ARM_GCC_493\Debug\capsenseled.a(ble_HAL_PVT.o)
                0x00001070                CyBLE_Bless_LlRegWrite
 .text.CyBLE_Bless_RfRegWrite
                0x00001074        0x4 .\CortexM0\ARM_GCC_493\Debug\capsenseled.a(ble_HAL_PVT.o)
                0x00001074                CyBLE_Bless_RfRegWrite
 .text.CyBLE_BlessDeviceConfig
                0x00001078       0xdc .\CortexM0\ARM_GCC_493\Debug\capsenseled.a(ble_HAL_PVT.o)
                0x00001078                CyBLE_BlessDeviceConfig
 .text.CyBleHal_DelayUs
                0x00001154        0x8 .\CortexM0\ARM_GCC_493\Debug\capsenseled.a(ble_HAL_PVT.o)
                0x00001154                CyBleHal_DelayUs
 .text.CyBleHal_EnableGlobalInterrupts
                0x0000115c        0x8 .\CortexM0\ARM_GCC_493\Debug\capsenseled.a(ble_HAL_PVT.o)
                0x0000115c                CyBleHal_EnableGlobalInterrupts
 .text.CyBleHal_DisableGlobalInterrupts
                0x00001164        0x8 .\CortexM0\ARM_GCC_493\Debug\capsenseled.a(ble_HAL_PVT.o)
                0x00001164                CyBleHal_DisableGlobalInterrupts
 .text.CyBle_HalInit
                0x0000116c       0x18 .\CortexM0\ARM_GCC_493\Debug\capsenseled.a(ble_HAL_PVT.o)
                0x0000116c                CyBle_HalInit
 .text.CYBLE_BlessStart
                0x00001184       0x10 .\CortexM0\ARM_GCC_493\Debug\capsenseled.a(ble_HAL_PVT.o)
                0x00001184                CYBLE_BlessStart
 .text.ble_bless_isr_SetVector
                0x00001194        0xc .\CortexM0\ARM_GCC_493\Debug\capsenseled.a(ble_bless_isr.o)
                0x00001194                ble_bless_isr_SetVector
 .text.ble_bless_isr_SetPriority
                0x000011a0       0x20 .\CortexM0\ARM_GCC_493\Debug\capsenseled.a(ble_bless_isr.o)
                0x000011a0                ble_bless_isr_SetPriority
 .text.ble_bless_isr_Enable
                0x000011c0       0x10 .\CortexM0\ARM_GCC_493\Debug\capsenseled.a(ble_bless_isr.o)
                0x000011c0                ble_bless_isr_Enable
 .text.ble_bless_isr_Disable
                0x000011d0       0x10 .\CortexM0\ARM_GCC_493\Debug\capsenseled.a(ble_bless_isr.o)
                0x000011d0                ble_bless_isr_Disable
 .text.ble_bless_isr_StartEx
                0x000011e0       0x1c .\CortexM0\ARM_GCC_493\Debug\capsenseled.a(ble_bless_isr.o)
                0x000011e0                ble_bless_isr_StartEx
 .text.CySysPmSleep
                0x000011fc       0x1c .\CortexM0\ARM_GCC_493\Debug\capsenseled.a(cyPm.o)
                0x000011fc                CySysPmSleep
 .text.CyBLE_Bless_Interrupt
                0x00001218        0x8 .\CortexM0\ARM_GCC_493\Debug\capsenseled.a(ble_HAL_INT.o)
                0x00001218                CyBLE_Bless_Interrupt
 .text          0x00001220      0x120 c:/program files (x86)/cypress/psoc creator/4.0/psoc creator/import/gnu/arm/4.9.3/bin/../lib/gcc/arm-none-eabi/4.9.3/armv6-m\libgcc.a(_udivsi3.o)
                0x00001220                __aeabi_uidiv
                0x00001220                __udivsi3
                0x0000132c                __aeabi_uidivmod
 .text          0x00001340      0x1e0 c:/program files (x86)/cypress/psoc creator/4.0/psoc creator/import/gnu/arm/4.9.3/bin/../lib/gcc/arm-none-eabi/4.9.3/armv6-m\libgcc.a(_divsi3.o)
                0x00001340                __divsi3
                0x00001340                __aeabi_idiv
                0x0000150c                __aeabi_idivmod
 .text          0x00001520        0x4 c:/program files (x86)/cypress/psoc creator/4.0/psoc creator/import/gnu/arm/4.9.3/bin/../lib/gcc/arm-none-eabi/4.9.3/armv6-m\libgcc.a(_dvmd_tls.o)
                0x00001520                __aeabi_idiv0
                0x00001520                __aeabi_ldiv0
 .text.__libc_init_array
                0x00001524       0x4c c:/program files (x86)/cypress/psoc creator/4.0/psoc creator/import/gnu/arm/4.9.3/bin/../lib/gcc/arm-none-eabi/4.9.3/../../../../arm-none-eabi/lib/armv6-m\libg_nano.a(lib_a-init.o)
                0x00001524                __libc_init_array
 .text.memcmp   0x00001570       0x1e c:/program files (x86)/cypress/psoc creator/4.0/psoc creator/import/gnu/arm/4.9.3/bin/../lib/gcc/arm-none-eabi/4.9.3/../../../../arm-none-eabi/lib/armv6-m\libg_nano.a(lib_a-memcmp.o)
                0x00001570                memcmp
 .text.memcpy   0x0000158e       0x12 c:/program files (x86)/cypress/psoc creator/4.0/psoc creator/import/gnu/arm/4.9.3/bin/../lib/gcc/arm-none-eabi/4.9.3/../../../../arm-none-eabi/lib/armv6-m\libg_nano.a(lib_a-memcpy.o)
                0x0000158e                memcpy
 .text.memset   0x000015a0       0x10 c:/program files (x86)/cypress/psoc creator/4.0/psoc creator/import/gnu/arm/4.9.3/bin/../lib/gcc/arm-none-eabi/4.9.3/../../../../arm-none-eabi/lib/armv6-m\libg_nano.a(lib_a-memset.o)
                0x000015a0                memset
 *(.plt)
 *(.gnu.warning)
 *(.glue_7t)
 .glue_7t       0x00000000        0x0 linker stubs
 *(.glue_7)
 .glue_7        0x00000000        0x0 linker stubs
 *(.vfp11_veneer)
 .vfp11_veneer  0x00000000        0x0 linker stubs
 *(.bootloader)
 *(.ARM.extab* .gnu.linkonce.armextab.*)
 *(.gcc_except_table)

.v4_bx          0x000015b0        0x0
 .v4_bx         0x00000000        0x0 linker stubs

.iplt           0x000015b0        0x0
 .iplt          0x00000000        0x0 c:/program files (x86)/cypress/psoc creator/4.0/psoc creator/import/gnu/arm/4.9.3/bin/../lib/gcc/arm-none-eabi/4.9.3/armv6-m/crtbegin.o

i.CyBle_EnterLPM
                0x000015b0        0x8
 i.CyBle_EnterLPM
                0x000015b0        0x8 C:\Program Files (x86)\Cypress\PSoC Creator\4.0\PSoC Creator\psoc\content\cycomponentlibrary\CyComponentLibrary.cylib\BLE_v2_30\Library\gccCyBLEStack_BLE_SOC_PERIPHERAL.a(CyBle.o)
                0x000015b0                CyBle_EnterLPM

i.CyBle_ExitLPM
                0x000015b8        0x8
 i.CyBle_ExitLPM
                0x000015b8        0x8 C:\Program Files (x86)\Cypress\PSoC Creator\4.0\PSoC Creator\psoc\content\cycomponentlibrary\CyComponentLibrary.cylib\BLE_v2_30\Library\gccCyBLEStack_BLE_SOC_PERIPHERAL.a(CyBle.o)
                0x000015b8                CyBle_ExitLPM

i.CyBle_ProcessEvents
                0x000015c0        0x8
 i.CyBle_ProcessEvents
                0x000015c0        0x8 C:\Program Files (x86)\Cypress\PSoC Creator\4.0\PSoC Creator\psoc\content\cycomponentlibrary\CyComponentLibrary.cylib\BLE_v2_30\Library\gccCyBLEStack_BLE_SOC_PERIPHERAL.a(CyBle.o)
                0x000015c0                CyBle_ProcessEvents

i.CyBle_SetDeviceAddress
                0x000015c8       0x24
 i.CyBle_SetDeviceAddress
                0x000015c8       0x24 C:\Program Files (x86)\Cypress\PSoC Creator\4.0\PSoC Creator\psoc\content\cycomponentlibrary\CyComponentLibrary.cylib\BLE_v2_30\Library\gccCyBLEStack_BLE_SOC_PERIPHERAL.a(CyBle.o)
                0x000015c8                CyBle_SetDeviceAddress

i.CyBle_StackInit
                0x000015ec       0xfc
 i.CyBle_StackInit
                0x000015ec       0xfc C:\Program Files (x86)\Cypress\PSoC Creator\4.0\PSoC Creator\psoc\content\cycomponentlibrary\CyComponentLibrary.cylib\BLE_v2_30\Library\gccCyBLEStack_BLE_SOC_PERIPHERAL.a(CyBle.o)
                0x000015ec                CyBle_StackInit

i.CyBle_StackValidateInputParams
                0x000016e8       0xf4
 i.CyBle_StackValidateInputParams
                0x000016e8       0xf4 C:\Program Files (x86)\Cypress\PSoC Creator\4.0\PSoC Creator\psoc\content\cycomponentlibrary\CyComponentLibrary.cylib\BLE_v2_30\Library\gccCyBLEStack_BLE_SOC_PERIPHERAL.a(CyBle.o)

i.__ARM_common_switch8
                0x000017dc       0x1a
 i.__ARM_common_switch8
                0x000017dc       0x1a C:\Program Files (x86)\Cypress\PSoC Creator\4.0\PSoC Creator\psoc\content\cycomponentlibrary\CyComponentLibrary.cylib\BLE_v2_30\Library\gccCyBLEStack_BLE_SOC_PERIPHERAL.a(CyBle.o)
                0x000017dc                __ARM_common_switch8

i.CyBleStackMgr_Init
                0x000017f8       0x9c
 i.CyBleStackMgr_Init
                0x000017f8       0x9c C:\Program Files (x86)\Cypress\PSoC Creator\4.0\PSoC Creator\psoc\content\cycomponentlibrary\CyComponentLibrary.cylib\BLE_v2_30\Library\gccCyBLEStack_BLE_SOC_PERIPHERAL.a(CyBleStackMgrIP_Interface.o)
                0x000017f8                CyBleStackMgr_Init

i.CyBleStackMgr_ProcessBleEvents
                0x00001894       0x14
 i.CyBleStackMgr_ProcessBleEvents
                0x00001894       0x14 C:\Program Files (x86)\Cypress\PSoC Creator\4.0\PSoC Creator\psoc\content\cycomponentlibrary\CyComponentLibrary.cylib\BLE_v2_30\Library\gccCyBLEStack_BLE_SOC_PERIPHERAL.a(CyBleStackMgrIP_Interface.o)
                0x00001894                CyBleStackMgr_ProcessBleEvents

i.CyBle_GetHeapMemory
                0x000018a8       0x28
 i.CyBle_GetHeapMemory
                0x000018a8       0x28 C:\Program Files (x86)\Cypress\PSoC Creator\4.0\PSoC Creator\psoc\content\cycomponentlibrary\CyComponentLibrary.cylib\BLE_v2_30\Library\gccCyBLEStack_BLE_SOC_PERIPHERAL.a(CyBleStackMgrIP_Interface.o)
                0x000018a8                CyBle_GetHeapMemory

i.CyBle_GetNumAppBufferPools
                0x000018d0        0xc
 i.CyBle_GetNumAppBufferPools
                0x000018d0        0xc C:\Program Files (x86)\Cypress\PSoC Creator\4.0\PSoC Creator\psoc\content\cycomponentlibrary\CyComponentLibrary.cylib\BLE_v2_30\Library\gccCyBLEStack_BLE_SOC_PERIPHERAL.a(CyBleStackMgrIP_Interface.o)
                0x000018d0                CyBle_GetNumAppBufferPools

i.CyBle_HostStackBufferPoolInit
                0x000018dc       0xec
 i.CyBle_HostStackBufferPoolInit
                0x000018dc       0xec C:\Program Files (x86)\Cypress\PSoC Creator\4.0\PSoC Creator\psoc\content\cycomponentlibrary\CyComponentLibrary.cylib\BLE_v2_30\Library\gccCyBLEStack_BLE_SOC_PERIPHERAL.a(CyBleStackMgrIP_Interface.o)

i.ble_stack_idle_task_callback
                0x000019c8        0x2
 i.ble_stack_idle_task_callback
                0x000019c8        0x2 C:\Program Files (x86)\Cypress\PSoC Creator\4.0\PSoC Creator\psoc\content\cycomponentlibrary\CyComponentLibrary.cylib\BLE_v2_30\Library\gccCyBLEStack_BLE_SOC_PERIPHERAL.a(CyBleStackMgrIP_Interface.o)
                0x000019c8                ble_stack_idle_task_callback

i.BT_OSFreeBuf  0x000019cc       0x20
 i.BT_OSFreeBuf
                0x000019cc       0x20 C:\Program Files (x86)\Cypress\PSoC Creator\4.0\PSoC Creator\psoc\content\cycomponentlibrary\CyComponentLibrary.cylib\BLE_v2_30\Library\gccCyBLEStack_BLE_SOC_PERIPHERAL.a(BT_os.o)
                0x000019cc                BT_OSFreeBuf

i.BT_OSGetBuF   0x000019ec       0x34
 i.BT_OSGetBuF  0x000019ec       0x34 C:\Program Files (x86)\Cypress\PSoC Creator\4.0\PSoC Creator\psoc\content\cycomponentlibrary\CyComponentLibrary.cylib\BLE_v2_30\Library\gccCyBLEStack_BLE_SOC_PERIPHERAL.a(BT_os.o)
                0x000019ec                BT_OSGetBuF

i.BT_OSMemCreate
                0x00001a20       0x3c
 i.BT_OSMemCreate
                0x00001a20       0x3c C:\Program Files (x86)\Cypress\PSoC Creator\4.0\PSoC Creator\psoc\content\cycomponentlibrary\CyComponentLibrary.cylib\BLE_v2_30\Library\gccCyBLEStack_BLE_SOC_PERIPHERAL.a(BT_os.o)
                0x00001a20                BT_OSMemCreate

i.BT_alloc_mem_ext
                0x00001a5c       0x3c
 i.BT_alloc_mem_ext
                0x00001a5c       0x3c C:\Program Files (x86)\Cypress\PSoC Creator\4.0\PSoC Creator\psoc\content\cycomponentlibrary\CyComponentLibrary.cylib\BLE_v2_30\Library\gccCyBLEStack_BLE_SOC_PERIPHERAL.a(BT_os.o)
                0x00001a5c                BT_alloc_mem_ext

i.BT_free_mem   0x00001a98        0xc
 i.BT_free_mem  0x00001a98        0xc C:\Program Files (x86)\Cypress\PSoC Creator\4.0\PSoC Creator\psoc\content\cycomponentlibrary\CyComponentLibrary.cylib\BLE_v2_30\Library\gccCyBLEStack_BLE_SOC_PERIPHERAL.a(BT_os.o)
                0x00001a98                BT_free_mem

i.bt_stack_create_buffer_pool
                0x00001aa4       0x30
 i.bt_stack_create_buffer_pool
                0x00001aa4       0x30 C:\Program Files (x86)\Cypress\PSoC Creator\4.0\PSoC Creator\psoc\content\cycomponentlibrary\CyComponentLibrary.cylib\BLE_v2_30\Library\gccCyBLEStack_BLE_SOC_PERIPHERAL.a(BT_os.o)
                0x00001aa4                bt_stack_create_buffer_pool

i.CyBle_CheckBleStackTaskStatus
                0x00001ad4        0x4
 i.CyBle_CheckBleStackTaskStatus
                0x00001ad4        0x4 C:\Program Files (x86)\Cypress\PSoC Creator\4.0\PSoC Creator\psoc\content\cycomponentlibrary\CyComponentLibrary.cylib\BLE_v2_30\Library\gccCyBLEStack_BLE_SOC_PERIPHERAL.a(CyBleStackMgr_StackTaskHandler.o)
                0x00001ad4                CyBle_CheckBleStackTaskStatus

i.CyBle_CreateBleStackTask
                0x00001ad8       0x2c
 i.CyBle_CreateBleStackTask
                0x00001ad8       0x2c C:\Program Files (x86)\Cypress\PSoC Creator\4.0\PSoC Creator\psoc\content\cycomponentlibrary\CyComponentLibrary.cylib\BLE_v2_30\Library\gccCyBLEStack_BLE_SOC_PERIPHERAL.a(CyBleStackMgr_StackTaskHandler.o)
                0x00001ad8                CyBle_CreateBleStackTask

i.CyBle_SignalBleStackTask
                0x00001b04       0x50
 i.CyBle_SignalBleStackTask
                0x00001b04       0x50 C:\Program Files (x86)\Cypress\PSoC Creator\4.0\PSoC Creator\psoc\content\cycomponentlibrary\CyComponentLibrary.cylib\BLE_v2_30\Library\gccCyBLEStack_BLE_SOC_PERIPHERAL.a(CyBleStackMgr_StackTaskHandler.o)
                0x00001b04                CyBle_SignalBleStackTask

i.CyBle_StackTaskHandler
                0x00001b54       0x5c
 i.CyBle_StackTaskHandler
                0x00001b54       0x5c C:\Program Files (x86)\Cypress\PSoC Creator\4.0\PSoC Creator\psoc\content\cycomponentlibrary\CyComponentLibrary.cylib\BLE_v2_30\Library\gccCyBLEStack_BLE_SOC_PERIPHERAL.a(CyBleStackMgr_StackTaskHandler.o)
                0x00001b54                CyBle_StackTaskHandler

i.hci_soft_transport_notify_data_received
                0x00001bb0        0xc
 i.hci_soft_transport_notify_data_received
                0x00001bb0        0xc C:\Program Files (x86)\Cypress\PSoC Creator\4.0\PSoC Creator\psoc\content\cycomponentlibrary\CyComponentLibrary.cylib\BLE_v2_30\Library\gccCyBLEStack_BLE_SOC_PERIPHERAL.a(transport_sf.o)
                0x00001bb0                hci_soft_transport_notify_data_received

i.hci_soft_transport_rx_data
                0x00001bbc       0x40
 i.hci_soft_transport_rx_data
                0x00001bbc       0x40 C:\Program Files (x86)\Cypress\PSoC Creator\4.0\PSoC Creator\psoc\content\cycomponentlibrary\CyComponentLibrary.cylib\BLE_v2_30\Library\gccCyBLEStack_BLE_SOC_PERIPHERAL.a(transport_sf.o)
                0x00001bbc                hci_soft_transport_rx_data

i.hci_transport_bt_init
                0x00001bfc        0x2
 i.hci_transport_bt_init
                0x00001bfc        0x2 C:\Program Files (x86)\Cypress\PSoC Creator\4.0\PSoC Creator\psoc\content\cycomponentlibrary\CyComponentLibrary.cylib\BLE_v2_30\Library\gccCyBLEStack_BLE_SOC_PERIPHERAL.a(transport_sf.o)
                0x00001bfc                hci_transport_bt_init

i.hci_transport_init
                0x00001c00       0x10
 i.hci_transport_init
                0x00001c00       0x10 C:\Program Files (x86)\Cypress\PSoC Creator\4.0\PSoC Creator\psoc\content\cycomponentlibrary\CyComponentLibrary.cylib\BLE_v2_30\Library\gccCyBLEStack_BLE_SOC_PERIPHERAL.a(transport_sf.o)
                0x00001c00                hci_transport_init

i.hci_transport_write_data
                0x00001c10       0xd4
 i.hci_transport_write_data
                0x00001c10       0xd4 C:\Program Files (x86)\Cypress\PSoC Creator\4.0\PSoC Creator\psoc\content\cycomponentlibrary\CyComponentLibrary.cylib\BLE_v2_30\Library\gccCyBLEStack_BLE_SOC_PERIPHERAL.a(transport_sf.o)
                0x00001c10                hci_transport_write_data

i.pf_hci_soft_transport_write
                0x00001ce4       0x44
 i.pf_hci_soft_transport_write
                0x00001ce4       0x44 C:\Program Files (x86)\Cypress\PSoC Creator\4.0\PSoC Creator\psoc\content\cycomponentlibrary\CyComponentLibrary.cylib\BLE_v2_30\Library\gccCyBLEStack_BLE_SOC_PERIPHERAL.a(transport_sf.o)
                0x00001ce4                pf_hci_soft_transport_write

i.pf_soft_hci_transport_init
                0x00001d28        0xc
 i.pf_soft_hci_transport_init
                0x00001d28        0xc C:\Program Files (x86)\Cypress\PSoC Creator\4.0\PSoC Creator\psoc\content\cycomponentlibrary\CyComponentLibrary.cylib\BLE_v2_30\Library\gccCyBLEStack_BLE_SOC_PERIPHERAL.a(transport_sf.o)
                0x00001d28                pf_soft_hci_transport_init

i.CyBleStackMgr_GetTime
                0x00001d34       0x14
 i.CyBleStackMgr_GetTime
                0x00001d34       0x14 C:\Program Files (x86)\Cypress\PSoC Creator\4.0\PSoC Creator\psoc\content\cycomponentlibrary\CyComponentLibrary.cylib\BLE_v2_30\Library\gccCyBLEStack_BLE_SOC_PERIPHERAL.a(CyBleStackMgr_PSoCHal.o)
                0x00001d34                CyBleStackMgr_GetTime

i.CyBleStackMgr_HalInit
                0x00001d48       0x24
 i.CyBleStackMgr_HalInit
                0x00001d48       0x24 C:\Program Files (x86)\Cypress\PSoC Creator\4.0\PSoC Creator\psoc\content\cycomponentlibrary\CyComponentLibrary.cylib\BLE_v2_30\Library\gccCyBLEStack_BLE_SOC_PERIPHERAL.a(CyBleStackMgr_PSoCHal.o)
                0x00001d48                CyBleStackMgr_HalInit

i.CyBleStackMgr_HalIntrEnable
                0x00001d6c        0x8
 i.CyBleStackMgr_HalIntrEnable
                0x00001d6c        0x8 C:\Program Files (x86)\Cypress\PSoC Creator\4.0\PSoC Creator\psoc\content\cycomponentlibrary\CyComponentLibrary.cylib\BLE_v2_30\Library\gccCyBLEStack_BLE_SOC_PERIPHERAL.a(CyBleStackMgr_PSoCHal.o)
                0x00001d6c                CyBleStackMgr_HalIntrEnable

i.CyBleStackMgr_HandleLinkLayerTick
                0x00001d74       0x5c
 i.CyBleStackMgr_HandleLinkLayerTick
                0x00001d74       0x5c C:\Program Files (x86)\Cypress\PSoC Creator\4.0\PSoC Creator\psoc\content\cycomponentlibrary\CyComponentLibrary.cylib\BLE_v2_30\Library\gccCyBLEStack_BLE_SOC_PERIPHERAL.a(CyBleStackMgr_PSoCHal.o)
                0x00001d74                CyBleStackMgr_HandleLinkLayerTick

i.CyBleStackMgr_HciPortInit
                0x00001dd0        0xc
 i.CyBleStackMgr_HciPortInit
                0x00001dd0        0xc C:\Program Files (x86)\Cypress\PSoC Creator\4.0\PSoC Creator\psoc\content\cycomponentlibrary\CyComponentLibrary.cylib\BLE_v2_30\Library\gccCyBLEStack_BLE_SOC_PERIPHERAL.a(CyBleStackMgr_PSoCHal.o)
                0x00001dd0                CyBleStackMgr_HciPortInit

i.CyBleStackMgr_HciPortReset
                0x00001ddc        0x2
 i.CyBleStackMgr_HciPortReset
                0x00001ddc        0x2 C:\Program Files (x86)\Cypress\PSoC Creator\4.0\PSoC Creator\psoc\content\cycomponentlibrary\CyComponentLibrary.cylib\BLE_v2_30\Library\gccCyBLEStack_BLE_SOC_PERIPHERAL.a(CyBleStackMgr_PSoCHal.o)
                0x00001ddc                CyBleStackMgr_HciPortReset

i.CyBleStackMgr_HciPortWrite
                0x00001dde        0x8
 i.CyBleStackMgr_HciPortWrite
                0x00001dde        0x8 C:\Program Files (x86)\Cypress\PSoC Creator\4.0\PSoC Creator\psoc\content\cycomponentlibrary\CyComponentLibrary.cylib\BLE_v2_30\Library\gccCyBLEStack_BLE_SOC_PERIPHERAL.a(CyBleStackMgr_PSoCHal.o)
                0x00001dde                CyBleStackMgr_HciPortWrite

i.CyBleStackMgr_ResetLinkLayerTimerEntity
                0x00001de8       0x14
 i.CyBleStackMgr_ResetLinkLayerTimerEntity
                0x00001de8       0x14 C:\Program Files (x86)\Cypress\PSoC Creator\4.0\PSoC Creator\psoc\content\cycomponentlibrary\CyComponentLibrary.cylib\BLE_v2_30\Library\gccCyBLEStack_BLE_SOC_PERIPHERAL.a(CyBleStackMgr_PSoCHal.o)
                0x00001de8                CyBleStackMgr_ResetLinkLayerTimerEntity

i.CyBleStackMgr_TimerStart
                0x00001dfc       0x2c
 i.CyBleStackMgr_TimerStart
                0x00001dfc       0x2c C:\Program Files (x86)\Cypress\PSoC Creator\4.0\PSoC Creator\psoc\content\cycomponentlibrary\CyComponentLibrary.cylib\BLE_v2_30\Library\gccCyBLEStack_BLE_SOC_PERIPHERAL.a(CyBleStackMgr_PSoCHal.o)
                0x00001dfc                CyBleStackMgr_TimerStart

i.CyBleStackMgr_TimerStop
                0x00001e28       0x18
 i.CyBleStackMgr_TimerStop
                0x00001e28       0x18 C:\Program Files (x86)\Cypress\PSoC Creator\4.0\PSoC Creator\psoc\content\cycomponentlibrary\CyComponentLibrary.cylib\BLE_v2_30\Library\gccCyBLEStack_BLE_SOC_PERIPHERAL.a(CyBleStackMgr_PSoCHal.o)
                0x00001e28                CyBleStackMgr_TimerStop

i.CyBleStackMgr_isTimerRunning
                0x00001e40       0x10
 i.CyBleStackMgr_isTimerRunning
                0x00001e40       0x10 C:\Program Files (x86)\Cypress\PSoC Creator\4.0\PSoC Creator\psoc\content\cycomponentlibrary\CyComponentLibrary.cylib\BLE_v2_30\Library\gccCyBLEStack_BLE_SOC_PERIPHERAL.a(CyBleStackMgr_PSoCHal.o)
                0x00001e40                CyBleStackMgr_isTimerRunning

i.CyBleAtlantisRadioInit
                0x00001e50      0x110
 i.CyBleAtlantisRadioInit
                0x00001e50      0x110 C:\Program Files (x86)\Cypress\PSoC Creator\4.0\PSoC Creator\psoc\content\cycomponentlibrary\CyComponentLibrary.cylib\BLE_v2_30\Library\gccCyBLEStack_BLE_SOC_PERIPHERAL.a(CyBleStackMgr_BleSSDriver.o)

i.CyBleStackMgr_BleSSFifoRead
                0x00001f60       0x38
 i.CyBleStackMgr_BleSSFifoRead
                0x00001f60       0x38 C:\Program Files (x86)\Cypress\PSoC Creator\4.0\PSoC Creator\psoc\content\cycomponentlibrary\CyComponentLibrary.cylib\BLE_v2_30\Library\gccCyBLEStack_BLE_SOC_PERIPHERAL.a(CyBleStackMgr_BleSSDriver.o)
                0x00001f60                CyBleStackMgr_BleSSFifoRead

i.CyBleStackMgr_BleSSFifoWrite
                0x00001f98       0x30
 i.CyBleStackMgr_BleSSFifoWrite
                0x00001f98       0x30 C:\Program Files (x86)\Cypress\PSoC Creator\4.0\PSoC Creator\psoc\content\cycomponentlibrary\CyComponentLibrary.cylib\BLE_v2_30\Library\gccCyBLEStack_BLE_SOC_PERIPHERAL.a(CyBleStackMgr_BleSSDriver.o)
                0x00001f98                CyBleStackMgr_BleSSFifoWrite

i.CyBleStackMgr_BleSSInit
                0x00001fc8       0x50
 i.CyBleStackMgr_BleSSInit
                0x00001fc8       0x50 C:\Program Files (x86)\Cypress\PSoC Creator\4.0\PSoC Creator\psoc\content\cycomponentlibrary\CyComponentLibrary.cylib\BLE_v2_30\Library\gccCyBLEStack_BLE_SOC_PERIPHERAL.a(CyBleStackMgr_BleSSDriver.o)
                0x00001fc8                CyBleStackMgr_BleSSInit

i.CyBleStackMgr_BleSSMemRead
                0x00002018       0x26
 i.CyBleStackMgr_BleSSMemRead
                0x00002018       0x26 C:\Program Files (x86)\Cypress\PSoC Creator\4.0\PSoC Creator\psoc\content\cycomponentlibrary\CyComponentLibrary.cylib\BLE_v2_30\Library\gccCyBLEStack_BLE_SOC_PERIPHERAL.a(CyBleStackMgr_BleSSDriver.o)
                0x00002018                CyBleStackMgr_BleSSMemRead

i.CyBleStackMgr_BleSSMemWrite
                0x00002040       0x34
 i.CyBleStackMgr_BleSSMemWrite
                0x00002040       0x34 C:\Program Files (x86)\Cypress\PSoC Creator\4.0\PSoC Creator\psoc\content\cycomponentlibrary\CyComponentLibrary.cylib\BLE_v2_30\Library\gccCyBLEStack_BLE_SOC_PERIPHERAL.a(CyBleStackMgr_BleSSDriver.o)
                0x00002040                CyBleStackMgr_BleSSMemWrite

i.CyBleStackMgr_BleSSRegRead
                0x00002074        0xc
 i.CyBleStackMgr_BleSSRegRead
                0x00002074        0xc C:\Program Files (x86)\Cypress\PSoC Creator\4.0\PSoC Creator\psoc\content\cycomponentlibrary\CyComponentLibrary.cylib\BLE_v2_30\Library\gccCyBLEStack_BLE_SOC_PERIPHERAL.a(CyBleStackMgr_BleSSDriver.o)
                0x00002074                CyBleStackMgr_BleSSRegRead

i.CyBleStackMgr_BleSSRegWrite
                0x00002080        0xc
 i.CyBleStackMgr_BleSSRegWrite
                0x00002080        0xc C:\Program Files (x86)\Cypress\PSoC Creator\4.0\PSoC Creator\psoc\content\cycomponentlibrary\CyComponentLibrary.cylib\BLE_v2_30\Library\gccCyBLEStack_BLE_SOC_PERIPHERAL.a(CyBleStackMgr_BleSSDriver.o)
                0x00002080                CyBleStackMgr_BleSSRegWrite

i.CyBleStackMgr_BleSSReset
                0x0000208c       0x38
 i.CyBleStackMgr_BleSSReset
                0x0000208c       0x38 C:\Program Files (x86)\Cypress\PSoC Creator\4.0\PSoC Creator\psoc\content\cycomponentlibrary\CyComponentLibrary.cylib\BLE_v2_30\Library\gccCyBLEStack_BLE_SOC_PERIPHERAL.a(CyBleStackMgr_BleSSDriver.o)
                0x0000208c                CyBleStackMgr_BleSSReset

i.CyBleStackMgr_BleSSShutdown
                0x000020c4       0x24
 i.CyBleStackMgr_BleSSShutdown
                0x000020c4       0x24 C:\Program Files (x86)\Cypress\PSoC Creator\4.0\PSoC Creator\psoc\content\cycomponentlibrary\CyComponentLibrary.cylib\BLE_v2_30\Library\gccCyBLEStack_BLE_SOC_PERIPHERAL.a(CyBleStackMgr_BleSSDriver.o)
                0x000020c4                CyBleStackMgr_BleSSShutdown

i.CyBleStackMgr_GenericIface
                0x000020e8       0x3c
 i.CyBleStackMgr_GenericIface
                0x000020e8       0x3c C:\Program Files (x86)\Cypress\PSoC Creator\4.0\PSoC Creator\psoc\content\cycomponentlibrary\CyComponentLibrary.cylib\BLE_v2_30\Library\gccCyBLEStack_BLE_SOC_PERIPHERAL.a(CyBleStackMgr_BleSSDriver.o)
                0x000020e8                CyBleStackMgr_GenericIface

i.CyBleStackMgr_HandleBleSSIntr
                0x00002124       0x90
 i.CyBleStackMgr_HandleBleSSIntr
                0x00002124       0x90 C:\Program Files (x86)\Cypress\PSoC Creator\4.0\PSoC Creator\psoc\content\cycomponentlibrary\CyComponentLibrary.cylib\BLE_v2_30\Library\gccCyBLEStack_BLE_SOC_PERIPHERAL.a(CyBleStackMgr_BleSSDriver.o)
                0x00002124                CyBleStackMgr_HandleBleSSIntr

i.CyBleStackMgr_SetClockParam
                0x000021b4       0xb4
 i.CyBleStackMgr_SetClockParam
                0x000021b4       0xb4 C:\Program Files (x86)\Cypress\PSoC Creator\4.0\PSoC Creator\psoc\content\cycomponentlibrary\CyComponentLibrary.cylib\BLE_v2_30\Library\gccCyBLEStack_BLE_SOC_PERIPHERAL.a(CyBleStackMgr_BleSSDriver.o)

i.CyBleStackMgr_isXtalCpuClkSource
                0x00002268       0x18
 i.CyBleStackMgr_isXtalCpuClkSource
                0x00002268       0x18 C:\Program Files (x86)\Cypress\PSoC Creator\4.0\PSoC Creator\psoc\content\cycomponentlibrary\CyComponentLibrary.cylib\BLE_v2_30\Library\gccCyBLEStack_BLE_SOC_PERIPHERAL.a(CyBleStackMgr_BleSSDriver.o)
                0x00002268                CyBleStackMgr_isXtalCpuClkSource

i.CyBle_EnterDsmMode
                0x00002280       0x3c
 i.CyBle_EnterDsmMode
                0x00002280       0x3c C:\Program Files (x86)\Cypress\PSoC Creator\4.0\PSoC Creator\psoc\content\cycomponentlibrary\CyComponentLibrary.cylib\BLE_v2_30\Library\gccCyBLEStack_BLE_SOC_PERIPHERAL.a(CyBleStackMgr_BleSSDriver.o)
                0x00002280                CyBle_EnterDsmMode

i.CyBle_ExitDsmMode
                0x000022bc       0x2c
 i.CyBle_ExitDsmMode
                0x000022bc       0x2c C:\Program Files (x86)\Cypress\PSoC Creator\4.0\PSoC Creator\psoc\content\cycomponentlibrary\CyComponentLibrary.cylib\BLE_v2_30\Library\gccCyBLEStack_BLE_SOC_PERIPHERAL.a(CyBleStackMgr_BleSSDriver.o)
                0x000022bc                CyBle_ExitDsmMode

i.CyBle_GetBleSsOperationalMode
                0x000022e8        0xc
 i.CyBle_GetBleSsOperationalMode
                0x000022e8        0xc C:\Program Files (x86)\Cypress\PSoC Creator\4.0\PSoC Creator\psoc\content\cycomponentlibrary\CyComponentLibrary.cylib\BLE_v2_30\Library\gccCyBLEStack_BLE_SOC_PERIPHERAL.a(CyBleStackMgr_BleSSDriver.o)
                0x000022e8                CyBle_GetBleSsOperationalMode

i.CyBle_GetLpMode
                0x000022f4       0x26
 i.CyBle_GetLpMode
                0x000022f4       0x26 C:\Program Files (x86)\Cypress\PSoC Creator\4.0\PSoC Creator\psoc\content\cycomponentlibrary\CyComponentLibrary.cylib\BLE_v2_30\Library\gccCyBLEStack_BLE_SOC_PERIPHERAL.a(CyBleStackMgr_BleSSDriver.o)
                0x000022f4                CyBle_GetLpMode

i.CyBle_GetTxGainMode
                0x0000231c       0x2c
 i.CyBle_GetTxGainMode
                0x0000231c       0x2c C:\Program Files (x86)\Cypress\PSoC Creator\4.0\PSoC Creator\psoc\content\cycomponentlibrary\CyComponentLibrary.cylib\BLE_v2_30\Library\gccCyBLEStack_BLE_SOC_PERIPHERAL.a(CyBleStackMgr_BleSSDriver.o)
                0x0000231c                CyBle_GetTxGainMode

i.CyBle_SetAutoWakeUp
                0x00002348        0xc
 i.CyBle_SetAutoWakeUp
                0x00002348        0xc C:\Program Files (x86)\Cypress\PSoC Creator\4.0\PSoC Creator\psoc\content\cycomponentlibrary\CyComponentLibrary.cylib\BLE_v2_30\Library\gccCyBLEStack_BLE_SOC_PERIPHERAL.a(CyBleStackMgr_BleSSDriver.o)
                0x00002348                CyBle_SetAutoWakeUp

i.CyBle_SetBleSsOperationalMode
                0x00002354       0x20
 i.CyBle_SetBleSsOperationalMode
                0x00002354       0x20 C:\Program Files (x86)\Cypress\PSoC Creator\4.0\PSoC Creator\psoc\content\cycomponentlibrary\CyComponentLibrary.cylib\BLE_v2_30\Library\gccCyBLEStack_BLE_SOC_PERIPHERAL.a(CyBleStackMgr_BleSSDriver.o)
                0x00002354                CyBle_SetBleSsOperationalMode

i.CyBle_SetEventCloseState
                0x00002374        0xc
 i.CyBle_SetEventCloseState
                0x00002374        0xc C:\Program Files (x86)\Cypress\PSoC Creator\4.0\PSoC Creator\psoc\content\cycomponentlibrary\CyComponentLibrary.cylib\BLE_v2_30\Library\gccCyBLEStack_BLE_SOC_PERIPHERAL.a(CyBleStackMgr_BleSSDriver.o)
                0x00002374                CyBle_SetEventCloseState

i.CyBle_SetRxGainMode
                0x00002380       0x20
 i.CyBle_SetRxGainMode
                0x00002380       0x20 C:\Program Files (x86)\Cypress\PSoC Creator\4.0\PSoC Creator\psoc\content\cycomponentlibrary\CyComponentLibrary.cylib\BLE_v2_30\Library\gccCyBLEStack_BLE_SOC_PERIPHERAL.a(CyBleStackMgr_BleSSDriver.o)
                0x00002380                CyBle_SetRxGainMode

i.CyBle_SetTxGainMode
                0x000023a0       0x38
 i.CyBle_SetTxGainMode
                0x000023a0       0x38 C:\Program Files (x86)\Cypress\PSoC Creator\4.0\PSoC Creator\psoc\content\cycomponentlibrary\CyComponentLibrary.cylib\BLE_v2_30\Library\gccCyBLEStack_BLE_SOC_PERIPHERAL.a(CyBleStackMgr_BleSSDriver.o)
                0x000023a0                CyBle_SetTxGainMode

i.pf_rf_get_abs_rssi
                0x000023d8       0x24
 i.pf_rf_get_abs_rssi
                0x000023d8       0x24 C:\Program Files (x86)\Cypress\PSoC Creator\4.0\PSoC Creator\psoc\content\cycomponentlibrary\CyComponentLibrary.cylib\BLE_v2_30\Library\gccCyBLEStack_BLE_SOC_PERIPHERAL.a(CyBleStackMgr_BleSSDriver.o)
                0x000023d8                pf_rf_get_abs_rssi

i.BleStackFlashStorageInit
                0x000023fc       0x74
 i.BleStackFlashStorageInit
                0x000023fc       0x74 C:\Program Files (x86)\Cypress\PSoC Creator\4.0\PSoC Creator\psoc\content\cycomponentlibrary\CyComponentLibrary.cylib\BLE_v2_30\Library\gccCyBLEStack_BLE_SOC_PERIPHERAL.a(storage_pl.o)
                0x000023fc                BleStackFlashStorageInit

i.BleStackWriteToFlashPending
                0x00002470       0x24
 i.BleStackWriteToFlashPending
                0x00002470       0x24 C:\Program Files (x86)\Cypress\PSoC Creator\4.0\PSoC Creator\psoc\content\cycomponentlibrary\CyComponentLibrary.cylib\BLE_v2_30\Library\gccCyBLEStack_BLE_SOC_PERIPHERAL.a(storage_pl.o)
                0x00002470                BleStackWriteToFlashPending

i.BleStackWriteToFlashRam
                0x00002494       0x70
 i.BleStackWriteToFlashRam
                0x00002494       0x70 C:\Program Files (x86)\Cypress\PSoC Creator\4.0\PSoC Creator\psoc\content\cycomponentlibrary\CyComponentLibrary.cylib\BLE_v2_30\Library\gccCyBLEStack_BLE_SOC_PERIPHERAL.a(storage_pl.o)
                0x00002494                BleStackWriteToFlashRam

i.storage_bt_init_pl
                0x00002504       0x28
 i.storage_bt_init_pl
                0x00002504       0x28 C:\Program Files (x86)\Cypress\PSoC Creator\4.0\PSoC Creator\psoc\content\cycomponentlibrary\CyComponentLibrary.cylib\BLE_v2_30\Library\gccCyBLEStack_BLE_SOC_PERIPHERAL.a(storage_pl.o)
                0x00002504                storage_bt_init_pl

i.storage_close_pl
                0x0000252c        0x4
 i.storage_close_pl
                0x0000252c        0x4 C:\Program Files (x86)\Cypress\PSoC Creator\4.0\PSoC Creator\psoc\content\cycomponentlibrary\CyComponentLibrary.cylib\BLE_v2_30\Library\gccCyBLEStack_BLE_SOC_PERIPHERAL.a(storage_pl.o)
                0x0000252c                storage_close_pl

i.storage_open_pl
                0x00002530       0x1c
 i.storage_open_pl
                0x00002530       0x1c C:\Program Files (x86)\Cypress\PSoC Creator\4.0\PSoC Creator\psoc\content\cycomponentlibrary\CyComponentLibrary.cylib\BLE_v2_30\Library\gccCyBLEStack_BLE_SOC_PERIPHERAL.a(storage_pl.o)
                0x00002530                storage_open_pl

i.storage_read_pl
                0x0000254c       0x28
 i.storage_read_pl
                0x0000254c       0x28 C:\Program Files (x86)\Cypress\PSoC Creator\4.0\PSoC Creator\psoc\content\cycomponentlibrary\CyComponentLibrary.cylib\BLE_v2_30\Library\gccCyBLEStack_BLE_SOC_PERIPHERAL.a(storage_pl.o)
                0x0000254c                storage_read_pl

i.storage_read_signature_pl
                0x00002574       0x2c
 i.storage_read_signature_pl
                0x00002574       0x2c C:\Program Files (x86)\Cypress\PSoC Creator\4.0\PSoC Creator\psoc\content\cycomponentlibrary\CyComponentLibrary.cylib\BLE_v2_30\Library\gccCyBLEStack_BLE_SOC_PERIPHERAL.a(storage_pl.o)
                0x00002574                storage_read_signature_pl

i.storage_register_flash_pointer
                0x000025a0       0x20
 i.storage_register_flash_pointer
                0x000025a0       0x20 C:\Program Files (x86)\Cypress\PSoC Creator\4.0\PSoC Creator\psoc\content\cycomponentlibrary\CyComponentLibrary.cylib\BLE_v2_30\Library\gccCyBLEStack_BLE_SOC_PERIPHERAL.a(storage_pl.o)
                0x000025a0                storage_register_flash_pointer

i.storage_reset_storage_offset
                0x000025c0       0x10
 i.storage_reset_storage_offset
                0x000025c0       0x10 C:\Program Files (x86)\Cypress\PSoC Creator\4.0\PSoC Creator\psoc\content\cycomponentlibrary\CyComponentLibrary.cylib\BLE_v2_30\Library\gccCyBLEStack_BLE_SOC_PERIPHERAL.a(storage_pl.o)

i.storage_write_pl
                0x000025d0       0x24
 i.storage_write_pl
                0x000025d0       0x24 C:\Program Files (x86)\Cypress\PSoC Creator\4.0\PSoC Creator\psoc\content\cycomponentlibrary\CyComponentLibrary.cylib\BLE_v2_30\Library\gccCyBLEStack_BLE_SOC_PERIPHERAL.a(storage_pl.o)
                0x000025d0                storage_write_pl

i.storage_write_signature_pl
                0x000025f4       0x14
 i.storage_write_signature_pl
                0x000025f4       0x14 C:\Program Files (x86)\Cypress\PSoC Creator\4.0\PSoC Creator\psoc\content\cycomponentlibrary\CyComponentLibrary.cylib\BLE_v2_30\Library\gccCyBLEStack_BLE_SOC_PERIPHERAL.a(storage_pl.o)
                0x000025f4                storage_write_signature_pl

i.OS_init       0x00002608       0x64
 i.OS_init      0x00002608       0x64 C:\Program Files (x86)\Cypress\PSoC Creator\4.0\PSoC Creator\psoc\content\cycomponentlibrary\CyComponentLibrary.cylib\BLE_v2_30\Library\gccCyBLEStack_BLE_SOC_PERIPHERAL.a(mint_os.o)
                0x00002608                OS_init

i.mintos_malloc
                0x0000266c       0x34
 i.mintos_malloc
                0x0000266c       0x34 C:\Program Files (x86)\Cypress\PSoC Creator\4.0\PSoC Creator\psoc\content\cycomponentlibrary\CyComponentLibrary.cylib\BLE_v2_30\Library\gccCyBLEStack_BLE_SOC_PERIPHERAL.a(mint_os.o)
                0x0000266c                mintos_malloc

i.OS_create_queue
                0x000026a0       0x64
 i.OS_create_queue
                0x000026a0       0x64 C:\Program Files (x86)\Cypress\PSoC Creator\4.0\PSoC Creator\psoc\content\cycomponentlibrary\CyComponentLibrary.cylib\BLE_v2_30\Library\gccCyBLEStack_BLE_SOC_PERIPHERAL.a(mint_os_queue.o)
                0x000026a0                OS_create_queue

i.OS_enqueue_item
                0x00002704       0x8c
 i.OS_enqueue_item
                0x00002704       0x8c C:\Program Files (x86)\Cypress\PSoC Creator\4.0\PSoC Creator\psoc\content\cycomponentlibrary\CyComponentLibrary.cylib\BLE_v2_30\Library\gccCyBLEStack_BLE_SOC_PERIPHERAL.a(mint_os_queue.o)
                0x00002704                OS_enqueue_item

i.OS_queue_get_num_of_items
                0x00002790       0x28
 i.OS_queue_get_num_of_items
                0x00002790       0x28 C:\Program Files (x86)\Cypress\PSoC Creator\4.0\PSoC Creator\psoc\content\cycomponentlibrary\CyComponentLibrary.cylib\BLE_v2_30\Library\gccCyBLEStack_BLE_SOC_PERIPHERAL.a(mint_os_queue.o)
                0x00002790                OS_queue_get_num_of_items

i.OS_queue_mgmt_init
                0x000027b8       0x40
 i.OS_queue_mgmt_init
                0x000027b8       0x40 C:\Program Files (x86)\Cypress\PSoC Creator\4.0\PSoC Creator\psoc\content\cycomponentlibrary\CyComponentLibrary.cylib\BLE_v2_30\Library\gccCyBLEStack_BLE_SOC_PERIPHERAL.a(mint_os_queue.o)
                0x000027b8                OS_queue_mgmt_init

i.OS_remove_item
                0x000027f8       0xa0
 i.OS_remove_item
                0x000027f8       0xa0 C:\Program Files (x86)\Cypress\PSoC Creator\4.0\PSoC Creator\psoc\content\cycomponentlibrary\CyComponentLibrary.cylib\BLE_v2_30\Library\gccCyBLEStack_BLE_SOC_PERIPHERAL.a(mint_os_queue.o)
                0x000027f8                OS_remove_item

i.OS_create_task
                0x00002898       0x88
 i.OS_create_task
                0x00002898       0x88 C:\Program Files (x86)\Cypress\PSoC Creator\4.0\PSoC Creator\psoc\content\cycomponentlibrary\CyComponentLibrary.cylib\BLE_v2_30\Library\gccCyBLEStack_BLE_SOC_PERIPHERAL.a(mint_os_task.o)
                0x00002898                OS_create_task

i.OS_isr_send_signal_to_task
                0x00002920        0xc
 i.OS_isr_send_signal_to_task
                0x00002920        0xc C:\Program Files (x86)\Cypress\PSoC Creator\4.0\PSoC Creator\psoc\content\cycomponentlibrary\CyComponentLibrary.cylib\BLE_v2_30\Library\gccCyBLEStack_BLE_SOC_PERIPHERAL.a(mint_os_task.o)
                0x00002920                OS_isr_send_signal_to_task

i.OS_scheduler  0x0000292c       0x64
 i.OS_scheduler
                0x0000292c       0x64 C:\Program Files (x86)\Cypress\PSoC Creator\4.0\PSoC Creator\psoc\content\cycomponentlibrary\CyComponentLibrary.cylib\BLE_v2_30\Library\gccCyBLEStack_BLE_SOC_PERIPHERAL.a(mint_os_task.o)
                0x0000292c                OS_scheduler

i.OS_send_signal_to_task
                0x00002990        0xc
 i.OS_send_signal_to_task
                0x00002990        0xc C:\Program Files (x86)\Cypress\PSoC Creator\4.0\PSoC Creator\psoc\content\cycomponentlibrary\CyComponentLibrary.cylib\BLE_v2_30\Library\gccCyBLEStack_BLE_SOC_PERIPHERAL.a(mint_os_task.o)
                0x00002990                OS_send_signal_to_task

i.OS_send_signal_to_task_context
                0x0000299c       0x3c
 i.OS_send_signal_to_task_context
                0x0000299c       0x3c C:\Program Files (x86)\Cypress\PSoC Creator\4.0\PSoC Creator\psoc\content\cycomponentlibrary\CyComponentLibrary.cylib\BLE_v2_30\Library\gccCyBLEStack_BLE_SOC_PERIPHERAL.a(mint_os_task.o)

i.OS_task_mgmt_init
                0x000029d8       0x50
 i.OS_task_mgmt_init
                0x000029d8       0x50 C:\Program Files (x86)\Cypress\PSoC Creator\4.0\PSoC Creator\psoc\content\cycomponentlibrary\CyComponentLibrary.cylib\BLE_v2_30\Library\gccCyBLEStack_BLE_SOC_PERIPHERAL.a(mint_os_task.o)
                0x000029d8                OS_task_mgmt_init

i.mint_buf_mgmt_allocate_buffer
                0x00002a28       0x4c
 i.mint_buf_mgmt_allocate_buffer
                0x00002a28       0x4c C:\Program Files (x86)\Cypress\PSoC Creator\4.0\PSoC Creator\psoc\content\cycomponentlibrary\CyComponentLibrary.cylib\BLE_v2_30\Library\gccCyBLEStack_BLE_SOC_PERIPHERAL.a(mint_buf_mgmt.o)
                0x00002a28                mint_buf_mgmt_allocate_buffer

i.mint_buf_mgmt_create_pool
                0x00002a74       0xd0
 i.mint_buf_mgmt_create_pool
                0x00002a74       0xd0 C:\Program Files (x86)\Cypress\PSoC Creator\4.0\PSoC Creator\psoc\content\cycomponentlibrary\CyComponentLibrary.cylib\BLE_v2_30\Library\gccCyBLEStack_BLE_SOC_PERIPHERAL.a(mint_buf_mgmt.o)
                0x00002a74                mint_buf_mgmt_create_pool

i.mint_buf_mgmt_free_buffer
                0x00002b44       0xa4
 i.mint_buf_mgmt_free_buffer
                0x00002b44       0xa4 C:\Program Files (x86)\Cypress\PSoC Creator\4.0\PSoC Creator\psoc\content\cycomponentlibrary\CyComponentLibrary.cylib\BLE_v2_30\Library\gccCyBLEStack_BLE_SOC_PERIPHERAL.a(mint_buf_mgmt.o)
                0x00002b44                mint_buf_mgmt_free_buffer

i.mint_buf_mgmt_init
                0x00002be8       0x44
 i.mint_buf_mgmt_init
                0x00002be8       0x44 C:\Program Files (x86)\Cypress\PSoC Creator\4.0\PSoC Creator\psoc\content\cycomponentlibrary\CyComponentLibrary.cylib\BLE_v2_30\Library\gccCyBLEStack_BLE_SOC_PERIPHERAL.a(mint_buf_mgmt.o)
                0x00002be8                mint_buf_mgmt_init

i.mint_buf_mgmt_malloc
                0x00002c2c       0x2c
 i.mint_buf_mgmt_malloc
                0x00002c2c       0x2c C:\Program Files (x86)\Cypress\PSoC Creator\4.0\PSoC Creator\psoc\content\cycomponentlibrary\CyComponentLibrary.cylib\BLE_v2_30\Library\gccCyBLEStack_BLE_SOC_PERIPHERAL.a(mint_buf_mgmt.o)
                0x00002c2c                mint_buf_mgmt_malloc

i.mint_buf_mgmt_pl_init
                0x00002c58       0x48
 i.mint_buf_mgmt_pl_init
                0x00002c58       0x48 C:\Program Files (x86)\Cypress\PSoC Creator\4.0\PSoC Creator\psoc\content\cycomponentlibrary\CyComponentLibrary.cylib\BLE_v2_30\Library\gccCyBLEStack_BLE_SOC_PERIPHERAL.a(mint_buf_mgmt.o)
                0x00002c58                mint_buf_mgmt_pl_init

i.mint_buf_mgmt_reset_pool
                0x00002ca0       0x70
 i.mint_buf_mgmt_reset_pool
                0x00002ca0       0x70 C:\Program Files (x86)\Cypress\PSoC Creator\4.0\PSoC Creator\psoc\content\cycomponentlibrary\CyComponentLibrary.cylib\BLE_v2_30\Library\gccCyBLEStack_BLE_SOC_PERIPHERAL.a(mint_buf_mgmt.o)
                0x00002ca0                mint_buf_mgmt_reset_pool

i.mint_buf_mgmt_stack_init
                0x00002d10       0x24
 i.mint_buf_mgmt_stack_init
                0x00002d10       0x24 C:\Program Files (x86)\Cypress\PSoC Creator\4.0\PSoC Creator\psoc\content\cycomponentlibrary\CyComponentLibrary.cylib\BLE_v2_30\Library\gccCyBLEStack_BLE_SOC_PERIPHERAL.a(mint_buf_mgmt.o)
                0x00002d10                mint_buf_mgmt_stack_init

i.mint_buf_mgmt_stack_pop
                0x00002d34       0x36
 i.mint_buf_mgmt_stack_pop
                0x00002d34       0x36 C:\Program Files (x86)\Cypress\PSoC Creator\4.0\PSoC Creator\psoc\content\cycomponentlibrary\CyComponentLibrary.cylib\BLE_v2_30\Library\gccCyBLEStack_BLE_SOC_PERIPHERAL.a(mint_buf_mgmt.o)
                0x00002d34                mint_buf_mgmt_stack_pop

i.mint_buf_mgmt_stack_push
                0x00002d6a       0x36
 i.mint_buf_mgmt_stack_push
                0x00002d6a       0x36 C:\Program Files (x86)\Cypress\PSoC Creator\4.0\PSoC Creator\psoc\content\cycomponentlibrary\CyComponentLibrary.cylib\BLE_v2_30\Library\gccCyBLEStack_BLE_SOC_PERIPHERAL.a(mint_buf_mgmt.o)
                0x00002d6a                mint_buf_mgmt_stack_push

i.mint_buf_mgmt_stack_reset
                0x00002da0       0x1e
 i.mint_buf_mgmt_stack_reset
                0x00002da0       0x1e C:\Program Files (x86)\Cypress\PSoC Creator\4.0\PSoC Creator\psoc\content\cycomponentlibrary\CyComponentLibrary.cylib\BLE_v2_30\Library\gccCyBLEStack_BLE_SOC_PERIPHERAL.a(mint_buf_mgmt.o)
                0x00002da0                mint_buf_mgmt_stack_reset

i.mint_buf_mgmt_stack_search_item
                0x00002dbe       0x30
 i.mint_buf_mgmt_stack_search_item
                0x00002dbe       0x30 C:\Program Files (x86)\Cypress\PSoC Creator\4.0\PSoC Creator\psoc\content\cycomponentlibrary\CyComponentLibrary.cylib\BLE_v2_30\Library\gccCyBLEStack_BLE_SOC_PERIPHERAL.a(mint_buf_mgmt.o)
                0x00002dbe                mint_buf_mgmt_stack_search_item

i.CyBleControllerIP_GetPingState
                0x00002df0        0xc
 i.CyBleControllerIP_GetPingState
                0x00002df0        0xc C:\Program Files (x86)\Cypress\PSoC Creator\4.0\PSoC Creator\psoc\content\cycomponentlibrary\CyComponentLibrary.cylib\BLE_v2_30\Library\gccCyBLEStack_BLE_SOC_PERIPHERAL.a(CyBleControllerIP_Interface.o)
                0x00002df0                CyBleControllerIP_GetPingState

i.CyBleController_AddDeviceToWhiteList
                0x00002dfc       0x40
 i.CyBleController_AddDeviceToWhiteList
                0x00002dfc       0x40 C:\Program Files (x86)\Cypress\PSoC Creator\4.0\PSoC Creator\psoc\content\cycomponentlibrary\CyComponentLibrary.cylib\BLE_v2_30\Library\gccCyBLEStack_BLE_SOC_PERIPHERAL.a(CyBleControllerIP_Interface.o)
                0x00002dfc                CyBleController_AddDeviceToWhiteList

i.CyBleController_EnterLowPowerMode
                0x00002e3c       0x2c
 i.CyBleController_EnterLowPowerMode
                0x00002e3c       0x2c C:\Program Files (x86)\Cypress\PSoC Creator\4.0\PSoC Creator\psoc\content\cycomponentlibrary\CyComponentLibrary.cylib\BLE_v2_30\Library\gccCyBLEStack_BLE_SOC_PERIPHERAL.a(CyBleControllerIP_Interface.o)
                0x00002e3c                CyBleController_EnterLowPowerMode

i.CyBleController_ExitLowPowerMode
                0x00002e68       0x10
 i.CyBleController_ExitLowPowerMode
                0x00002e68       0x10 C:\Program Files (x86)\Cypress\PSoC Creator\4.0\PSoC Creator\psoc\content\cycomponentlibrary\CyComponentLibrary.cylib\BLE_v2_30\Library\gccCyBLEStack_BLE_SOC_PERIPHERAL.a(CyBleControllerIP_Interface.o)
                0x00002e68                CyBleController_ExitLowPowerMode

i.CyBleController_Init
                0x00002e78       0x32
 i.CyBleController_Init
                0x00002e78       0x32 C:\Program Files (x86)\Cypress\PSoC Creator\4.0\PSoC Creator\psoc\content\cycomponentlibrary\CyComponentLibrary.cylib\BLE_v2_30\Library\gccCyBLEStack_BLE_SOC_PERIPHERAL.a(CyBleControllerIP_Interface.o)
                0x00002e78                CyBleController_Init

i.CyBleController_SetDeviceAddress
                0x00002eaa       0x2e
 i.CyBleController_SetDeviceAddress
                0x00002eaa       0x2e C:\Program Files (x86)\Cypress\PSoC Creator\4.0\PSoC Creator\psoc\content\cycomponentlibrary\CyComponentLibrary.cylib\BLE_v2_30\Library\gccCyBLEStack_BLE_SOC_PERIPHERAL.a(CyBleControllerIP_Interface.o)
                0x00002eaa                CyBleController_SetDeviceAddress

i.CyBle_GetTxPowerLevel
                0x00002ed8       0x4e
 i.CyBle_GetTxPowerLevel
                0x00002ed8       0x4e C:\Program Files (x86)\Cypress\PSoC Creator\4.0\PSoC Creator\psoc\content\cycomponentlibrary\CyComponentLibrary.cylib\BLE_v2_30\Library\gccCyBLEStack_BLE_SOC_PERIPHERAL.a(CyBleControllerIP_Interface.o)
                0x00002ed8                CyBle_GetTxPowerLevel

i.CyBle_SetTxPowerLevel
                0x00002f26       0x56
 i.CyBle_SetTxPowerLevel
                0x00002f26       0x56 C:\Program Files (x86)\Cypress\PSoC Creator\4.0\PSoC Creator\psoc\content\cycomponentlibrary\CyComponentLibrary.cylib\BLE_v2_30\Library\gccCyBLEStack_BLE_SOC_PERIPHERAL.a(CyBleControllerIP_Interface.o)
                0x00002f26                CyBle_SetTxPowerLevel

i.ll_check_and_mark_packet_ready_for_transmission
                0x00002f7c       0x28
 i.ll_check_and_mark_packet_ready_for_transmission
                0x00002f7c       0x28 C:\Program Files (x86)\Cypress\PSoC Creator\4.0\PSoC Creator\psoc\content\cycomponentlibrary\CyComponentLibrary.cylib\BLE_v2_30\Library\gccCyBLEStack_BLE_SOC_PERIPHERAL.a(ll.o)
                0x00002f7c                ll_check_and_mark_packet_ready_for_transmission

i.ll_cleanup_pending_data_pdu
                0x00002fa4       0x38
 i.ll_cleanup_pending_data_pdu
                0x00002fa4       0x38 C:\Program Files (x86)\Cypress\PSoC Creator\4.0\PSoC Creator\psoc\content\cycomponentlibrary\CyComponentLibrary.cylib\BLE_v2_30\Library\gccCyBLEStack_BLE_SOC_PERIPHERAL.a(ll.o)
                0x00002fa4                ll_cleanup_pending_data_pdu

i.ll_enter_dsm_mode
                0x00002fdc      0x1a4
 i.ll_enter_dsm_mode
                0x00002fdc      0x1a4 C:\Program Files (x86)\Cypress\PSoC Creator\4.0\PSoC Creator\psoc\content\cycomponentlibrary\CyComponentLibrary.cylib\BLE_v2_30\Library\gccCyBLEStack_BLE_SOC_PERIPHERAL.a(ll.o)
                0x00002fdc                ll_enter_dsm_mode

i.ll_enter_hibernate_mode
                0x00003180       0x28
 i.ll_enter_hibernate_mode
                0x00003180       0x28 C:\Program Files (x86)\Cypress\PSoC Creator\4.0\PSoC Creator\psoc\content\cycomponentlibrary\CyComponentLibrary.cylib\BLE_v2_30\Library\gccCyBLEStack_BLE_SOC_PERIPHERAL.a(ll.o)
                0x00003180                ll_enter_hibernate_mode

i.ll_enter_sm_mode
                0x000031a8       0x60
 i.ll_enter_sm_mode
                0x000031a8       0x60 C:\Program Files (x86)\Cypress\PSoC Creator\4.0\PSoC Creator\psoc\content\cycomponentlibrary\CyComponentLibrary.cylib\BLE_v2_30\Library\gccCyBLEStack_BLE_SOC_PERIPHERAL.a(ll.o)
                0x000031a8                ll_enter_sm_mode

i.ll_exit_low_power_mode
                0x00003208       0xac
 i.ll_exit_low_power_mode
                0x00003208       0xac C:\Program Files (x86)\Cypress\PSoC Creator\4.0\PSoC Creator\psoc\content\cycomponentlibrary\CyComponentLibrary.cylib\BLE_v2_30\Library\gccCyBLEStack_BLE_SOC_PERIPHERAL.a(ll.o)
                0x00003208                ll_exit_low_power_mode

i.ll_get_ack_status
                0x000032b4       0x3c
 i.ll_get_ack_status
                0x000032b4       0x3c C:\Program Files (x86)\Cypress\PSoC Creator\4.0\PSoC Creator\psoc\content\cycomponentlibrary\CyComponentLibrary.cylib\BLE_v2_30\Library\gccCyBLEStack_BLE_SOC_PERIPHERAL.a(ll.o)
                0x000032b4                ll_get_ack_status

i.ll_get_ack_status_for_all_connections
                0x000032f0       0x34
 i.ll_get_ack_status_for_all_connections
                0x000032f0       0x34 C:\Program Files (x86)\Cypress\PSoC Creator\4.0\PSoC Creator\psoc\content\cycomponentlibrary\CyComponentLibrary.cylib\BLE_v2_30\Library\gccCyBLEStack_BLE_SOC_PERIPHERAL.a(ll.o)
                0x000032f0                ll_get_ack_status_for_all_connections

i.ll_get_adv_ch_tx_power
                0x00003324       0x20
 i.ll_get_adv_ch_tx_power
                0x00003324       0x20 C:\Program Files (x86)\Cypress\PSoC Creator\4.0\PSoC Creator\psoc\content\cycomponentlibrary\CyComponentLibrary.cylib\BLE_v2_30\Library\gccCyBLEStack_BLE_SOC_PERIPHERAL.a(ll.o)
                0x00003324                ll_get_adv_ch_tx_power

i.ll_get_data_channel_map
                0x00003344       0x24
 i.ll_get_data_channel_map
                0x00003344       0x24 C:\Program Files (x86)\Cypress\PSoC Creator\4.0\PSoC Creator\psoc\content\cycomponentlibrary\CyComponentLibrary.cylib\BLE_v2_30\Library\gccCyBLEStack_BLE_SOC_PERIPHERAL.a(ll.o)
                0x00003344                ll_get_data_channel_map

i.ll_get_max_white_list_size
                0x00003368        0xc
 i.ll_get_max_white_list_size
                0x00003368        0xc C:\Program Files (x86)\Cypress\PSoC Creator\4.0\PSoC Creator\psoc\content\cycomponentlibrary\CyComponentLibrary.cylib\BLE_v2_30\Library\gccCyBLEStack_BLE_SOC_PERIPHERAL.a(ll.o)
                0x00003368                ll_get_max_white_list_size

i.ll_get_my_role
                0x00003374        0xc
 i.ll_get_my_role
                0x00003374        0xc C:\Program Files (x86)\Cypress\PSoC Creator\4.0\PSoC Creator\psoc\content\cycomponentlibrary\CyComponentLibrary.cylib\BLE_v2_30\Library\gccCyBLEStack_BLE_SOC_PERIPHERAL.a(ll.o)
                0x00003374                ll_get_my_role

i.ll_get_next_available_fifo_for_data_pdu
                0x00003380        0x8
 i.ll_get_next_available_fifo_for_data_pdu
                0x00003380        0x8 C:\Program Files (x86)\Cypress\PSoC Creator\4.0\PSoC Creator\psoc\content\cycomponentlibrary\CyComponentLibrary.cylib\BLE_v2_30\Library\gccCyBLEStack_BLE_SOC_PERIPHERAL.a(ll.o)
                0x00003380                ll_get_next_available_fifo_for_data_pdu

i.ll_get_next_available_fifo_for_ll_pdu
                0x00003388       0x24
 i.ll_get_next_available_fifo_for_ll_pdu
                0x00003388       0x24 C:\Program Files (x86)\Cypress\PSoC Creator\4.0\PSoC Creator\psoc\content\cycomponentlibrary\CyComponentLibrary.cylib\BLE_v2_30\Library\gccCyBLEStack_BLE_SOC_PERIPHERAL.a(ll.o)
                0x00003388                ll_get_next_available_fifo_for_ll_pdu

i.ll_get_rssi_value
                0x000033ac       0x26
 i.ll_get_rssi_value
                0x000033ac       0x26 C:\Program Files (x86)\Cypress\PSoC Creator\4.0\PSoC Creator\psoc\content\cycomponentlibrary\CyComponentLibrary.cylib\BLE_v2_30\Library\gccCyBLEStack_BLE_SOC_PERIPHERAL.a(ll.o)
                0x000033ac                ll_get_rssi_value

i.ll_get_transmit_power_level
                0x000033d4       0x2c
 i.ll_get_transmit_power_level
                0x000033d4       0x2c C:\Program Files (x86)\Cypress\PSoC Creator\4.0\PSoC Creator\psoc\content\cycomponentlibrary\CyComponentLibrary.cylib\BLE_v2_30\Library\gccCyBLEStack_BLE_SOC_PERIPHERAL.a(ll.o)
                0x000033d4                ll_get_transmit_power_level

i.ll_handle_ack_received
                0x00003400       0x74
 i.ll_handle_ack_received
                0x00003400       0x74 C:\Program Files (x86)\Cypress\PSoC Creator\4.0\PSoC Creator\psoc\content\cycomponentlibrary\CyComponentLibrary.cylib\BLE_v2_30\Library\gccCyBLEStack_BLE_SOC_PERIPHERAL.a(ll.o)
                0x00003400                ll_handle_ack_received

i.ll_handle_add_device_in_whitelist
                0x00003474       0x3a
 i.ll_handle_add_device_in_whitelist
                0x00003474       0x3a C:\Program Files (x86)\Cypress\PSoC Creator\4.0\PSoC Creator\psoc\content\cycomponentlibrary\CyComponentLibrary.cylib\BLE_v2_30\Library\gccCyBLEStack_BLE_SOC_PERIPHERAL.a(ll.o)
                0x00003474                ll_handle_add_device_in_whitelist

i.ll_handle_clear_whitelist
                0x000034ae       0x16
 i.ll_handle_clear_whitelist
                0x000034ae       0x16 C:\Program Files (x86)\Cypress\PSoC Creator\4.0\PSoC Creator\psoc\content\cycomponentlibrary\CyComponentLibrary.cylib\BLE_v2_30\Library\gccCyBLEStack_BLE_SOC_PERIPHERAL.a(ll.o)
                0x000034ae                ll_handle_clear_whitelist

i.ll_handle_encrypt_host_data
                0x000034c4       0x36
 i.ll_handle_encrypt_host_data
                0x000034c4       0x36 C:\Program Files (x86)\Cypress\PSoC Creator\4.0\PSoC Creator\psoc\content\cycomponentlibrary\CyComponentLibrary.cylib\BLE_v2_30\Library\gccCyBLEStack_BLE_SOC_PERIPHERAL.a(ll.o)
                0x000034c4                ll_handle_encrypt_host_data

i.ll_handle_host_data_packet
                0x000034fa       0x54
 i.ll_handle_host_data_packet
                0x000034fa       0x54 C:\Program Files (x86)\Cypress\PSoC Creator\4.0\PSoC Creator\psoc\content\cycomponentlibrary\CyComponentLibrary.cylib\BLE_v2_30\Library\gccCyBLEStack_BLE_SOC_PERIPHERAL.a(ll.o)
                0x000034fa                ll_handle_host_data_packet

i.ll_handle_read_host_channel_map
                0x0000354e        0x4
 i.ll_handle_read_host_channel_map
                0x0000354e        0x4 C:\Program Files (x86)\Cypress\PSoC Creator\4.0\PSoC Creator\psoc\content\cycomponentlibrary\CyComponentLibrary.cylib\BLE_v2_30\Library\gccCyBLEStack_BLE_SOC_PERIPHERAL.a(ll.o)
                0x0000354e                ll_handle_read_host_channel_map

i.ll_handle_remove_device_in_whitelist
                0x00003552       0x2a
 i.ll_handle_remove_device_in_whitelist
                0x00003552       0x2a C:\Program Files (x86)\Cypress\PSoC Creator\4.0\PSoC Creator\psoc\content\cycomponentlibrary\CyComponentLibrary.cylib\BLE_v2_30\Library\gccCyBLEStack_BLE_SOC_PERIPHERAL.a(ll.o)
                0x00003552                ll_handle_remove_device_in_whitelist

i.ll_handle_reset
                0x0000357c        0xe
 i.ll_handle_reset
                0x0000357c        0xe C:\Program Files (x86)\Cypress\PSoC Creator\4.0\PSoC Creator\psoc\content\cycomponentlibrary\CyComponentLibrary.cylib\BLE_v2_30\Library\gccCyBLEStack_BLE_SOC_PERIPHERAL.a(ll.o)
                0x0000357c                ll_handle_reset

i.ll_handle_set_random_address
                0x0000358a       0x36
 i.ll_handle_set_random_address
                0x0000358a       0x36 C:\Program Files (x86)\Cypress\PSoC Creator\4.0\PSoC Creator\psoc\content\cycomponentlibrary\CyComponentLibrary.cylib\BLE_v2_30\Library\gccCyBLEStack_BLE_SOC_PERIPHERAL.a(ll.o)
                0x0000358a                ll_handle_set_random_address

i.ll_init       0x000035c0       0x18
 i.ll_init      0x000035c0       0x18 C:\Program Files (x86)\Cypress\PSoC Creator\4.0\PSoC Creator\psoc\content\cycomponentlibrary\CyComponentLibrary.cylib\BLE_v2_30\Library\gccCyBLEStack_BLE_SOC_PERIPHERAL.a(ll.o)
                0x000035c0                ll_init

i.ll_initialize_device_attributes
                0x000035d8       0x4c
 i.ll_initialize_device_attributes
                0x000035d8       0x4c C:\Program Files (x86)\Cypress\PSoC Creator\4.0\PSoC Creator\psoc\content\cycomponentlibrary\CyComponentLibrary.cylib\BLE_v2_30\Library\gccCyBLEStack_BLE_SOC_PERIPHERAL.a(ll.o)
                0x000035d8                ll_initialize_device_attributes

i.ll_is_pkt_pending
                0x00003624       0x2a
 i.ll_is_pkt_pending
                0x00003624       0x2a C:\Program Files (x86)\Cypress\PSoC Creator\4.0\PSoC Creator\psoc\content\cycomponentlibrary\CyComponentLibrary.cylib\BLE_v2_30\Library\gccCyBLEStack_BLE_SOC_PERIPHERAL.a(ll.o)
                0x00003624                ll_is_pkt_pending

i.ll_is_sent_pkt_pending
                0x0000364e       0x1a
 i.ll_is_sent_pkt_pending
                0x0000364e       0x1a C:\Program Files (x86)\Cypress\PSoC Creator\4.0\PSoC Creator\psoc\content\cycomponentlibrary\CyComponentLibrary.cylib\BLE_v2_30\Library\gccCyBLEStack_BLE_SOC_PERIPHERAL.a(ll.o)
                0x0000364e                ll_is_sent_pkt_pending

i.ll_isr_exit_low_power_mode
                0x00003668       0x16
 i.ll_isr_exit_low_power_mode
                0x00003668       0x16 C:\Program Files (x86)\Cypress\PSoC Creator\4.0\PSoC Creator\psoc\content\cycomponentlibrary\CyComponentLibrary.cylib\BLE_v2_30\Library\gccCyBLEStack_BLE_SOC_PERIPHERAL.a(ll.o)
                0x00003668                ll_isr_exit_low_power_mode

i.ll_load_host_data_packet
                0x0000367e       0x4a
 i.ll_load_host_data_packet
                0x0000367e       0x4a C:\Program Files (x86)\Cypress\PSoC Creator\4.0\PSoC Creator\psoc\content\cycomponentlibrary\CyComponentLibrary.cylib\BLE_v2_30\Library\gccCyBLEStack_BLE_SOC_PERIPHERAL.a(ll.o)
                0x0000367e                ll_load_host_data_packet

i.ll_load_packet_to_fifo
                0x000036c8       0x6e
 i.ll_load_packet_to_fifo
                0x000036c8       0x6e C:\Program Files (x86)\Cypress\PSoC Creator\4.0\PSoC Creator\psoc\content\cycomponentlibrary\CyComponentLibrary.cylib\BLE_v2_30\Library\gccCyBLEStack_BLE_SOC_PERIPHERAL.a(ll.o)
                0x000036c8                ll_load_packet_to_fifo

i.ll_process_acks
                0x00003736       0x3c
 i.ll_process_acks
                0x00003736       0x3c C:\Program Files (x86)\Cypress\PSoC Creator\4.0\PSoC Creator\psoc\content\cycomponentlibrary\CyComponentLibrary.cylib\BLE_v2_30\Library\gccCyBLEStack_BLE_SOC_PERIPHERAL.a(ll.o)
                0x00003736                ll_process_acks

i.ll_reset      0x00003772       0x12
 i.ll_reset     0x00003772       0x12 C:\Program Files (x86)\Cypress\PSoC Creator\4.0\PSoC Creator\psoc\content\cycomponentlibrary\CyComponentLibrary.cylib\BLE_v2_30\Library\gccCyBLEStack_BLE_SOC_PERIPHERAL.a(ll.o)
                0x00003772                ll_reset

i.ll_update_active_features
                0x00003784       0x58
 i.ll_update_active_features
                0x00003784       0x58 C:\Program Files (x86)\Cypress\PSoC Creator\4.0\PSoC Creator\psoc\content\cycomponentlibrary\CyComponentLibrary.cylib\BLE_v2_30\Library\gccCyBLEStack_BLE_SOC_PERIPHERAL.a(ll.o)
                0x00003784                ll_update_active_features

i.ll_update_device_fsm
                0x000037dc        0x8
 i.ll_update_device_fsm
                0x000037dc        0x8 C:\Program Files (x86)\Cypress\PSoC Creator\4.0\PSoC Creator\psoc\content\cycomponentlibrary\CyComponentLibrary.cylib\BLE_v2_30\Library\gccCyBLEStack_BLE_SOC_PERIPHERAL.a(ll.o)
                0x000037dc                ll_update_device_fsm

i.pf_le_start_timer
                0x000037e4       0x16
 i.pf_le_start_timer
                0x000037e4       0x16 C:\Program Files (x86)\Cypress\PSoC Creator\4.0\PSoC Creator\psoc\content\cycomponentlibrary\CyComponentLibrary.cylib\BLE_v2_30\Library\gccCyBLEStack_BLE_SOC_PERIPHERAL.a(ll.o)
                0x000037e4                pf_le_start_timer

i.pf_le_stop_timer
                0x000037fa       0x12
 i.pf_le_stop_timer
                0x000037fa       0x12 C:\Program Files (x86)\Cypress\PSoC Creator\4.0\PSoC Creator\psoc\content\cycomponentlibrary\CyComponentLibrary.cylib\BLE_v2_30\Library\gccCyBLEStack_BLE_SOC_PERIPHERAL.a(ll.o)
                0x000037fa                pf_le_stop_timer

i.CyBleControllerIP_TuneAdvEventInterPktSlots
                0x0000380c       0x44
 i.CyBleControllerIP_TuneAdvEventInterPktSlots
                0x0000380c       0x44 C:\Program Files (x86)\Cypress\PSoC Creator\4.0\PSoC Creator\psoc\content\cycomponentlibrary\CyComponentLibrary.cylib\BLE_v2_30\Library\gccCyBLEStack_BLE_SOC_PERIPHERAL.a(ll_advertiser.o)
                0x0000380c                CyBleControllerIP_TuneAdvEventInterPktSlots

i.ll_adv_is_configured_connection_adv
                0x00003850       0x1e
 i.ll_adv_is_configured_connection_adv
                0x00003850       0x1e C:\Program Files (x86)\Cypress\PSoC Creator\4.0\PSoC Creator\psoc\content\cycomponentlibrary\CyComponentLibrary.cylib\BLE_v2_30\Library\gccCyBLEStack_BLE_SOC_PERIPHERAL.a(ll_advertiser.o)
                0x00003850                ll_adv_is_configured_connection_adv

i.ll_check_random_address_in_use_by_advertiser
                0x0000386e       0x10
 i.ll_check_random_address_in_use_by_advertiser
                0x0000386e       0x10 C:\Program Files (x86)\Cypress\PSoC Creator\4.0\PSoC Creator\psoc\content\cycomponentlibrary\CyComponentLibrary.cylib\BLE_v2_30\Library\gccCyBLEStack_BLE_SOC_PERIPHERAL.a(ll_advertiser.o)
                0x0000386e                ll_check_random_address_in_use_by_advertiser

i.ll_check_whitelist_in_use_by_advertiser
                0x0000387e       0x10
 i.ll_check_whitelist_in_use_by_advertiser
                0x0000387e       0x10 C:\Program Files (x86)\Cypress\PSoC Creator\4.0\PSoC Creator\psoc\content\cycomponentlibrary\CyComponentLibrary.cylib\BLE_v2_30\Library\gccCyBLEStack_BLE_SOC_PERIPHERAL.a(ll_advertiser.o)
                0x0000387e                ll_check_whitelist_in_use_by_advertiser

i.ll_get_adv_status
                0x0000388e        0xc
 i.ll_get_adv_status
                0x0000388e        0xc C:\Program Files (x86)\Cypress\PSoC Creator\4.0\PSoC Creator\psoc\content\cycomponentlibrary\CyComponentLibrary.cylib\BLE_v2_30\Library\gccCyBLEStack_BLE_SOC_PERIPHERAL.a(ll_advertiser.o)
                0x0000388e                ll_get_adv_status

i.ll_get_adv_type
                0x0000389a       0x16
 i.ll_get_adv_type
                0x0000389a       0x16 C:\Program Files (x86)\Cypress\PSoC Creator\4.0\PSoC Creator\psoc\content\cycomponentlibrary\CyComponentLibrary.cylib\BLE_v2_30\Library\gccCyBLEStack_BLE_SOC_PERIPHERAL.a(ll_advertiser.o)
                0x0000389a                ll_get_adv_type

i.ll_handle_adv_intr
                0x000038b0       0x50
 i.ll_handle_adv_intr
                0x000038b0       0x50 C:\Program Files (x86)\Cypress\PSoC Creator\4.0\PSoC Creator\psoc\content\cycomponentlibrary\CyComponentLibrary.cylib\BLE_v2_30\Library\gccCyBLEStack_BLE_SOC_PERIPHERAL.a(ll_advertiser.o)
                0x000038b0                ll_handle_adv_intr

i.ll_handle_set_adv_data
                0x00003900       0x14
 i.ll_handle_set_adv_data
                0x00003900       0x14 C:\Program Files (x86)\Cypress\PSoC Creator\4.0\PSoC Creator\psoc\content\cycomponentlibrary\CyComponentLibrary.cylib\BLE_v2_30\Library\gccCyBLEStack_BLE_SOC_PERIPHERAL.a(ll_advertiser.o)
                0x00003900                ll_handle_set_adv_data

i.ll_handle_set_adv_parameters
                0x00003914       0x84
 i.ll_handle_set_adv_parameters
                0x00003914       0x84 C:\Program Files (x86)\Cypress\PSoC Creator\4.0\PSoC Creator\psoc\content\cycomponentlibrary\CyComponentLibrary.cylib\BLE_v2_30\Library\gccCyBLEStack_BLE_SOC_PERIPHERAL.a(ll_advertiser.o)
                0x00003914                ll_handle_set_adv_parameters

i.ll_handle_set_advertise_enable
                0x00003998       0x78
 i.ll_handle_set_advertise_enable
                0x00003998       0x78 C:\Program Files (x86)\Cypress\PSoC Creator\4.0\PSoC Creator\psoc\content\cycomponentlibrary\CyComponentLibrary.cylib\BLE_v2_30\Library\gccCyBLEStack_BLE_SOC_PERIPHERAL.a(ll_advertiser.o)
                0x00003998                ll_handle_set_advertise_enable

i.ll_handle_set_scan_resp_data
                0x00003a10       0x14
 i.ll_handle_set_scan_resp_data
                0x00003a10       0x14 C:\Program Files (x86)\Cypress\PSoC Creator\4.0\PSoC Creator\psoc\content\cycomponentlibrary\CyComponentLibrary.cylib\BLE_v2_30\Library\gccCyBLEStack_BLE_SOC_PERIPHERAL.a(ll_advertiser.o)
                0x00003a10                ll_handle_set_scan_resp_data

i.ll_init_advertiser
                0x00003a24       0x68
 i.ll_init_advertiser
                0x00003a24       0x68 C:\Program Files (x86)\Cypress\PSoC Creator\4.0\PSoC Creator\psoc\content\cycomponentlibrary\CyComponentLibrary.cylib\BLE_v2_30\Library\gccCyBLEStack_BLE_SOC_PERIPHERAL.a(ll_advertiser.o)
                0x00003a24                ll_init_advertiser

i.is_le_connection_handle
                0x00003a8c       0x28
 i.is_le_connection_handle
                0x00003a8c       0x28 C:\Program Files (x86)\Cypress\PSoC Creator\4.0\PSoC Creator\psoc\content\cycomponentlibrary\CyComponentLibrary.cylib\BLE_v2_30\Library\gccCyBLEStack_BLE_SOC_PERIPHERAL.a(ll_connection.o)
                0x00003a8c                is_le_connection_handle

i.le_assign_connection_handle
                0x00003ab4       0x28
 i.le_assign_connection_handle
                0x00003ab4       0x28 C:\Program Files (x86)\Cypress\PSoC Creator\4.0\PSoC Creator\psoc\content\cycomponentlibrary\CyComponentLibrary.cylib\BLE_v2_30\Library\gccCyBLEStack_BLE_SOC_PERIPHERAL.a(ll_connection.o)
                0x00003ab4                le_assign_connection_handle

i.le_get_connection_index
                0x00003adc        0x6
 i.le_get_connection_index
                0x00003adc        0x6 C:\Program Files (x86)\Cypress\PSoC Creator\4.0\PSoC Creator\psoc\content\cycomponentlibrary\CyComponentLibrary.cylib\BLE_v2_30\Library\gccCyBLEStack_BLE_SOC_PERIPHERAL.a(ll_connection.o)
                0x00003adc                le_get_connection_index

i.ll_allocate_connection
                0x00003ae4       0x44
 i.ll_allocate_connection
                0x00003ae4       0x44 C:\Program Files (x86)\Cypress\PSoC Creator\4.0\PSoC Creator\psoc\content\cycomponentlibrary\CyComponentLibrary.cylib\BLE_v2_30\Library\gccCyBLEStack_BLE_SOC_PERIPHERAL.a(ll_connection.o)
                0x00003ae4                ll_allocate_connection

i.ll_calculate_and_program_def_win_widen_drift
                0x00003b28       0x14
 i.ll_calculate_and_program_def_win_widen_drift
                0x00003b28       0x14 C:\Program Files (x86)\Cypress\PSoC Creator\4.0\PSoC Creator\psoc\content\cycomponentlibrary\CyComponentLibrary.cylib\BLE_v2_30\Library\gccCyBLEStack_BLE_SOC_PERIPHERAL.a(ll_connection.o)
                0x00003b28                ll_calculate_and_program_def_win_widen_drift

i.ll_calculate_drift
                0x00003b3c       0x2c
 i.ll_calculate_drift
                0x00003b3c       0x2c C:\Program Files (x86)\Cypress\PSoC Creator\4.0\PSoC Creator\psoc\content\cycomponentlibrary\CyComponentLibrary.cylib\BLE_v2_30\Library\gccCyBLEStack_BLE_SOC_PERIPHERAL.a(ll_connection.o)
                0x00003b3c                ll_calculate_drift

i.ll_check_and_decrypt_ll_pdu
                0x00003b68       0x68
 i.ll_check_and_decrypt_ll_pdu
                0x00003b68       0x68 C:\Program Files (x86)\Cypress\PSoC Creator\4.0\PSoC Creator\psoc\content\cycomponentlibrary\CyComponentLibrary.cylib\BLE_v2_30\Library\gccCyBLEStack_BLE_SOC_PERIPHERAL.a(ll_connection.o)
                0x00003b68                ll_check_and_decrypt_ll_pdu

i.ll_check_and_decrypt_packet
                0x00003bd0       0x6a
 i.ll_check_and_decrypt_packet
                0x00003bd0       0x6a C:\Program Files (x86)\Cypress\PSoC Creator\4.0\PSoC Creator\psoc\content\cycomponentlibrary\CyComponentLibrary.cylib\BLE_v2_30\Library\gccCyBLEStack_BLE_SOC_PERIPHERAL.a(ll_connection.o)
                0x00003bd0                ll_check_and_decrypt_packet

i.ll_check_and_encrypt_ll_pdu
                0x00003c3a       0x72
 i.ll_check_and_encrypt_ll_pdu
                0x00003c3a       0x72 C:\Program Files (x86)\Cypress\PSoC Creator\4.0\PSoC Creator\psoc\content\cycomponentlibrary\CyComponentLibrary.cylib\BLE_v2_30\Library\gccCyBLEStack_BLE_SOC_PERIPHERAL.a(ll_connection.o)
                0x00003c3a                ll_check_and_encrypt_ll_pdu

i.ll_check_and_encrypt_packet
                0x00003cac       0x8a
 i.ll_check_and_encrypt_packet
                0x00003cac       0x8a C:\Program Files (x86)\Cypress\PSoC Creator\4.0\PSoC Creator\psoc\content\cycomponentlibrary\CyComponentLibrary.cylib\BLE_v2_30\Library\gccCyBLEStack_BLE_SOC_PERIPHERAL.a(ll_connection.o)
                0x00003cac                ll_check_and_encrypt_packet

i.ll_check_for_allowing_incoming_connection_update
                0x00003d36       0x42
 i.ll_check_for_allowing_incoming_connection_update
                0x00003d36       0x42 C:\Program Files (x86)\Cypress\PSoC Creator\4.0\PSoC Creator\psoc\content\cycomponentlibrary\CyComponentLibrary.cylib\BLE_v2_30\Library\gccCyBLEStack_BLE_SOC_PERIPHERAL.a(ll_connection.o)
                0x00003d36                ll_check_for_allowing_incoming_connection_update

i.ll_check_if_pdu_is_loaded_to_hardware
                0x00003d78       0x1c
 i.ll_check_if_pdu_is_loaded_to_hardware
                0x00003d78       0x1c C:\Program Files (x86)\Cypress\PSoC Creator\4.0\PSoC Creator\psoc\content\cycomponentlibrary\CyComponentLibrary.cylib\BLE_v2_30\Library\gccCyBLEStack_BLE_SOC_PERIPHERAL.a(ll_connection.o)
                0x00003d78                ll_check_if_pdu_is_loaded_to_hardware

i.ll_check_random_address_in_use_by_initiator
                0x00003d94       0x30
 i.ll_check_random_address_in_use_by_initiator
                0x00003d94       0x30 C:\Program Files (x86)\Cypress\PSoC Creator\4.0\PSoC Creator\psoc\content\cycomponentlibrary\CyComponentLibrary.cylib\BLE_v2_30\Library\gccCyBLEStack_BLE_SOC_PERIPHERAL.a(ll_connection.o)
                0x00003d94                ll_check_random_address_in_use_by_initiator

i.ll_check_white_list_in_use_by_initiator
                0x00003dc4       0x30
 i.ll_check_white_list_in_use_by_initiator
                0x00003dc4       0x30 C:\Program Files (x86)\Cypress\PSoC Creator\4.0\PSoC Creator\psoc\content\cycomponentlibrary\CyComponentLibrary.cylib\BLE_v2_30\Library\gccCyBLEStack_BLE_SOC_PERIPHERAL.a(ll_connection.o)
                0x00003dc4                ll_check_white_list_in_use_by_initiator

i.ll_conn_free_enc_txn_buffer
                0x00003df4       0x16
 i.ll_conn_free_enc_txn_buffer
                0x00003df4       0x16 C:\Program Files (x86)\Cypress\PSoC Creator\4.0\PSoC Creator\psoc\content\cycomponentlibrary\CyComponentLibrary.cylib\BLE_v2_30\Library\gccCyBLEStack_BLE_SOC_PERIPHERAL.a(ll_connection.o)
                0x00003df4                ll_conn_free_enc_txn_buffer

i.ll_conn_fsm_update_channel_state
                0x00003e0a        0x6
 i.ll_conn_fsm_update_channel_state
                0x00003e0a        0x6 C:\Program Files (x86)\Cypress\PSoC Creator\4.0\PSoC Creator\psoc\content\cycomponentlibrary\CyComponentLibrary.cylib\BLE_v2_30\Library\gccCyBLEStack_BLE_SOC_PERIPHERAL.a(ll_connection.o)
                0x00003e0a                ll_conn_fsm_update_channel_state

i.ll_conn_fsm_update_conn_update_state
                0x00003e10        0x6
 i.ll_conn_fsm_update_conn_update_state
                0x00003e10        0x6 C:\Program Files (x86)\Cypress\PSoC Creator\4.0\PSoC Creator\psoc\content\cycomponentlibrary\CyComponentLibrary.cylib\BLE_v2_30\Library\gccCyBLEStack_BLE_SOC_PERIPHERAL.a(ll_connection.o)
                0x00003e10                ll_conn_fsm_update_conn_update_state

i.ll_conn_fsm_update_enc_state
                0x00003e16        0x6
 i.ll_conn_fsm_update_enc_state
                0x00003e16        0x6 C:\Program Files (x86)\Cypress\PSoC Creator\4.0\PSoC Creator\psoc\content\cycomponentlibrary\CyComponentLibrary.cylib\BLE_v2_30\Library\gccCyBLEStack_BLE_SOC_PERIPHERAL.a(ll_connection.o)
                0x00003e16                ll_conn_fsm_update_enc_state

i.ll_conn_fsm_update_state
                0x00003e1c        0x4
 i.ll_conn_fsm_update_state
                0x00003e1c        0x4 C:\Program Files (x86)\Cypress\PSoC Creator\4.0\PSoC Creator\psoc\content\cycomponentlibrary\CyComponentLibrary.cylib\BLE_v2_30\Library\gccCyBLEStack_BLE_SOC_PERIPHERAL.a(ll_connection.o)
                0x00003e1c                ll_conn_fsm_update_state

i.ll_conn_handle_data_pdu_from_host_when_data_paused
                0x00003e20        0x8
 i.ll_conn_handle_data_pdu_from_host_when_data_paused
                0x00003e20        0x8 C:\Program Files (x86)\Cypress\PSoC Creator\4.0\PSoC Creator\psoc\content\cycomponentlibrary\CyComponentLibrary.cylib\BLE_v2_30\Library\gccCyBLEStack_BLE_SOC_PERIPHERAL.a(ll_connection.o)
                0x00003e20                ll_conn_handle_data_pdu_from_host_when_data_paused

i.ll_conn_handle_direct_adv_timeout
                0x00003e28       0x2a
 i.ll_conn_handle_direct_adv_timeout
                0x00003e28       0x2a C:\Program Files (x86)\Cypress\PSoC Creator\4.0\PSoC Creator\psoc\content\cycomponentlibrary\CyComponentLibrary.cylib\BLE_v2_30\Library\gccCyBLEStack_BLE_SOC_PERIPHERAL.a(ll_connection.o)
                0x00003e28                ll_conn_handle_direct_adv_timeout

i.ll_conn_handle_ping_timer_expired_interrupt
                0x00003e54       0x1c
 i.ll_conn_handle_ping_timer_expired_interrupt
                0x00003e54       0x1c C:\Program Files (x86)\Cypress\PSoC Creator\4.0\PSoC Creator\psoc\content\cycomponentlibrary\CyComponentLibrary.cylib\BLE_v2_30\Library\gccCyBLEStack_BLE_SOC_PERIPHERAL.a(ll_connection.o)
                0x00003e54                ll_conn_handle_ping_timer_expired_interrupt

i.ll_conn_handle_ping_timer_nearly_expired_interrupt
                0x00003e70       0x20
 i.ll_conn_handle_ping_timer_nearly_expired_interrupt
                0x00003e70       0x20 C:\Program Files (x86)\Cypress\PSoC Creator\4.0\PSoC Creator\psoc\content\cycomponentlibrary\CyComponentLibrary.cylib\BLE_v2_30\Library\gccCyBLEStack_BLE_SOC_PERIPHERAL.a(ll_connection.o)
                0x00003e70                ll_conn_handle_ping_timer_nearly_expired_interrupt

i.ll_conn_handle_stop_connectable_adv
                0x00003e90       0x12
 i.ll_conn_handle_stop_connectable_adv
                0x00003e90       0x12 C:\Program Files (x86)\Cypress\PSoC Creator\4.0\PSoC Creator\psoc\content\cycomponentlibrary\CyComponentLibrary.cylib\BLE_v2_30\Library\gccCyBLEStack_BLE_SOC_PERIPHERAL.a(ll_connection.o)
                0x00003e90                ll_conn_handle_stop_connectable_adv

i.ll_conn_process_pending_transactions
                0x00003ea2        0x4
 i.ll_conn_process_pending_transactions
                0x00003ea2        0x4 C:\Program Files (x86)\Cypress\PSoC Creator\4.0\PSoC Creator\psoc\content\cycomponentlibrary\CyComponentLibrary.cylib\BLE_v2_30\Library\gccCyBLEStack_BLE_SOC_PERIPHERAL.a(ll_connection.o)
                0x00003ea2                ll_conn_process_pending_transactions

i.ll_conn_program_authenticated_payload_timer
                0x00003ea8       0x50
 i.ll_conn_program_authenticated_payload_timer
                0x00003ea8       0x50 C:\Program Files (x86)\Cypress\PSoC Creator\4.0\PSoC Creator\psoc\content\cycomponentlibrary\CyComponentLibrary.cylib\BLE_v2_30\Library\gccCyBLEStack_BLE_SOC_PERIPHERAL.a(ll_connection.o)
                0x00003ea8                ll_conn_program_authenticated_payload_timer

i.ll_conn_read_data_pdu_from_hardware
                0x00003ef8       0x14
 i.ll_conn_read_data_pdu_from_hardware
                0x00003ef8       0x14 C:\Program Files (x86)\Cypress\PSoC Creator\4.0\PSoC Creator\psoc\content\cycomponentlibrary\CyComponentLibrary.cylib\BLE_v2_30\Library\gccCyBLEStack_BLE_SOC_PERIPHERAL.a(ll_connection.o)
                0x00003ef8                ll_conn_read_data_pdu_from_hardware

i.ll_conn_send_ping_req_pdu
                0x00003f0c       0x40
 i.ll_conn_send_ping_req_pdu